[2025-10-19T16:20:44.051+0000] {processor.py:161} INFO - Started process (PID=177) to work on /opt/airflow/dags/clustering_dag.py
[2025-10-19T16:20:44.053+0000] {processor.py:830} INFO - Processing file /opt/airflow/dags/clustering_dag.py for tasks to queue
[2025-10-19T16:20:44.056+0000] {logging_mixin.py:188} INFO - [2025-10-19T16:20:44.056+0000] {dagbag.py:545} INFO - Filling up the DagBag from /opt/airflow/dags/clustering_dag.py
[2025-10-19T16:20:47.582+0000] {processor.py:840} INFO - DAG(s) 'customer_clustering_pipeline' retrieved from /opt/airflow/dags/clustering_dag.py
[2025-10-19T16:20:47.860+0000] {logging_mixin.py:188} INFO - [2025-10-19T16:20:47.859+0000] {override.py:1829} INFO - Created Permission View: can delete on DAG:customer_clustering_pipeline
[2025-10-19T16:20:47.868+0000] {logging_mixin.py:188} INFO - [2025-10-19T16:20:47.868+0000] {override.py:1829} INFO - Created Permission View: can read on DAG:customer_clustering_pipeline
[2025-10-19T16:20:47.872+0000] {logging_mixin.py:188} INFO - [2025-10-19T16:20:47.871+0000] {override.py:1829} INFO - Created Permission View: can edit on DAG:customer_clustering_pipeline
[2025-10-19T16:20:47.872+0000] {logging_mixin.py:188} INFO - [2025-10-19T16:20:47.872+0000] {dag.py:3096} INFO - Sync 1 DAGs
[2025-10-19T16:20:47.881+0000] {logging_mixin.py:188} INFO - [2025-10-19T16:20:47.880+0000] {dag.py:3118} INFO - Creating ORM DAG for customer_clustering_pipeline
[2025-10-19T16:20:47.882+0000] {logging_mixin.py:188} INFO - [2025-10-19T16:20:47.882+0000] {dag.py:3954} INFO - Setting next_dagrun for customer_clustering_pipeline to None, run_after=None
[2025-10-19T16:20:47.899+0000] {processor.py:183} INFO - Processing /opt/airflow/dags/clustering_dag.py took 3.855 seconds
[2025-10-19T16:21:18.227+0000] {processor.py:161} INFO - Started process (PID=202) to work on /opt/airflow/dags/clustering_dag.py
[2025-10-19T16:21:18.229+0000] {processor.py:830} INFO - Processing file /opt/airflow/dags/clustering_dag.py for tasks to queue
[2025-10-19T16:21:18.232+0000] {logging_mixin.py:188} INFO - [2025-10-19T16:21:18.231+0000] {dagbag.py:545} INFO - Filling up the DagBag from /opt/airflow/dags/clustering_dag.py
[2025-10-19T16:21:19.644+0000] {processor.py:840} INFO - DAG(s) 'customer_clustering_pipeline' retrieved from /opt/airflow/dags/clustering_dag.py
[2025-10-19T16:21:19.674+0000] {logging_mixin.py:188} INFO - [2025-10-19T16:21:19.674+0000] {dag.py:3096} INFO - Sync 1 DAGs
[2025-10-19T16:21:19.686+0000] {logging_mixin.py:188} INFO - [2025-10-19T16:21:19.686+0000] {dag.py:3954} INFO - Setting next_dagrun for customer_clustering_pipeline to None, run_after=None
[2025-10-19T16:21:19.699+0000] {processor.py:183} INFO - Processing /opt/airflow/dags/clustering_dag.py took 1.480 seconds
[2025-10-19T16:21:50.036+0000] {processor.py:161} INFO - Started process (PID=221) to work on /opt/airflow/dags/clustering_dag.py
[2025-10-19T16:21:50.039+0000] {processor.py:830} INFO - Processing file /opt/airflow/dags/clustering_dag.py for tasks to queue
[2025-10-19T16:21:50.044+0000] {logging_mixin.py:188} INFO - [2025-10-19T16:21:50.043+0000] {dagbag.py:545} INFO - Filling up the DagBag from /opt/airflow/dags/clustering_dag.py
[2025-10-19T16:21:51.351+0000] {processor.py:840} INFO - DAG(s) 'customer_clustering_pipeline' retrieved from /opt/airflow/dags/clustering_dag.py
[2025-10-19T16:21:51.393+0000] {logging_mixin.py:188} INFO - [2025-10-19T16:21:51.392+0000] {dag.py:3096} INFO - Sync 1 DAGs
[2025-10-19T16:21:51.409+0000] {logging_mixin.py:188} INFO - [2025-10-19T16:21:51.409+0000] {dag.py:3954} INFO - Setting next_dagrun for customer_clustering_pipeline to None, run_after=None
[2025-10-19T16:21:51.433+0000] {processor.py:183} INFO - Processing /opt/airflow/dags/clustering_dag.py took 1.408 seconds
[2025-10-19T16:22:21.755+0000] {processor.py:161} INFO - Started process (PID=240) to work on /opt/airflow/dags/clustering_dag.py
[2025-10-19T16:22:21.757+0000] {processor.py:830} INFO - Processing file /opt/airflow/dags/clustering_dag.py for tasks to queue
[2025-10-19T16:22:21.760+0000] {logging_mixin.py:188} INFO - [2025-10-19T16:22:21.760+0000] {dagbag.py:545} INFO - Filling up the DagBag from /opt/airflow/dags/clustering_dag.py
[2025-10-19T16:22:23.720+0000] {processor.py:840} INFO - DAG(s) 'customer_clustering_pipeline' retrieved from /opt/airflow/dags/clustering_dag.py
[2025-10-19T16:22:23.798+0000] {logging_mixin.py:188} INFO - [2025-10-19T16:22:23.797+0000] {dag.py:3096} INFO - Sync 1 DAGs
[2025-10-19T16:22:23.817+0000] {logging_mixin.py:188} INFO - [2025-10-19T16:22:23.817+0000] {dag.py:3954} INFO - Setting next_dagrun for customer_clustering_pipeline to None, run_after=None
[2025-10-19T16:22:23.841+0000] {processor.py:183} INFO - Processing /opt/airflow/dags/clustering_dag.py took 2.095 seconds
[2025-10-19T16:22:54.105+0000] {processor.py:161} INFO - Started process (PID=269) to work on /opt/airflow/dags/clustering_dag.py
[2025-10-19T16:22:54.108+0000] {processor.py:830} INFO - Processing file /opt/airflow/dags/clustering_dag.py for tasks to queue
[2025-10-19T16:22:54.115+0000] {logging_mixin.py:188} INFO - [2025-10-19T16:22:54.114+0000] {dagbag.py:545} INFO - Filling up the DagBag from /opt/airflow/dags/clustering_dag.py
[2025-10-19T16:22:55.176+0000] {processor.py:840} INFO - DAG(s) 'customer_clustering_pipeline' retrieved from /opt/airflow/dags/clustering_dag.py
[2025-10-19T16:22:55.203+0000] {logging_mixin.py:188} INFO - [2025-10-19T16:22:55.203+0000] {dag.py:3096} INFO - Sync 1 DAGs
[2025-10-19T16:22:55.211+0000] {logging_mixin.py:188} INFO - [2025-10-19T16:22:55.211+0000] {dag.py:3954} INFO - Setting next_dagrun for customer_clustering_pipeline to None, run_after=None
[2025-10-19T16:22:55.224+0000] {processor.py:183} INFO - Processing /opt/airflow/dags/clustering_dag.py took 1.128 seconds
[2025-10-19T16:23:25.359+0000] {processor.py:161} INFO - Started process (PID=288) to work on /opt/airflow/dags/clustering_dag.py
[2025-10-19T16:23:25.361+0000] {processor.py:830} INFO - Processing file /opt/airflow/dags/clustering_dag.py for tasks to queue
[2025-10-19T16:23:25.364+0000] {logging_mixin.py:188} INFO - [2025-10-19T16:23:25.363+0000] {dagbag.py:545} INFO - Filling up the DagBag from /opt/airflow/dags/clustering_dag.py
[2025-10-19T16:23:26.692+0000] {processor.py:840} INFO - DAG(s) 'customer_clustering_pipeline' retrieved from /opt/airflow/dags/clustering_dag.py
[2025-10-19T16:23:26.717+0000] {logging_mixin.py:188} INFO - [2025-10-19T16:23:26.716+0000] {dag.py:3096} INFO - Sync 1 DAGs
[2025-10-19T16:23:26.726+0000] {logging_mixin.py:188} INFO - [2025-10-19T16:23:26.726+0000] {dag.py:3954} INFO - Setting next_dagrun for customer_clustering_pipeline to None, run_after=None
[2025-10-19T16:23:26.738+0000] {processor.py:183} INFO - Processing /opt/airflow/dags/clustering_dag.py took 1.388 seconds
[2025-10-19T16:23:56.819+0000] {processor.py:161} INFO - Started process (PID=306) to work on /opt/airflow/dags/clustering_dag.py
[2025-10-19T16:23:56.821+0000] {processor.py:830} INFO - Processing file /opt/airflow/dags/clustering_dag.py for tasks to queue
[2025-10-19T16:23:56.824+0000] {logging_mixin.py:188} INFO - [2025-10-19T16:23:56.823+0000] {dagbag.py:545} INFO - Filling up the DagBag from /opt/airflow/dags/clustering_dag.py
[2025-10-19T16:23:57.870+0000] {processor.py:840} INFO - DAG(s) 'customer_clustering_pipeline' retrieved from /opt/airflow/dags/clustering_dag.py
[2025-10-19T16:23:57.890+0000] {logging_mixin.py:188} INFO - [2025-10-19T16:23:57.890+0000] {dag.py:3096} INFO - Sync 1 DAGs
[2025-10-19T16:23:57.898+0000] {logging_mixin.py:188} INFO - [2025-10-19T16:23:57.898+0000] {dag.py:3954} INFO - Setting next_dagrun for customer_clustering_pipeline to None, run_after=None
[2025-10-19T16:23:57.912+0000] {processor.py:183} INFO - Processing /opt/airflow/dags/clustering_dag.py took 1.105 seconds
[2025-10-19T16:24:28.106+0000] {processor.py:161} INFO - Started process (PID=335) to work on /opt/airflow/dags/clustering_dag.py
[2025-10-19T16:24:28.107+0000] {processor.py:830} INFO - Processing file /opt/airflow/dags/clustering_dag.py for tasks to queue
[2025-10-19T16:24:28.110+0000] {logging_mixin.py:188} INFO - [2025-10-19T16:24:28.110+0000] {dagbag.py:545} INFO - Filling up the DagBag from /opt/airflow/dags/clustering_dag.py
[2025-10-19T16:24:29.343+0000] {processor.py:840} INFO - DAG(s) 'customer_clustering_pipeline' retrieved from /opt/airflow/dags/clustering_dag.py
[2025-10-19T16:24:29.379+0000] {logging_mixin.py:188} INFO - [2025-10-19T16:24:29.379+0000] {dag.py:3096} INFO - Sync 1 DAGs
[2025-10-19T16:24:29.398+0000] {logging_mixin.py:188} INFO - [2025-10-19T16:24:29.398+0000] {dag.py:3954} INFO - Setting next_dagrun for customer_clustering_pipeline to None, run_after=None
[2025-10-19T16:24:29.413+0000] {processor.py:183} INFO - Processing /opt/airflow/dags/clustering_dag.py took 1.316 seconds
[2025-10-19T16:24:59.740+0000] {processor.py:161} INFO - Started process (PID=354) to work on /opt/airflow/dags/clustering_dag.py
[2025-10-19T16:24:59.743+0000] {processor.py:830} INFO - Processing file /opt/airflow/dags/clustering_dag.py for tasks to queue
[2025-10-19T16:24:59.748+0000] {logging_mixin.py:188} INFO - [2025-10-19T16:24:59.747+0000] {dagbag.py:545} INFO - Filling up the DagBag from /opt/airflow/dags/clustering_dag.py
[2025-10-19T16:25:00.923+0000] {processor.py:840} INFO - DAG(s) 'customer_clustering_pipeline' retrieved from /opt/airflow/dags/clustering_dag.py
[2025-10-19T16:25:00.946+0000] {logging_mixin.py:188} INFO - [2025-10-19T16:25:00.946+0000] {dag.py:3096} INFO - Sync 1 DAGs
[2025-10-19T16:25:00.955+0000] {logging_mixin.py:188} INFO - [2025-10-19T16:25:00.954+0000] {dag.py:3954} INFO - Setting next_dagrun for customer_clustering_pipeline to None, run_after=None
[2025-10-19T16:25:00.965+0000] {processor.py:183} INFO - Processing /opt/airflow/dags/clustering_dag.py took 1.239 seconds
[2025-10-19T16:25:31.096+0000] {processor.py:161} INFO - Started process (PID=373) to work on /opt/airflow/dags/clustering_dag.py
[2025-10-19T16:25:31.100+0000] {processor.py:830} INFO - Processing file /opt/airflow/dags/clustering_dag.py for tasks to queue
[2025-10-19T16:25:31.104+0000] {logging_mixin.py:188} INFO - [2025-10-19T16:25:31.103+0000] {dagbag.py:545} INFO - Filling up the DagBag from /opt/airflow/dags/clustering_dag.py
[2025-10-19T16:25:32.148+0000] {processor.py:840} INFO - DAG(s) 'customer_clustering_pipeline' retrieved from /opt/airflow/dags/clustering_dag.py
[2025-10-19T16:25:32.173+0000] {logging_mixin.py:188} INFO - [2025-10-19T16:25:32.173+0000] {dag.py:3096} INFO - Sync 1 DAGs
[2025-10-19T16:25:32.180+0000] {logging_mixin.py:188} INFO - [2025-10-19T16:25:32.180+0000] {dag.py:3954} INFO - Setting next_dagrun for customer_clustering_pipeline to None, run_after=None
[2025-10-19T16:25:32.191+0000] {processor.py:183} INFO - Processing /opt/airflow/dags/clustering_dag.py took 1.112 seconds
[2025-10-19T16:26:02.491+0000] {processor.py:161} INFO - Started process (PID=392) to work on /opt/airflow/dags/clustering_dag.py
[2025-10-19T16:26:02.494+0000] {processor.py:830} INFO - Processing file /opt/airflow/dags/clustering_dag.py for tasks to queue
[2025-10-19T16:26:02.498+0000] {logging_mixin.py:188} INFO - [2025-10-19T16:26:02.497+0000] {dagbag.py:545} INFO - Filling up the DagBag from /opt/airflow/dags/clustering_dag.py
[2025-10-19T16:26:03.707+0000] {processor.py:840} INFO - DAG(s) 'customer_clustering_pipeline' retrieved from /opt/airflow/dags/clustering_dag.py
[2025-10-19T16:26:03.740+0000] {logging_mixin.py:188} INFO - [2025-10-19T16:26:03.739+0000] {dag.py:3096} INFO - Sync 1 DAGs
[2025-10-19T16:26:03.749+0000] {logging_mixin.py:188} INFO - [2025-10-19T16:26:03.749+0000] {dag.py:3954} INFO - Setting next_dagrun for customer_clustering_pipeline to None, run_after=None
[2025-10-19T16:26:03.761+0000] {processor.py:183} INFO - Processing /opt/airflow/dags/clustering_dag.py took 1.285 seconds
[2025-10-19T16:26:33.820+0000] {processor.py:161} INFO - Started process (PID=411) to work on /opt/airflow/dags/clustering_dag.py
[2025-10-19T16:26:33.821+0000] {processor.py:830} INFO - Processing file /opt/airflow/dags/clustering_dag.py for tasks to queue
[2025-10-19T16:26:33.824+0000] {logging_mixin.py:188} INFO - [2025-10-19T16:26:33.823+0000] {dagbag.py:545} INFO - Filling up the DagBag from /opt/airflow/dags/clustering_dag.py
[2025-10-19T16:26:34.818+0000] {processor.py:840} INFO - DAG(s) 'customer_clustering_pipeline' retrieved from /opt/airflow/dags/clustering_dag.py
[2025-10-19T16:26:34.842+0000] {logging_mixin.py:188} INFO - [2025-10-19T16:26:34.842+0000] {dag.py:3096} INFO - Sync 1 DAGs
[2025-10-19T16:26:34.851+0000] {logging_mixin.py:188} INFO - [2025-10-19T16:26:34.851+0000] {dag.py:3954} INFO - Setting next_dagrun for customer_clustering_pipeline to None, run_after=None
[2025-10-19T16:26:34.862+0000] {processor.py:183} INFO - Processing /opt/airflow/dags/clustering_dag.py took 1.055 seconds
[2025-10-19T16:27:05.195+0000] {processor.py:161} INFO - Started process (PID=430) to work on /opt/airflow/dags/clustering_dag.py
[2025-10-19T16:27:05.198+0000] {processor.py:830} INFO - Processing file /opt/airflow/dags/clustering_dag.py for tasks to queue
[2025-10-19T16:27:05.202+0000] {logging_mixin.py:188} INFO - [2025-10-19T16:27:05.201+0000] {dagbag.py:545} INFO - Filling up the DagBag from /opt/airflow/dags/clustering_dag.py
[2025-10-19T16:27:06.407+0000] {processor.py:840} INFO - DAG(s) 'customer_clustering_pipeline' retrieved from /opt/airflow/dags/clustering_dag.py
[2025-10-19T16:27:06.429+0000] {logging_mixin.py:188} INFO - [2025-10-19T16:27:06.429+0000] {dag.py:3096} INFO - Sync 1 DAGs
[2025-10-19T16:27:06.437+0000] {logging_mixin.py:188} INFO - [2025-10-19T16:27:06.437+0000] {dag.py:3954} INFO - Setting next_dagrun for customer_clustering_pipeline to None, run_after=None
[2025-10-19T16:27:06.448+0000] {processor.py:183} INFO - Processing /opt/airflow/dags/clustering_dag.py took 1.269 seconds
[2025-10-19T16:27:36.788+0000] {processor.py:161} INFO - Started process (PID=449) to work on /opt/airflow/dags/clustering_dag.py
[2025-10-19T16:27:36.790+0000] {processor.py:830} INFO - Processing file /opt/airflow/dags/clustering_dag.py for tasks to queue
[2025-10-19T16:27:36.796+0000] {logging_mixin.py:188} INFO - [2025-10-19T16:27:36.795+0000] {dagbag.py:545} INFO - Filling up the DagBag from /opt/airflow/dags/clustering_dag.py
[2025-10-19T16:27:37.961+0000] {processor.py:840} INFO - DAG(s) 'customer_clustering_pipeline' retrieved from /opt/airflow/dags/clustering_dag.py
[2025-10-19T16:27:38.008+0000] {logging_mixin.py:188} INFO - [2025-10-19T16:27:38.008+0000] {dag.py:3096} INFO - Sync 1 DAGs
[2025-10-19T16:27:38.019+0000] {logging_mixin.py:188} INFO - [2025-10-19T16:27:38.018+0000] {dag.py:3954} INFO - Setting next_dagrun for customer_clustering_pipeline to None, run_after=None
[2025-10-19T16:27:38.034+0000] {processor.py:183} INFO - Processing /opt/airflow/dags/clustering_dag.py took 1.257 seconds
[2025-10-19T16:28:08.143+0000] {processor.py:161} INFO - Started process (PID=478) to work on /opt/airflow/dags/clustering_dag.py
[2025-10-19T16:28:08.151+0000] {processor.py:830} INFO - Processing file /opt/airflow/dags/clustering_dag.py for tasks to queue
[2025-10-19T16:28:08.154+0000] {logging_mixin.py:188} INFO - [2025-10-19T16:28:08.154+0000] {dagbag.py:545} INFO - Filling up the DagBag from /opt/airflow/dags/clustering_dag.py
[2025-10-19T16:28:09.234+0000] {processor.py:840} INFO - DAG(s) 'customer_clustering_pipeline' retrieved from /opt/airflow/dags/clustering_dag.py
[2025-10-19T16:28:09.265+0000] {logging_mixin.py:188} INFO - [2025-10-19T16:28:09.265+0000] {dag.py:3096} INFO - Sync 1 DAGs
[2025-10-19T16:28:09.279+0000] {logging_mixin.py:188} INFO - [2025-10-19T16:28:09.279+0000] {dag.py:3954} INFO - Setting next_dagrun for customer_clustering_pipeline to None, run_after=None
[2025-10-19T16:28:09.294+0000] {processor.py:183} INFO - Processing /opt/airflow/dags/clustering_dag.py took 1.160 seconds
[2025-10-19T16:28:39.633+0000] {processor.py:161} INFO - Started process (PID=497) to work on /opt/airflow/dags/clustering_dag.py
[2025-10-19T16:28:39.636+0000] {processor.py:830} INFO - Processing file /opt/airflow/dags/clustering_dag.py for tasks to queue
[2025-10-19T16:28:39.639+0000] {logging_mixin.py:188} INFO - [2025-10-19T16:28:39.638+0000] {dagbag.py:545} INFO - Filling up the DagBag from /opt/airflow/dags/clustering_dag.py
[2025-10-19T16:28:40.661+0000] {processor.py:840} INFO - DAG(s) 'customer_clustering_pipeline' retrieved from /opt/airflow/dags/clustering_dag.py
[2025-10-19T16:28:40.696+0000] {logging_mixin.py:188} INFO - [2025-10-19T16:28:40.696+0000] {dag.py:3096} INFO - Sync 1 DAGs
[2025-10-19T16:28:40.706+0000] {logging_mixin.py:188} INFO - [2025-10-19T16:28:40.706+0000] {dag.py:3954} INFO - Setting next_dagrun for customer_clustering_pipeline to None, run_after=None
[2025-10-19T16:28:40.722+0000] {processor.py:183} INFO - Processing /opt/airflow/dags/clustering_dag.py took 1.096 seconds
[2025-10-19T16:29:11.063+0000] {processor.py:161} INFO - Started process (PID=516) to work on /opt/airflow/dags/clustering_dag.py
[2025-10-19T16:29:11.066+0000] {processor.py:830} INFO - Processing file /opt/airflow/dags/clustering_dag.py for tasks to queue
[2025-10-19T16:29:11.073+0000] {logging_mixin.py:188} INFO - [2025-10-19T16:29:11.072+0000] {dagbag.py:545} INFO - Filling up the DagBag from /opt/airflow/dags/clustering_dag.py
[2025-10-19T16:29:12.429+0000] {processor.py:840} INFO - DAG(s) 'customer_clustering_pipeline' retrieved from /opt/airflow/dags/clustering_dag.py
[2025-10-19T16:29:12.461+0000] {logging_mixin.py:188} INFO - [2025-10-19T16:29:12.461+0000] {dag.py:3096} INFO - Sync 1 DAGs
[2025-10-19T16:29:12.469+0000] {logging_mixin.py:188} INFO - [2025-10-19T16:29:12.469+0000] {dag.py:3954} INFO - Setting next_dagrun for customer_clustering_pipeline to None, run_after=None
[2025-10-19T16:29:12.480+0000] {processor.py:183} INFO - Processing /opt/airflow/dags/clustering_dag.py took 1.434 seconds
[2025-10-19T16:29:42.796+0000] {processor.py:161} INFO - Started process (PID=545) to work on /opt/airflow/dags/clustering_dag.py
[2025-10-19T16:29:42.798+0000] {processor.py:830} INFO - Processing file /opt/airflow/dags/clustering_dag.py for tasks to queue
[2025-10-19T16:29:42.803+0000] {logging_mixin.py:188} INFO - [2025-10-19T16:29:42.800+0000] {dagbag.py:545} INFO - Filling up the DagBag from /opt/airflow/dags/clustering_dag.py
[2025-10-19T16:29:43.813+0000] {processor.py:840} INFO - DAG(s) 'customer_clustering_pipeline' retrieved from /opt/airflow/dags/clustering_dag.py
[2025-10-19T16:29:43.836+0000] {logging_mixin.py:188} INFO - [2025-10-19T16:29:43.836+0000] {dag.py:3096} INFO - Sync 1 DAGs
[2025-10-19T16:29:43.844+0000] {logging_mixin.py:188} INFO - [2025-10-19T16:29:43.844+0000] {dag.py:3954} INFO - Setting next_dagrun for customer_clustering_pipeline to None, run_after=None
[2025-10-19T16:29:43.855+0000] {processor.py:183} INFO - Processing /opt/airflow/dags/clustering_dag.py took 1.069 seconds
[2025-10-19T16:30:14.200+0000] {processor.py:161} INFO - Started process (PID=564) to work on /opt/airflow/dags/clustering_dag.py
[2025-10-19T16:30:14.203+0000] {processor.py:830} INFO - Processing file /opt/airflow/dags/clustering_dag.py for tasks to queue
[2025-10-19T16:30:14.207+0000] {logging_mixin.py:188} INFO - [2025-10-19T16:30:14.206+0000] {dagbag.py:545} INFO - Filling up the DagBag from /opt/airflow/dags/clustering_dag.py
[2025-10-19T16:30:15.198+0000] {processor.py:840} INFO - DAG(s) 'customer_clustering_pipeline' retrieved from /opt/airflow/dags/clustering_dag.py
[2025-10-19T16:30:15.226+0000] {logging_mixin.py:188} INFO - [2025-10-19T16:30:15.225+0000] {dag.py:3096} INFO - Sync 1 DAGs
[2025-10-19T16:30:15.234+0000] {logging_mixin.py:188} INFO - [2025-10-19T16:30:15.234+0000] {dag.py:3954} INFO - Setting next_dagrun for customer_clustering_pipeline to None, run_after=None
[2025-10-19T16:30:15.246+0000] {processor.py:183} INFO - Processing /opt/airflow/dags/clustering_dag.py took 1.057 seconds
[2025-10-19T16:30:45.543+0000] {processor.py:161} INFO - Started process (PID=583) to work on /opt/airflow/dags/clustering_dag.py
[2025-10-19T16:30:45.544+0000] {processor.py:830} INFO - Processing file /opt/airflow/dags/clustering_dag.py for tasks to queue
[2025-10-19T16:30:45.547+0000] {logging_mixin.py:188} INFO - [2025-10-19T16:30:45.547+0000] {dagbag.py:545} INFO - Filling up the DagBag from /opt/airflow/dags/clustering_dag.py
[2025-10-19T16:30:46.698+0000] {processor.py:840} INFO - DAG(s) 'customer_clustering_pipeline' retrieved from /opt/airflow/dags/clustering_dag.py
[2025-10-19T16:30:46.724+0000] {logging_mixin.py:188} INFO - [2025-10-19T16:30:46.723+0000] {dag.py:3096} INFO - Sync 1 DAGs
[2025-10-19T16:30:46.735+0000] {logging_mixin.py:188} INFO - [2025-10-19T16:30:46.735+0000] {dag.py:3954} INFO - Setting next_dagrun for customer_clustering_pipeline to None, run_after=None
[2025-10-19T16:30:46.747+0000] {processor.py:183} INFO - Processing /opt/airflow/dags/clustering_dag.py took 1.213 seconds
[2025-10-19T16:31:16.901+0000] {processor.py:161} INFO - Started process (PID=602) to work on /opt/airflow/dags/clustering_dag.py
[2025-10-19T16:31:16.904+0000] {processor.py:830} INFO - Processing file /opt/airflow/dags/clustering_dag.py for tasks to queue
[2025-10-19T16:31:16.913+0000] {logging_mixin.py:188} INFO - [2025-10-19T16:31:16.912+0000] {dagbag.py:545} INFO - Filling up the DagBag from /opt/airflow/dags/clustering_dag.py
[2025-10-19T16:31:18.000+0000] {processor.py:840} INFO - DAG(s) 'customer_clustering_pipeline' retrieved from /opt/airflow/dags/clustering_dag.py
[2025-10-19T16:31:18.040+0000] {logging_mixin.py:188} INFO - [2025-10-19T16:31:18.039+0000] {dag.py:3096} INFO - Sync 1 DAGs
[2025-10-19T16:31:18.050+0000] {logging_mixin.py:188} INFO - [2025-10-19T16:31:18.050+0000] {dag.py:3954} INFO - Setting next_dagrun for customer_clustering_pipeline to None, run_after=None
[2025-10-19T16:31:18.062+0000] {processor.py:183} INFO - Processing /opt/airflow/dags/clustering_dag.py took 1.174 seconds
[2025-10-19T16:31:48.331+0000] {processor.py:161} INFO - Started process (PID=621) to work on /opt/airflow/dags/clustering_dag.py
[2025-10-19T16:31:48.332+0000] {processor.py:830} INFO - Processing file /opt/airflow/dags/clustering_dag.py for tasks to queue
[2025-10-19T16:31:48.335+0000] {logging_mixin.py:188} INFO - [2025-10-19T16:31:48.335+0000] {dagbag.py:545} INFO - Filling up the DagBag from /opt/airflow/dags/clustering_dag.py
[2025-10-19T16:31:49.388+0000] {processor.py:840} INFO - DAG(s) 'customer_clustering_pipeline' retrieved from /opt/airflow/dags/clustering_dag.py
[2025-10-19T16:31:49.411+0000] {logging_mixin.py:188} INFO - [2025-10-19T16:31:49.410+0000] {dag.py:3096} INFO - Sync 1 DAGs
[2025-10-19T16:31:49.418+0000] {logging_mixin.py:188} INFO - [2025-10-19T16:31:49.418+0000] {dag.py:3954} INFO - Setting next_dagrun for customer_clustering_pipeline to None, run_after=None
[2025-10-19T16:31:49.431+0000] {processor.py:183} INFO - Processing /opt/airflow/dags/clustering_dag.py took 1.109 seconds
[2025-10-19T16:32:19.636+0000] {processor.py:161} INFO - Started process (PID=646) to work on /opt/airflow/dags/clustering_dag.py
[2025-10-19T16:32:19.640+0000] {processor.py:830} INFO - Processing file /opt/airflow/dags/clustering_dag.py for tasks to queue
[2025-10-19T16:32:19.644+0000] {logging_mixin.py:188} INFO - [2025-10-19T16:32:19.643+0000] {dagbag.py:545} INFO - Filling up the DagBag from /opt/airflow/dags/clustering_dag.py
[2025-10-19T16:32:20.637+0000] {processor.py:840} INFO - DAG(s) 'customer_clustering_pipeline' retrieved from /opt/airflow/dags/clustering_dag.py
[2025-10-19T16:32:20.660+0000] {logging_mixin.py:188} INFO - [2025-10-19T16:32:20.660+0000] {dag.py:3096} INFO - Sync 1 DAGs
[2025-10-19T16:32:20.668+0000] {logging_mixin.py:188} INFO - [2025-10-19T16:32:20.668+0000] {dag.py:3954} INFO - Setting next_dagrun for customer_clustering_pipeline to None, run_after=None
[2025-10-19T16:32:20.680+0000] {processor.py:183} INFO - Processing /opt/airflow/dags/clustering_dag.py took 1.052 seconds
[2025-10-19T16:32:51.071+0000] {processor.py:161} INFO - Started process (PID=665) to work on /opt/airflow/dags/clustering_dag.py
[2025-10-19T16:32:51.072+0000] {processor.py:830} INFO - Processing file /opt/airflow/dags/clustering_dag.py for tasks to queue
[2025-10-19T16:32:51.075+0000] {logging_mixin.py:188} INFO - [2025-10-19T16:32:51.074+0000] {dagbag.py:545} INFO - Filling up the DagBag from /opt/airflow/dags/clustering_dag.py
[2025-10-19T16:32:52.390+0000] {processor.py:840} INFO - DAG(s) 'customer_clustering_pipeline' retrieved from /opt/airflow/dags/clustering_dag.py
[2025-10-19T16:32:52.432+0000] {logging_mixin.py:188} INFO - [2025-10-19T16:32:52.431+0000] {dag.py:3096} INFO - Sync 1 DAGs
[2025-10-19T16:32:52.441+0000] {logging_mixin.py:188} INFO - [2025-10-19T16:32:52.441+0000] {dag.py:3954} INFO - Setting next_dagrun for customer_clustering_pipeline to None, run_after=None
[2025-10-19T16:32:52.453+0000] {processor.py:183} INFO - Processing /opt/airflow/dags/clustering_dag.py took 1.391 seconds
[2025-10-19T16:33:22.835+0000] {processor.py:161} INFO - Started process (PID=685) to work on /opt/airflow/dags/clustering_dag.py
[2025-10-19T16:33:22.838+0000] {processor.py:830} INFO - Processing file /opt/airflow/dags/clustering_dag.py for tasks to queue
[2025-10-19T16:33:22.845+0000] {logging_mixin.py:188} INFO - [2025-10-19T16:33:22.844+0000] {dagbag.py:545} INFO - Filling up the DagBag from /opt/airflow/dags/clustering_dag.py
[2025-10-19T16:33:23.852+0000] {processor.py:840} INFO - DAG(s) 'customer_clustering_pipeline' retrieved from /opt/airflow/dags/clustering_dag.py
[2025-10-19T16:33:23.879+0000] {logging_mixin.py:188} INFO - [2025-10-19T16:33:23.878+0000] {dag.py:3096} INFO - Sync 1 DAGs
[2025-10-19T16:33:23.890+0000] {logging_mixin.py:188} INFO - [2025-10-19T16:33:23.890+0000] {dag.py:3954} INFO - Setting next_dagrun for customer_clustering_pipeline to None, run_after=None
[2025-10-19T16:33:23.900+0000] {processor.py:183} INFO - Processing /opt/airflow/dags/clustering_dag.py took 1.075 seconds
[2025-10-19T16:33:54.193+0000] {processor.py:161} INFO - Started process (PID=704) to work on /opt/airflow/dags/clustering_dag.py
[2025-10-19T16:33:54.194+0000] {processor.py:830} INFO - Processing file /opt/airflow/dags/clustering_dag.py for tasks to queue
[2025-10-19T16:33:54.203+0000] {logging_mixin.py:188} INFO - [2025-10-19T16:33:54.200+0000] {dagbag.py:545} INFO - Filling up the DagBag from /opt/airflow/dags/clustering_dag.py
[2025-10-19T16:33:55.252+0000] {processor.py:840} INFO - DAG(s) 'customer_clustering_pipeline' retrieved from /opt/airflow/dags/clustering_dag.py
[2025-10-19T16:33:55.278+0000] {logging_mixin.py:188} INFO - [2025-10-19T16:33:55.277+0000] {dag.py:3096} INFO - Sync 1 DAGs
[2025-10-19T16:33:55.287+0000] {logging_mixin.py:188} INFO - [2025-10-19T16:33:55.287+0000] {dag.py:3954} INFO - Setting next_dagrun for customer_clustering_pipeline to None, run_after=None
[2025-10-19T16:33:55.305+0000] {processor.py:183} INFO - Processing /opt/airflow/dags/clustering_dag.py took 1.121 seconds
[2025-10-19T16:34:32.226+0000] {processor.py:161} INFO - Started process (PID=169) to work on /opt/airflow/dags/clustering_dag.py
[2025-10-19T16:34:32.230+0000] {processor.py:830} INFO - Processing file /opt/airflow/dags/clustering_dag.py for tasks to queue
[2025-10-19T16:34:32.234+0000] {logging_mixin.py:188} INFO - [2025-10-19T16:34:32.234+0000] {dagbag.py:545} INFO - Filling up the DagBag from /opt/airflow/dags/clustering_dag.py
[2025-10-19T16:34:33.147+0000] {processor.py:840} INFO - DAG(s) 'customer_clustering_pipeline' retrieved from /opt/airflow/dags/clustering_dag.py
[2025-10-19T16:34:33.183+0000] {logging_mixin.py:188} INFO - [2025-10-19T16:34:33.183+0000] {dag.py:3096} INFO - Sync 1 DAGs
[2025-10-19T16:34:33.193+0000] {logging_mixin.py:188} INFO - [2025-10-19T16:34:33.193+0000] {dag.py:3954} INFO - Setting next_dagrun for customer_clustering_pipeline to None, run_after=None
[2025-10-19T16:34:33.203+0000] {processor.py:183} INFO - Processing /opt/airflow/dags/clustering_dag.py took 0.983 seconds
[2025-10-19T16:35:03.591+0000] {processor.py:161} INFO - Started process (PID=188) to work on /opt/airflow/dags/clustering_dag.py
[2025-10-19T16:35:03.592+0000] {processor.py:830} INFO - Processing file /opt/airflow/dags/clustering_dag.py for tasks to queue
[2025-10-19T16:35:03.595+0000] {logging_mixin.py:188} INFO - [2025-10-19T16:35:03.595+0000] {dagbag.py:545} INFO - Filling up the DagBag from /opt/airflow/dags/clustering_dag.py
[2025-10-19T16:35:04.859+0000] {processor.py:840} INFO - DAG(s) 'customer_clustering_pipeline' retrieved from /opt/airflow/dags/clustering_dag.py
[2025-10-19T16:35:04.893+0000] {logging_mixin.py:188} INFO - [2025-10-19T16:35:04.893+0000] {dag.py:3096} INFO - Sync 1 DAGs
[2025-10-19T16:35:04.902+0000] {logging_mixin.py:188} INFO - [2025-10-19T16:35:04.901+0000] {dag.py:3954} INFO - Setting next_dagrun for customer_clustering_pipeline to None, run_after=None
[2025-10-19T16:35:04.914+0000] {processor.py:183} INFO - Processing /opt/airflow/dags/clustering_dag.py took 1.342 seconds
[2025-10-19T16:35:35.163+0000] {processor.py:161} INFO - Started process (PID=270) to work on /opt/airflow/dags/clustering_dag.py
[2025-10-19T16:35:35.167+0000] {processor.py:830} INFO - Processing file /opt/airflow/dags/clustering_dag.py for tasks to queue
[2025-10-19T16:35:35.170+0000] {logging_mixin.py:188} INFO - [2025-10-19T16:35:35.170+0000] {dagbag.py:545} INFO - Filling up the DagBag from /opt/airflow/dags/clustering_dag.py
[2025-10-19T16:35:36.840+0000] {processor.py:840} INFO - DAG(s) 'customer_clustering_pipeline' retrieved from /opt/airflow/dags/clustering_dag.py
[2025-10-19T16:35:36.908+0000] {logging_mixin.py:188} INFO - [2025-10-19T16:35:36.908+0000] {dag.py:3096} INFO - Sync 1 DAGs
[2025-10-19T16:35:36.922+0000] {logging_mixin.py:188} INFO - [2025-10-19T16:35:36.922+0000] {dag.py:3954} INFO - Setting next_dagrun for customer_clustering_pipeline to None, run_after=None
[2025-10-19T16:35:36.955+0000] {processor.py:183} INFO - Processing /opt/airflow/dags/clustering_dag.py took 1.799 seconds
[2025-10-19T16:36:07.338+0000] {processor.py:161} INFO - Started process (PID=343) to work on /opt/airflow/dags/clustering_dag.py
[2025-10-19T16:36:07.340+0000] {processor.py:830} INFO - Processing file /opt/airflow/dags/clustering_dag.py for tasks to queue
[2025-10-19T16:36:07.346+0000] {logging_mixin.py:188} INFO - [2025-10-19T16:36:07.346+0000] {dagbag.py:545} INFO - Filling up the DagBag from /opt/airflow/dags/clustering_dag.py
[2025-10-19T16:36:08.566+0000] {processor.py:840} INFO - DAG(s) 'customer_clustering_pipeline' retrieved from /opt/airflow/dags/clustering_dag.py
[2025-10-19T16:36:08.601+0000] {logging_mixin.py:188} INFO - [2025-10-19T16:36:08.600+0000] {dag.py:3096} INFO - Sync 1 DAGs
[2025-10-19T16:36:08.610+0000] {logging_mixin.py:188} INFO - [2025-10-19T16:36:08.610+0000] {dag.py:3954} INFO - Setting next_dagrun for customer_clustering_pipeline to None, run_after=None
[2025-10-19T16:36:08.622+0000] {processor.py:183} INFO - Processing /opt/airflow/dags/clustering_dag.py took 1.319 seconds
[2025-10-19T16:36:39.031+0000] {processor.py:161} INFO - Started process (PID=362) to work on /opt/airflow/dags/clustering_dag.py
[2025-10-19T16:36:39.034+0000] {processor.py:830} INFO - Processing file /opt/airflow/dags/clustering_dag.py for tasks to queue
[2025-10-19T16:36:39.037+0000] {logging_mixin.py:188} INFO - [2025-10-19T16:36:39.037+0000] {dagbag.py:545} INFO - Filling up the DagBag from /opt/airflow/dags/clustering_dag.py
[2025-10-19T16:36:40.102+0000] {processor.py:840} INFO - DAG(s) 'customer_clustering_pipeline' retrieved from /opt/airflow/dags/clustering_dag.py
[2025-10-19T16:36:40.129+0000] {logging_mixin.py:188} INFO - [2025-10-19T16:36:40.129+0000] {dag.py:3096} INFO - Sync 1 DAGs
[2025-10-19T16:36:40.137+0000] {logging_mixin.py:188} INFO - [2025-10-19T16:36:40.136+0000] {dag.py:3954} INFO - Setting next_dagrun for customer_clustering_pipeline to None, run_after=None
[2025-10-19T16:36:40.149+0000] {processor.py:183} INFO - Processing /opt/airflow/dags/clustering_dag.py took 1.139 seconds
[2025-10-19T16:37:10.420+0000] {processor.py:161} INFO - Started process (PID=381) to work on /opt/airflow/dags/clustering_dag.py
[2025-10-19T16:37:10.422+0000] {processor.py:830} INFO - Processing file /opt/airflow/dags/clustering_dag.py for tasks to queue
[2025-10-19T16:37:10.426+0000] {logging_mixin.py:188} INFO - [2025-10-19T16:37:10.426+0000] {dagbag.py:545} INFO - Filling up the DagBag from /opt/airflow/dags/clustering_dag.py
[2025-10-19T16:37:11.566+0000] {processor.py:840} INFO - DAG(s) 'customer_clustering_pipeline' retrieved from /opt/airflow/dags/clustering_dag.py
[2025-10-19T16:37:11.591+0000] {logging_mixin.py:188} INFO - [2025-10-19T16:37:11.591+0000] {dag.py:3096} INFO - Sync 1 DAGs
[2025-10-19T16:37:11.601+0000] {logging_mixin.py:188} INFO - [2025-10-19T16:37:11.601+0000] {dag.py:3954} INFO - Setting next_dagrun for customer_clustering_pipeline to None, run_after=None
[2025-10-19T16:37:11.617+0000] {processor.py:183} INFO - Processing /opt/airflow/dags/clustering_dag.py took 1.214 seconds
[2025-10-19T16:37:41.954+0000] {processor.py:161} INFO - Started process (PID=400) to work on /opt/airflow/dags/clustering_dag.py
[2025-10-19T16:37:41.957+0000] {processor.py:830} INFO - Processing file /opt/airflow/dags/clustering_dag.py for tasks to queue
[2025-10-19T16:37:41.961+0000] {logging_mixin.py:188} INFO - [2025-10-19T16:37:41.960+0000] {dagbag.py:545} INFO - Filling up the DagBag from /opt/airflow/dags/clustering_dag.py
[2025-10-19T16:37:43.086+0000] {processor.py:840} INFO - DAG(s) 'customer_clustering_pipeline' retrieved from /opt/airflow/dags/clustering_dag.py
[2025-10-19T16:37:43.119+0000] {logging_mixin.py:188} INFO - [2025-10-19T16:37:43.118+0000] {dag.py:3096} INFO - Sync 1 DAGs
[2025-10-19T16:37:43.128+0000] {logging_mixin.py:188} INFO - [2025-10-19T16:37:43.128+0000] {dag.py:3954} INFO - Setting next_dagrun for customer_clustering_pipeline to None, run_after=None
[2025-10-19T16:37:43.139+0000] {processor.py:183} INFO - Processing /opt/airflow/dags/clustering_dag.py took 1.198 seconds
[2025-10-19T16:38:13.344+0000] {processor.py:161} INFO - Started process (PID=419) to work on /opt/airflow/dags/clustering_dag.py
[2025-10-19T16:38:13.346+0000] {processor.py:830} INFO - Processing file /opt/airflow/dags/clustering_dag.py for tasks to queue
[2025-10-19T16:38:13.352+0000] {logging_mixin.py:188} INFO - [2025-10-19T16:38:13.352+0000] {dagbag.py:545} INFO - Filling up the DagBag from /opt/airflow/dags/clustering_dag.py
[2025-10-19T16:38:14.492+0000] {processor.py:840} INFO - DAG(s) 'customer_clustering_pipeline' retrieved from /opt/airflow/dags/clustering_dag.py
[2025-10-19T16:38:14.514+0000] {logging_mixin.py:188} INFO - [2025-10-19T16:38:14.514+0000] {dag.py:3096} INFO - Sync 1 DAGs
[2025-10-19T16:38:14.521+0000] {logging_mixin.py:188} INFO - [2025-10-19T16:38:14.521+0000] {dag.py:3954} INFO - Setting next_dagrun for customer_clustering_pipeline to None, run_after=None
[2025-10-19T16:38:14.532+0000] {processor.py:183} INFO - Processing /opt/airflow/dags/clustering_dag.py took 1.207 seconds
[2025-10-19T16:38:44.776+0000] {processor.py:161} INFO - Started process (PID=438) to work on /opt/airflow/dags/clustering_dag.py
[2025-10-19T16:38:44.779+0000] {processor.py:830} INFO - Processing file /opt/airflow/dags/clustering_dag.py for tasks to queue
[2025-10-19T16:38:44.784+0000] {logging_mixin.py:188} INFO - [2025-10-19T16:38:44.784+0000] {dagbag.py:545} INFO - Filling up the DagBag from /opt/airflow/dags/clustering_dag.py
[2025-10-19T16:38:45.853+0000] {processor.py:840} INFO - DAG(s) 'customer_clustering_pipeline' retrieved from /opt/airflow/dags/clustering_dag.py
[2025-10-19T16:38:45.876+0000] {logging_mixin.py:188} INFO - [2025-10-19T16:38:45.876+0000] {dag.py:3096} INFO - Sync 1 DAGs
[2025-10-19T16:38:45.884+0000] {logging_mixin.py:188} INFO - [2025-10-19T16:38:45.884+0000] {dag.py:3954} INFO - Setting next_dagrun for customer_clustering_pipeline to None, run_after=None
[2025-10-19T16:38:45.895+0000] {processor.py:183} INFO - Processing /opt/airflow/dags/clustering_dag.py took 1.134 seconds
[2025-10-19T16:39:16.241+0000] {processor.py:161} INFO - Started process (PID=457) to work on /opt/airflow/dags/clustering_dag.py
[2025-10-19T16:39:16.244+0000] {processor.py:830} INFO - Processing file /opt/airflow/dags/clustering_dag.py for tasks to queue
[2025-10-19T16:39:16.248+0000] {logging_mixin.py:188} INFO - [2025-10-19T16:39:16.247+0000] {dagbag.py:545} INFO - Filling up the DagBag from /opt/airflow/dags/clustering_dag.py
[2025-10-19T16:39:17.416+0000] {processor.py:840} INFO - DAG(s) 'customer_clustering_pipeline' retrieved from /opt/airflow/dags/clustering_dag.py
[2025-10-19T16:39:17.446+0000] {logging_mixin.py:188} INFO - [2025-10-19T16:39:17.446+0000] {dag.py:3096} INFO - Sync 1 DAGs
[2025-10-19T16:39:17.454+0000] {logging_mixin.py:188} INFO - [2025-10-19T16:39:17.454+0000] {dag.py:3954} INFO - Setting next_dagrun for customer_clustering_pipeline to None, run_after=None
[2025-10-19T16:39:17.464+0000] {processor.py:183} INFO - Processing /opt/airflow/dags/clustering_dag.py took 1.282 seconds
[2025-10-19T16:39:47.573+0000] {processor.py:161} INFO - Started process (PID=476) to work on /opt/airflow/dags/clustering_dag.py
[2025-10-19T16:39:47.575+0000] {processor.py:830} INFO - Processing file /opt/airflow/dags/clustering_dag.py for tasks to queue
[2025-10-19T16:39:47.578+0000] {logging_mixin.py:188} INFO - [2025-10-19T16:39:47.578+0000] {dagbag.py:545} INFO - Filling up the DagBag from /opt/airflow/dags/clustering_dag.py
[2025-10-19T16:39:48.624+0000] {processor.py:840} INFO - DAG(s) 'customer_clustering_pipeline' retrieved from /opt/airflow/dags/clustering_dag.py
[2025-10-19T16:39:48.648+0000] {logging_mixin.py:188} INFO - [2025-10-19T16:39:48.648+0000] {dag.py:3096} INFO - Sync 1 DAGs
[2025-10-19T16:39:48.656+0000] {logging_mixin.py:188} INFO - [2025-10-19T16:39:48.656+0000] {dag.py:3954} INFO - Setting next_dagrun for customer_clustering_pipeline to None, run_after=None
[2025-10-19T16:39:48.670+0000] {processor.py:183} INFO - Processing /opt/airflow/dags/clustering_dag.py took 1.109 seconds
[2025-10-19T16:40:18.889+0000] {processor.py:161} INFO - Started process (PID=495) to work on /opt/airflow/dags/clustering_dag.py
[2025-10-19T16:40:18.891+0000] {processor.py:830} INFO - Processing file /opt/airflow/dags/clustering_dag.py for tasks to queue
[2025-10-19T16:40:18.894+0000] {logging_mixin.py:188} INFO - [2025-10-19T16:40:18.894+0000] {dagbag.py:545} INFO - Filling up the DagBag from /opt/airflow/dags/clustering_dag.py
[2025-10-19T16:40:20.023+0000] {processor.py:840} INFO - DAG(s) 'customer_clustering_pipeline' retrieved from /opt/airflow/dags/clustering_dag.py
[2025-10-19T16:40:20.046+0000] {logging_mixin.py:188} INFO - [2025-10-19T16:40:20.046+0000] {dag.py:3096} INFO - Sync 1 DAGs
[2025-10-19T16:40:20.055+0000] {logging_mixin.py:188} INFO - [2025-10-19T16:40:20.055+0000] {dag.py:3954} INFO - Setting next_dagrun for customer_clustering_pipeline to None, run_after=None
[2025-10-19T16:40:20.066+0000] {processor.py:183} INFO - Processing /opt/airflow/dags/clustering_dag.py took 1.187 seconds
[2025-10-19T16:40:50.314+0000] {processor.py:161} INFO - Started process (PID=514) to work on /opt/airflow/dags/clustering_dag.py
[2025-10-19T16:40:50.315+0000] {processor.py:830} INFO - Processing file /opt/airflow/dags/clustering_dag.py for tasks to queue
[2025-10-19T16:40:50.318+0000] {logging_mixin.py:188} INFO - [2025-10-19T16:40:50.318+0000] {dagbag.py:545} INFO - Filling up the DagBag from /opt/airflow/dags/clustering_dag.py
[2025-10-19T16:40:51.373+0000] {processor.py:840} INFO - DAG(s) 'customer_clustering_pipeline' retrieved from /opt/airflow/dags/clustering_dag.py
[2025-10-19T16:40:51.400+0000] {logging_mixin.py:188} INFO - [2025-10-19T16:40:51.400+0000] {dag.py:3096} INFO - Sync 1 DAGs
[2025-10-19T16:40:51.409+0000] {logging_mixin.py:188} INFO - [2025-10-19T16:40:51.409+0000] {dag.py:3954} INFO - Setting next_dagrun for customer_clustering_pipeline to None, run_after=None
[2025-10-19T16:40:51.420+0000] {processor.py:183} INFO - Processing /opt/airflow/dags/clustering_dag.py took 1.113 seconds
[2025-10-19T16:41:21.682+0000] {processor.py:161} INFO - Started process (PID=533) to work on /opt/airflow/dags/clustering_dag.py
[2025-10-19T16:41:21.689+0000] {processor.py:830} INFO - Processing file /opt/airflow/dags/clustering_dag.py for tasks to queue
[2025-10-19T16:41:21.693+0000] {logging_mixin.py:188} INFO - [2025-10-19T16:41:21.692+0000] {dagbag.py:545} INFO - Filling up the DagBag from /opt/airflow/dags/clustering_dag.py
[2025-10-19T16:41:22.770+0000] {processor.py:840} INFO - DAG(s) 'customer_clustering_pipeline' retrieved from /opt/airflow/dags/clustering_dag.py
[2025-10-19T16:41:22.798+0000] {logging_mixin.py:188} INFO - [2025-10-19T16:41:22.798+0000] {dag.py:3096} INFO - Sync 1 DAGs
[2025-10-19T16:41:22.806+0000] {logging_mixin.py:188} INFO - [2025-10-19T16:41:22.805+0000] {dag.py:3954} INFO - Setting next_dagrun for customer_clustering_pipeline to None, run_after=None
[2025-10-19T16:41:22.816+0000] {processor.py:183} INFO - Processing /opt/airflow/dags/clustering_dag.py took 1.148 seconds
[2025-10-19T16:41:53.098+0000] {processor.py:161} INFO - Started process (PID=552) to work on /opt/airflow/dags/clustering_dag.py
[2025-10-19T16:41:53.101+0000] {processor.py:830} INFO - Processing file /opt/airflow/dags/clustering_dag.py for tasks to queue
[2025-10-19T16:41:53.104+0000] {logging_mixin.py:188} INFO - [2025-10-19T16:41:53.103+0000] {dagbag.py:545} INFO - Filling up the DagBag from /opt/airflow/dags/clustering_dag.py
[2025-10-19T16:41:54.398+0000] {processor.py:840} INFO - DAG(s) 'customer_clustering_pipeline' retrieved from /opt/airflow/dags/clustering_dag.py
[2025-10-19T16:41:54.427+0000] {logging_mixin.py:188} INFO - [2025-10-19T16:41:54.427+0000] {dag.py:3096} INFO - Sync 1 DAGs
[2025-10-19T16:41:54.439+0000] {logging_mixin.py:188} INFO - [2025-10-19T16:41:54.439+0000] {dag.py:3954} INFO - Setting next_dagrun for customer_clustering_pipeline to None, run_after=None
[2025-10-19T16:41:54.451+0000] {processor.py:183} INFO - Processing /opt/airflow/dags/clustering_dag.py took 1.366 seconds
[2025-10-19T16:42:24.813+0000] {processor.py:161} INFO - Started process (PID=571) to work on /opt/airflow/dags/clustering_dag.py
[2025-10-19T16:42:24.815+0000] {processor.py:830} INFO - Processing file /opt/airflow/dags/clustering_dag.py for tasks to queue
[2025-10-19T16:42:24.818+0000] {logging_mixin.py:188} INFO - [2025-10-19T16:42:24.818+0000] {dagbag.py:545} INFO - Filling up the DagBag from /opt/airflow/dags/clustering_dag.py
[2025-10-19T16:42:25.994+0000] {processor.py:840} INFO - DAG(s) 'customer_clustering_pipeline' retrieved from /opt/airflow/dags/clustering_dag.py
[2025-10-19T16:42:26.028+0000] {logging_mixin.py:188} INFO - [2025-10-19T16:42:26.028+0000] {dag.py:3096} INFO - Sync 1 DAGs
[2025-10-19T16:42:26.039+0000] {logging_mixin.py:188} INFO - [2025-10-19T16:42:26.039+0000] {dag.py:3954} INFO - Setting next_dagrun for customer_clustering_pipeline to None, run_after=None
[2025-10-19T16:42:26.054+0000] {processor.py:183} INFO - Processing /opt/airflow/dags/clustering_dag.py took 1.253 seconds
[2025-10-19T16:42:56.236+0000] {processor.py:161} INFO - Started process (PID=590) to work on /opt/airflow/dags/clustering_dag.py
[2025-10-19T16:42:56.239+0000] {processor.py:830} INFO - Processing file /opt/airflow/dags/clustering_dag.py for tasks to queue
[2025-10-19T16:42:56.246+0000] {logging_mixin.py:188} INFO - [2025-10-19T16:42:56.245+0000] {dagbag.py:545} INFO - Filling up the DagBag from /opt/airflow/dags/clustering_dag.py
[2025-10-19T16:42:57.419+0000] {processor.py:840} INFO - DAG(s) 'customer_clustering_pipeline' retrieved from /opt/airflow/dags/clustering_dag.py
[2025-10-19T16:42:57.450+0000] {logging_mixin.py:188} INFO - [2025-10-19T16:42:57.450+0000] {dag.py:3096} INFO - Sync 1 DAGs
[2025-10-19T16:42:57.458+0000] {logging_mixin.py:188} INFO - [2025-10-19T16:42:57.458+0000] {dag.py:3954} INFO - Setting next_dagrun for customer_clustering_pipeline to None, run_after=None
[2025-10-19T16:42:57.470+0000] {processor.py:183} INFO - Processing /opt/airflow/dags/clustering_dag.py took 1.250 seconds
[2025-10-19T16:43:27.703+0000] {processor.py:161} INFO - Started process (PID=609) to work on /opt/airflow/dags/clustering_dag.py
[2025-10-19T16:43:27.708+0000] {processor.py:830} INFO - Processing file /opt/airflow/dags/clustering_dag.py for tasks to queue
[2025-10-19T16:43:27.713+0000] {logging_mixin.py:188} INFO - [2025-10-19T16:43:27.712+0000] {dagbag.py:545} INFO - Filling up the DagBag from /opt/airflow/dags/clustering_dag.py
[2025-10-19T16:43:28.872+0000] {processor.py:840} INFO - DAG(s) 'customer_clustering_pipeline' retrieved from /opt/airflow/dags/clustering_dag.py
[2025-10-19T16:43:28.896+0000] {logging_mixin.py:188} INFO - [2025-10-19T16:43:28.895+0000] {dag.py:3096} INFO - Sync 1 DAGs
[2025-10-19T16:43:28.905+0000] {logging_mixin.py:188} INFO - [2025-10-19T16:43:28.905+0000] {dag.py:3954} INFO - Setting next_dagrun for customer_clustering_pipeline to None, run_after=None
[2025-10-19T16:43:28.917+0000] {processor.py:183} INFO - Processing /opt/airflow/dags/clustering_dag.py took 1.240 seconds
[2025-10-19T16:43:59.167+0000] {processor.py:161} INFO - Started process (PID=628) to work on /opt/airflow/dags/clustering_dag.py
[2025-10-19T16:43:59.170+0000] {processor.py:830} INFO - Processing file /opt/airflow/dags/clustering_dag.py for tasks to queue
[2025-10-19T16:43:59.175+0000] {logging_mixin.py:188} INFO - [2025-10-19T16:43:59.174+0000] {dagbag.py:545} INFO - Filling up the DagBag from /opt/airflow/dags/clustering_dag.py
[2025-10-19T16:44:00.399+0000] {processor.py:840} INFO - DAG(s) 'customer_clustering_pipeline' retrieved from /opt/airflow/dags/clustering_dag.py
[2025-10-19T16:44:00.444+0000] {logging_mixin.py:188} INFO - [2025-10-19T16:44:00.443+0000] {dag.py:3096} INFO - Sync 1 DAGs
[2025-10-19T16:44:00.453+0000] {logging_mixin.py:188} INFO - [2025-10-19T16:44:00.452+0000] {dag.py:3954} INFO - Setting next_dagrun for customer_clustering_pipeline to None, run_after=None
[2025-10-19T16:44:00.466+0000] {processor.py:183} INFO - Processing /opt/airflow/dags/clustering_dag.py took 1.309 seconds
[2025-10-19T16:44:30.592+0000] {processor.py:161} INFO - Started process (PID=647) to work on /opt/airflow/dags/clustering_dag.py
[2025-10-19T16:44:30.594+0000] {processor.py:830} INFO - Processing file /opt/airflow/dags/clustering_dag.py for tasks to queue
[2025-10-19T16:44:30.597+0000] {logging_mixin.py:188} INFO - [2025-10-19T16:44:30.597+0000] {dagbag.py:545} INFO - Filling up the DagBag from /opt/airflow/dags/clustering_dag.py
[2025-10-19T16:44:31.708+0000] {processor.py:840} INFO - DAG(s) 'customer_clustering_pipeline' retrieved from /opt/airflow/dags/clustering_dag.py
[2025-10-19T16:44:31.748+0000] {logging_mixin.py:188} INFO - [2025-10-19T16:44:31.748+0000] {dag.py:3096} INFO - Sync 1 DAGs
[2025-10-19T16:44:31.760+0000] {logging_mixin.py:188} INFO - [2025-10-19T16:44:31.760+0000] {dag.py:3954} INFO - Setting next_dagrun for customer_clustering_pipeline to None, run_after=None
[2025-10-19T16:44:31.772+0000] {processor.py:183} INFO - Processing /opt/airflow/dags/clustering_dag.py took 1.192 seconds
[2025-10-19T16:45:02.129+0000] {processor.py:161} INFO - Started process (PID=666) to work on /opt/airflow/dags/clustering_dag.py
[2025-10-19T16:45:02.132+0000] {processor.py:830} INFO - Processing file /opt/airflow/dags/clustering_dag.py for tasks to queue
[2025-10-19T16:45:02.139+0000] {logging_mixin.py:188} INFO - [2025-10-19T16:45:02.138+0000] {dagbag.py:545} INFO - Filling up the DagBag from /opt/airflow/dags/clustering_dag.py
[2025-10-19T16:45:03.172+0000] {processor.py:840} INFO - DAG(s) 'customer_clustering_pipeline' retrieved from /opt/airflow/dags/clustering_dag.py
[2025-10-19T16:45:03.196+0000] {logging_mixin.py:188} INFO - [2025-10-19T16:45:03.196+0000] {dag.py:3096} INFO - Sync 1 DAGs
[2025-10-19T16:45:03.203+0000] {logging_mixin.py:188} INFO - [2025-10-19T16:45:03.203+0000] {dag.py:3954} INFO - Setting next_dagrun for customer_clustering_pipeline to None, run_after=None
[2025-10-19T16:45:03.214+0000] {processor.py:183} INFO - Processing /opt/airflow/dags/clustering_dag.py took 1.097 seconds
[2025-10-19T16:45:33.455+0000] {processor.py:161} INFO - Started process (PID=685) to work on /opt/airflow/dags/clustering_dag.py
[2025-10-19T16:45:33.457+0000] {processor.py:830} INFO - Processing file /opt/airflow/dags/clustering_dag.py for tasks to queue
[2025-10-19T16:45:33.461+0000] {logging_mixin.py:188} INFO - [2025-10-19T16:45:33.460+0000] {dagbag.py:545} INFO - Filling up the DagBag from /opt/airflow/dags/clustering_dag.py
[2025-10-19T16:45:34.479+0000] {processor.py:840} INFO - DAG(s) 'customer_clustering_pipeline' retrieved from /opt/airflow/dags/clustering_dag.py
[2025-10-19T16:45:34.503+0000] {logging_mixin.py:188} INFO - [2025-10-19T16:45:34.503+0000] {dag.py:3096} INFO - Sync 1 DAGs
[2025-10-19T16:45:34.511+0000] {logging_mixin.py:188} INFO - [2025-10-19T16:45:34.510+0000] {dag.py:3954} INFO - Setting next_dagrun for customer_clustering_pipeline to None, run_after=None
[2025-10-19T16:45:34.521+0000] {processor.py:183} INFO - Processing /opt/airflow/dags/clustering_dag.py took 1.076 seconds
[2025-10-19T16:46:04.928+0000] {processor.py:161} INFO - Started process (PID=704) to work on /opt/airflow/dags/clustering_dag.py
[2025-10-19T16:46:04.930+0000] {processor.py:830} INFO - Processing file /opt/airflow/dags/clustering_dag.py for tasks to queue
[2025-10-19T16:46:04.934+0000] {logging_mixin.py:188} INFO - [2025-10-19T16:46:04.933+0000] {dagbag.py:545} INFO - Filling up the DagBag from /opt/airflow/dags/clustering_dag.py
[2025-10-19T16:46:06.039+0000] {processor.py:840} INFO - DAG(s) 'customer_clustering_pipeline' retrieved from /opt/airflow/dags/clustering_dag.py
[2025-10-19T16:46:06.069+0000] {logging_mixin.py:188} INFO - [2025-10-19T16:46:06.068+0000] {dag.py:3096} INFO - Sync 1 DAGs
[2025-10-19T16:46:06.078+0000] {logging_mixin.py:188} INFO - [2025-10-19T16:46:06.078+0000] {dag.py:3954} INFO - Setting next_dagrun for customer_clustering_pipeline to None, run_after=None
[2025-10-19T16:46:06.094+0000] {processor.py:183} INFO - Processing /opt/airflow/dags/clustering_dag.py took 1.178 seconds
[2025-10-19T16:46:36.474+0000] {processor.py:161} INFO - Started process (PID=723) to work on /opt/airflow/dags/clustering_dag.py
[2025-10-19T16:46:36.479+0000] {processor.py:830} INFO - Processing file /opt/airflow/dags/clustering_dag.py for tasks to queue
[2025-10-19T16:46:36.487+0000] {logging_mixin.py:188} INFO - [2025-10-19T16:46:36.486+0000] {dagbag.py:545} INFO - Filling up the DagBag from /opt/airflow/dags/clustering_dag.py
[2025-10-19T16:46:37.609+0000] {processor.py:840} INFO - DAG(s) 'customer_clustering_pipeline' retrieved from /opt/airflow/dags/clustering_dag.py
[2025-10-19T16:46:37.634+0000] {logging_mixin.py:188} INFO - [2025-10-19T16:46:37.633+0000] {dag.py:3096} INFO - Sync 1 DAGs
[2025-10-19T16:46:37.642+0000] {logging_mixin.py:188} INFO - [2025-10-19T16:46:37.642+0000] {dag.py:3954} INFO - Setting next_dagrun for customer_clustering_pipeline to None, run_after=None
[2025-10-19T16:46:37.653+0000] {processor.py:183} INFO - Processing /opt/airflow/dags/clustering_dag.py took 1.212 seconds
