[2025-10-12T19:31:21.850+0000] {processor.py:161} INFO - Started process (PID=151) to work on /opt/airflow/dags/airflow.py
[2025-10-12T19:31:21.870+0000] {processor.py:830} INFO - Processing file /opt/airflow/dags/airflow.py for tasks to queue
[2025-10-12T19:31:21.917+0000] {logging_mixin.py:188} INFO - [2025-10-12T19:31:21.910+0000] {dagbag.py:545} INFO - Filling up the DagBag from /opt/airflow/dags/airflow.py
[2025-10-12T19:31:22.190+0000] {logging_mixin.py:188} INFO - [2025-10-12T19:31:22.183+0000] {dagbag.py:355} ERROR - Failed to import: /opt/airflow/dags/airflow.py
Traceback (most recent call last):
  File "/home/airflow/.local/lib/python3.12/site-packages/airflow/models/dagbag.py", line 351, in parse
    loader.exec_module(new_module)
  File "<frozen importlib._bootstrap_external>", line 995, in exec_module
  File "<frozen importlib._bootstrap>", line 488, in _call_with_frames_removed
  File "/opt/airflow/dags/airflow.py", line 5, in <module>
    from src.lab import load_data, data_preprocessing, build_save_model,load_model_elbow
  File "<frozen importlib._bootstrap>", line 1360, in _find_and_load
  File "<frozen importlib._bootstrap>", line 1331, in _find_and_load_unlocked
  File "<frozen importlib._bootstrap>", line 935, in _load_unlocked
  File "<frozen importlib._bootstrap_external>", line 991, in exec_module
  File "<frozen importlib._bootstrap_external>", line 1128, in get_code
  File "<frozen importlib._bootstrap_external>", line 1187, in get_data
OSError: [Errno 35] Resource deadlock avoided
[2025-10-12T19:31:22.194+0000] {processor.py:842} WARNING - No viable dags retrieved from /opt/airflow/dags/airflow.py
[2025-10-12T19:31:22.318+0000] {processor.py:183} INFO - Processing /opt/airflow/dags/airflow.py took 0.527 seconds
[2025-10-12T19:31:52.891+0000] {processor.py:161} INFO - Started process (PID=158) to work on /opt/airflow/dags/airflow.py
[2025-10-12T19:31:52.907+0000] {processor.py:830} INFO - Processing file /opt/airflow/dags/airflow.py for tasks to queue
[2025-10-12T19:31:52.916+0000] {logging_mixin.py:188} INFO - [2025-10-12T19:31:52.915+0000] {dagbag.py:545} INFO - Filling up the DagBag from /opt/airflow/dags/airflow.py
[2025-10-12T19:31:52.968+0000] {logging_mixin.py:188} INFO - [2025-10-12T19:31:52.965+0000] {dagbag.py:355} ERROR - Failed to import: /opt/airflow/dags/airflow.py
Traceback (most recent call last):
  File "/home/airflow/.local/lib/python3.12/site-packages/airflow/models/dagbag.py", line 351, in parse
    loader.exec_module(new_module)
  File "<frozen importlib._bootstrap_external>", line 995, in exec_module
  File "<frozen importlib._bootstrap>", line 488, in _call_with_frames_removed
  File "/opt/airflow/dags/airflow.py", line 5, in <module>
    from src.lab import load_data, data_preprocessing, build_save_model,load_model_elbow
  File "<frozen importlib._bootstrap>", line 1360, in _find_and_load
  File "<frozen importlib._bootstrap>", line 1331, in _find_and_load_unlocked
  File "<frozen importlib._bootstrap>", line 935, in _load_unlocked
  File "<frozen importlib._bootstrap_external>", line 991, in exec_module
  File "<frozen importlib._bootstrap_external>", line 1128, in get_code
  File "<frozen importlib._bootstrap_external>", line 1187, in get_data
OSError: [Errno 35] Resource deadlock avoided
[2025-10-12T19:31:52.977+0000] {processor.py:842} WARNING - No viable dags retrieved from /opt/airflow/dags/airflow.py
[2025-10-12T19:31:53.094+0000] {processor.py:183} INFO - Processing /opt/airflow/dags/airflow.py took 0.386 seconds
[2025-10-12T19:32:23.358+0000] {processor.py:161} INFO - Started process (PID=165) to work on /opt/airflow/dags/airflow.py
[2025-10-12T19:32:23.362+0000] {processor.py:830} INFO - Processing file /opt/airflow/dags/airflow.py for tasks to queue
[2025-10-12T19:32:23.363+0000] {logging_mixin.py:188} INFO - [2025-10-12T19:32:23.363+0000] {dagbag.py:545} INFO - Filling up the DagBag from /opt/airflow/dags/airflow.py
[2025-10-12T19:32:23.381+0000] {logging_mixin.py:188} INFO - [2025-10-12T19:32:23.380+0000] {dagbag.py:355} ERROR - Failed to import: /opt/airflow/dags/airflow.py
Traceback (most recent call last):
  File "/home/airflow/.local/lib/python3.12/site-packages/airflow/models/dagbag.py", line 351, in parse
    loader.exec_module(new_module)
  File "<frozen importlib._bootstrap_external>", line 995, in exec_module
  File "<frozen importlib._bootstrap>", line 488, in _call_with_frames_removed
  File "/opt/airflow/dags/airflow.py", line 5, in <module>
    from src.lab import load_data, data_preprocessing, build_save_model,load_model_elbow
  File "<frozen importlib._bootstrap>", line 1360, in _find_and_load
  File "<frozen importlib._bootstrap>", line 1331, in _find_and_load_unlocked
  File "<frozen importlib._bootstrap>", line 935, in _load_unlocked
  File "<frozen importlib._bootstrap_external>", line 991, in exec_module
  File "<frozen importlib._bootstrap_external>", line 1128, in get_code
  File "<frozen importlib._bootstrap_external>", line 1187, in get_data
OSError: [Errno 35] Resource deadlock avoided
[2025-10-12T19:32:23.382+0000] {processor.py:842} WARNING - No viable dags retrieved from /opt/airflow/dags/airflow.py
[2025-10-12T19:32:23.408+0000] {processor.py:183} INFO - Processing /opt/airflow/dags/airflow.py took 0.059 seconds
[2025-10-12T19:34:43.823+0000] {processor.py:161} INFO - Started process (PID=87) to work on /opt/airflow/dags/airflow.py
[2025-10-12T19:34:43.870+0000] {processor.py:830} INFO - Processing file /opt/airflow/dags/airflow.py for tasks to queue
[2025-10-12T19:34:43.872+0000] {logging_mixin.py:188} INFO - [2025-10-12T19:34:43.871+0000] {dagbag.py:545} INFO - Filling up the DagBag from /opt/airflow/dags/airflow.py
[2025-10-12T19:34:43.914+0000] {logging_mixin.py:188} INFO - [2025-10-12T19:34:43.912+0000] {dagbag.py:355} ERROR - Failed to import: /opt/airflow/dags/airflow.py
Traceback (most recent call last):
  File "/home/airflow/.local/lib/python3.12/site-packages/airflow/models/dagbag.py", line 351, in parse
    loader.exec_module(new_module)
  File "<frozen importlib._bootstrap_external>", line 995, in exec_module
  File "<frozen importlib._bootstrap>", line 488, in _call_with_frames_removed
  File "/opt/airflow/dags/airflow.py", line 10, in <module>
    from lab import load_data, data_preprocessing, build_save_model, load_model_elbow
  File "<frozen importlib._bootstrap>", line 1360, in _find_and_load
  File "<frozen importlib._bootstrap>", line 1331, in _find_and_load_unlocked
  File "<frozen importlib._bootstrap>", line 935, in _load_unlocked
  File "<frozen importlib._bootstrap_external>", line 991, in exec_module
  File "<frozen importlib._bootstrap_external>", line 1128, in get_code
  File "<frozen importlib._bootstrap_external>", line 1187, in get_data
OSError: [Errno 35] Resource deadlock avoided
[2025-10-12T19:34:43.914+0000] {processor.py:842} WARNING - No viable dags retrieved from /opt/airflow/dags/airflow.py
[2025-10-12T19:34:43.945+0000] {processor.py:183} INFO - Processing /opt/airflow/dags/airflow.py took 0.136 seconds
[2025-10-12T19:35:14.263+0000] {processor.py:161} INFO - Started process (PID=94) to work on /opt/airflow/dags/airflow.py
[2025-10-12T19:35:14.268+0000] {processor.py:830} INFO - Processing file /opt/airflow/dags/airflow.py for tasks to queue
[2025-10-12T19:35:14.270+0000] {logging_mixin.py:188} INFO - [2025-10-12T19:35:14.269+0000] {dagbag.py:545} INFO - Filling up the DagBag from /opt/airflow/dags/airflow.py
[2025-10-12T19:35:14.288+0000] {logging_mixin.py:188} INFO - [2025-10-12T19:35:14.286+0000] {dagbag.py:355} ERROR - Failed to import: /opt/airflow/dags/airflow.py
Traceback (most recent call last):
  File "/home/airflow/.local/lib/python3.12/site-packages/airflow/models/dagbag.py", line 351, in parse
    loader.exec_module(new_module)
  File "<frozen importlib._bootstrap_external>", line 995, in exec_module
  File "<frozen importlib._bootstrap>", line 488, in _call_with_frames_removed
  File "/opt/airflow/dags/airflow.py", line 10, in <module>
    from lab import load_data, data_preprocessing, build_save_model, load_model_elbow
  File "<frozen importlib._bootstrap>", line 1360, in _find_and_load
  File "<frozen importlib._bootstrap>", line 1331, in _find_and_load_unlocked
  File "<frozen importlib._bootstrap>", line 935, in _load_unlocked
  File "<frozen importlib._bootstrap_external>", line 991, in exec_module
  File "<frozen importlib._bootstrap_external>", line 1128, in get_code
  File "<frozen importlib._bootstrap_external>", line 1187, in get_data
OSError: [Errno 35] Resource deadlock avoided
[2025-10-12T19:35:14.290+0000] {processor.py:842} WARNING - No viable dags retrieved from /opt/airflow/dags/airflow.py
[2025-10-12T19:35:14.313+0000] {processor.py:183} INFO - Processing /opt/airflow/dags/airflow.py took 0.072 seconds
[2025-10-12T19:35:44.473+0000] {processor.py:161} INFO - Started process (PID=101) to work on /opt/airflow/dags/airflow.py
[2025-10-12T19:35:44.476+0000] {processor.py:830} INFO - Processing file /opt/airflow/dags/airflow.py for tasks to queue
[2025-10-12T19:35:44.478+0000] {logging_mixin.py:188} INFO - [2025-10-12T19:35:44.477+0000] {dagbag.py:545} INFO - Filling up the DagBag from /opt/airflow/dags/airflow.py
[2025-10-12T19:35:44.484+0000] {logging_mixin.py:188} INFO - [2025-10-12T19:35:44.483+0000] {dagbag.py:355} ERROR - Failed to import: /opt/airflow/dags/airflow.py
Traceback (most recent call last):
  File "/home/airflow/.local/lib/python3.12/site-packages/airflow/models/dagbag.py", line 351, in parse
    loader.exec_module(new_module)
  File "<frozen importlib._bootstrap_external>", line 995, in exec_module
  File "<frozen importlib._bootstrap>", line 488, in _call_with_frames_removed
  File "/opt/airflow/dags/airflow.py", line 10, in <module>
    from lab import load_data, data_preprocessing, build_save_model, load_model_elbow
  File "<frozen importlib._bootstrap>", line 1360, in _find_and_load
  File "<frozen importlib._bootstrap>", line 1331, in _find_and_load_unlocked
  File "<frozen importlib._bootstrap>", line 935, in _load_unlocked
  File "<frozen importlib._bootstrap_external>", line 991, in exec_module
  File "<frozen importlib._bootstrap_external>", line 1128, in get_code
  File "<frozen importlib._bootstrap_external>", line 1187, in get_data
OSError: [Errno 35] Resource deadlock avoided
[2025-10-12T19:35:44.485+0000] {processor.py:842} WARNING - No viable dags retrieved from /opt/airflow/dags/airflow.py
[2025-10-12T19:35:44.504+0000] {processor.py:183} INFO - Processing /opt/airflow/dags/airflow.py took 0.039 seconds
[2025-10-12T19:36:14.811+0000] {processor.py:161} INFO - Started process (PID=108) to work on /opt/airflow/dags/airflow.py
[2025-10-12T19:36:14.813+0000] {processor.py:830} INFO - Processing file /opt/airflow/dags/airflow.py for tasks to queue
[2025-10-12T19:36:14.814+0000] {logging_mixin.py:188} INFO - [2025-10-12T19:36:14.814+0000] {dagbag.py:545} INFO - Filling up the DagBag from /opt/airflow/dags/airflow.py
[2025-10-12T19:36:14.821+0000] {logging_mixin.py:188} INFO - [2025-10-12T19:36:14.820+0000] {dagbag.py:355} ERROR - Failed to import: /opt/airflow/dags/airflow.py
Traceback (most recent call last):
  File "/home/airflow/.local/lib/python3.12/site-packages/airflow/models/dagbag.py", line 351, in parse
    loader.exec_module(new_module)
  File "<frozen importlib._bootstrap_external>", line 995, in exec_module
  File "<frozen importlib._bootstrap>", line 488, in _call_with_frames_removed
  File "/opt/airflow/dags/airflow.py", line 10, in <module>
    from lab import load_data, data_preprocessing, build_save_model, load_model_elbow
  File "<frozen importlib._bootstrap>", line 1360, in _find_and_load
  File "<frozen importlib._bootstrap>", line 1331, in _find_and_load_unlocked
  File "<frozen importlib._bootstrap>", line 935, in _load_unlocked
  File "<frozen importlib._bootstrap_external>", line 991, in exec_module
  File "<frozen importlib._bootstrap_external>", line 1128, in get_code
  File "<frozen importlib._bootstrap_external>", line 1187, in get_data
OSError: [Errno 35] Resource deadlock avoided
[2025-10-12T19:36:14.822+0000] {processor.py:842} WARNING - No viable dags retrieved from /opt/airflow/dags/airflow.py
[2025-10-12T19:36:14.842+0000] {processor.py:183} INFO - Processing /opt/airflow/dags/airflow.py took 0.043 seconds
[2025-10-12T19:36:45.107+0000] {processor.py:161} INFO - Started process (PID=115) to work on /opt/airflow/dags/airflow.py
[2025-10-12T19:36:45.110+0000] {processor.py:830} INFO - Processing file /opt/airflow/dags/airflow.py for tasks to queue
[2025-10-12T19:36:45.112+0000] {logging_mixin.py:188} INFO - [2025-10-12T19:36:45.112+0000] {dagbag.py:545} INFO - Filling up the DagBag from /opt/airflow/dags/airflow.py
[2025-10-12T19:36:45.120+0000] {logging_mixin.py:188} INFO - [2025-10-12T19:36:45.119+0000] {dagbag.py:355} ERROR - Failed to import: /opt/airflow/dags/airflow.py
Traceback (most recent call last):
  File "/home/airflow/.local/lib/python3.12/site-packages/airflow/models/dagbag.py", line 351, in parse
    loader.exec_module(new_module)
  File "<frozen importlib._bootstrap_external>", line 995, in exec_module
  File "<frozen importlib._bootstrap>", line 488, in _call_with_frames_removed
  File "/opt/airflow/dags/airflow.py", line 10, in <module>
    from lab import load_data, data_preprocessing, build_save_model, load_model_elbow
  File "<frozen importlib._bootstrap>", line 1360, in _find_and_load
  File "<frozen importlib._bootstrap>", line 1331, in _find_and_load_unlocked
  File "<frozen importlib._bootstrap>", line 935, in _load_unlocked
  File "<frozen importlib._bootstrap_external>", line 991, in exec_module
  File "<frozen importlib._bootstrap_external>", line 1128, in get_code
  File "<frozen importlib._bootstrap_external>", line 1187, in get_data
OSError: [Errno 35] Resource deadlock avoided
[2025-10-12T19:36:45.120+0000] {processor.py:842} WARNING - No viable dags retrieved from /opt/airflow/dags/airflow.py
[2025-10-12T19:36:45.150+0000] {processor.py:183} INFO - Processing /opt/airflow/dags/airflow.py took 0.060 seconds
[2025-10-12T19:37:15.541+0000] {processor.py:161} INFO - Started process (PID=122) to work on /opt/airflow/dags/airflow.py
[2025-10-12T19:37:15.544+0000] {processor.py:830} INFO - Processing file /opt/airflow/dags/airflow.py for tasks to queue
[2025-10-12T19:37:15.545+0000] {logging_mixin.py:188} INFO - [2025-10-12T19:37:15.545+0000] {dagbag.py:545} INFO - Filling up the DagBag from /opt/airflow/dags/airflow.py
[2025-10-12T19:37:15.590+0000] {logging_mixin.py:188} INFO - [2025-10-12T19:37:15.582+0000] {dagbag.py:355} ERROR - Failed to import: /opt/airflow/dags/airflow.py
Traceback (most recent call last):
  File "/home/airflow/.local/lib/python3.12/site-packages/airflow/models/dagbag.py", line 351, in parse
    loader.exec_module(new_module)
  File "<frozen importlib._bootstrap_external>", line 995, in exec_module
  File "<frozen importlib._bootstrap>", line 488, in _call_with_frames_removed
  File "/opt/airflow/dags/airflow.py", line 10, in <module>
    from lab import load_data, data_preprocessing, build_save_model, load_model_elbow
  File "<frozen importlib._bootstrap>", line 1360, in _find_and_load
  File "<frozen importlib._bootstrap>", line 1331, in _find_and_load_unlocked
  File "<frozen importlib._bootstrap>", line 935, in _load_unlocked
  File "<frozen importlib._bootstrap_external>", line 991, in exec_module
  File "<frozen importlib._bootstrap_external>", line 1128, in get_code
  File "<frozen importlib._bootstrap_external>", line 1187, in get_data
OSError: [Errno 35] Resource deadlock avoided
[2025-10-12T19:37:15.591+0000] {processor.py:842} WARNING - No viable dags retrieved from /opt/airflow/dags/airflow.py
[2025-10-12T19:37:15.625+0000] {processor.py:183} INFO - Processing /opt/airflow/dags/airflow.py took 0.123 seconds
[2025-10-12T19:37:45.836+0000] {processor.py:161} INFO - Started process (PID=129) to work on /opt/airflow/dags/airflow.py
[2025-10-12T19:37:45.839+0000] {processor.py:830} INFO - Processing file /opt/airflow/dags/airflow.py for tasks to queue
[2025-10-12T19:37:45.840+0000] {logging_mixin.py:188} INFO - [2025-10-12T19:37:45.840+0000] {dagbag.py:545} INFO - Filling up the DagBag from /opt/airflow/dags/airflow.py
[2025-10-12T19:37:45.847+0000] {logging_mixin.py:188} INFO - [2025-10-12T19:37:45.846+0000] {dagbag.py:355} ERROR - Failed to import: /opt/airflow/dags/airflow.py
Traceback (most recent call last):
  File "/home/airflow/.local/lib/python3.12/site-packages/airflow/models/dagbag.py", line 351, in parse
    loader.exec_module(new_module)
  File "<frozen importlib._bootstrap_external>", line 995, in exec_module
  File "<frozen importlib._bootstrap>", line 488, in _call_with_frames_removed
  File "/opt/airflow/dags/airflow.py", line 10, in <module>
    from lab import load_data, data_preprocessing, build_save_model, load_model_elbow
  File "<frozen importlib._bootstrap>", line 1360, in _find_and_load
  File "<frozen importlib._bootstrap>", line 1331, in _find_and_load_unlocked
  File "<frozen importlib._bootstrap>", line 935, in _load_unlocked
  File "<frozen importlib._bootstrap_external>", line 991, in exec_module
  File "<frozen importlib._bootstrap_external>", line 1128, in get_code
  File "<frozen importlib._bootstrap_external>", line 1187, in get_data
OSError: [Errno 35] Resource deadlock avoided
[2025-10-12T19:37:45.847+0000] {processor.py:842} WARNING - No viable dags retrieved from /opt/airflow/dags/airflow.py
[2025-10-12T19:37:45.876+0000] {processor.py:183} INFO - Processing /opt/airflow/dags/airflow.py took 0.048 seconds
[2025-10-12T19:38:16.168+0000] {processor.py:161} INFO - Started process (PID=136) to work on /opt/airflow/dags/airflow.py
[2025-10-12T19:38:16.176+0000] {processor.py:830} INFO - Processing file /opt/airflow/dags/airflow.py for tasks to queue
[2025-10-12T19:38:16.177+0000] {logging_mixin.py:188} INFO - [2025-10-12T19:38:16.176+0000] {dagbag.py:545} INFO - Filling up the DagBag from /opt/airflow/dags/airflow.py
[2025-10-12T19:38:16.191+0000] {logging_mixin.py:188} INFO - [2025-10-12T19:38:16.189+0000] {dagbag.py:355} ERROR - Failed to import: /opt/airflow/dags/airflow.py
Traceback (most recent call last):
  File "/home/airflow/.local/lib/python3.12/site-packages/airflow/models/dagbag.py", line 351, in parse
    loader.exec_module(new_module)
  File "<frozen importlib._bootstrap_external>", line 995, in exec_module
  File "<frozen importlib._bootstrap>", line 488, in _call_with_frames_removed
  File "/opt/airflow/dags/airflow.py", line 10, in <module>
    from lab import load_data, data_preprocessing, build_save_model, load_model_elbow
  File "<frozen importlib._bootstrap>", line 1360, in _find_and_load
  File "<frozen importlib._bootstrap>", line 1331, in _find_and_load_unlocked
  File "<frozen importlib._bootstrap>", line 935, in _load_unlocked
  File "<frozen importlib._bootstrap_external>", line 991, in exec_module
  File "<frozen importlib._bootstrap_external>", line 1128, in get_code
  File "<frozen importlib._bootstrap_external>", line 1187, in get_data
OSError: [Errno 35] Resource deadlock avoided
[2025-10-12T19:38:16.204+0000] {processor.py:842} WARNING - No viable dags retrieved from /opt/airflow/dags/airflow.py
[2025-10-12T19:38:16.225+0000] {processor.py:183} INFO - Processing /opt/airflow/dags/airflow.py took 0.064 seconds
[2025-10-12T19:38:46.468+0000] {processor.py:161} INFO - Started process (PID=143) to work on /opt/airflow/dags/airflow.py
[2025-10-12T19:38:46.470+0000] {processor.py:830} INFO - Processing file /opt/airflow/dags/airflow.py for tasks to queue
[2025-10-12T19:38:46.471+0000] {logging_mixin.py:188} INFO - [2025-10-12T19:38:46.470+0000] {dagbag.py:545} INFO - Filling up the DagBag from /opt/airflow/dags/airflow.py
[2025-10-12T19:38:46.479+0000] {logging_mixin.py:188} INFO - [2025-10-12T19:38:46.477+0000] {dagbag.py:355} ERROR - Failed to import: /opt/airflow/dags/airflow.py
Traceback (most recent call last):
  File "/home/airflow/.local/lib/python3.12/site-packages/airflow/models/dagbag.py", line 351, in parse
    loader.exec_module(new_module)
  File "<frozen importlib._bootstrap_external>", line 995, in exec_module
  File "<frozen importlib._bootstrap>", line 488, in _call_with_frames_removed
  File "/opt/airflow/dags/airflow.py", line 10, in <module>
    from lab import load_data, data_preprocessing, build_save_model, load_model_elbow
  File "<frozen importlib._bootstrap>", line 1360, in _find_and_load
  File "<frozen importlib._bootstrap>", line 1331, in _find_and_load_unlocked
  File "<frozen importlib._bootstrap>", line 935, in _load_unlocked
  File "<frozen importlib._bootstrap_external>", line 991, in exec_module
  File "<frozen importlib._bootstrap_external>", line 1128, in get_code
  File "<frozen importlib._bootstrap_external>", line 1187, in get_data
OSError: [Errno 35] Resource deadlock avoided
[2025-10-12T19:38:46.480+0000] {processor.py:842} WARNING - No viable dags retrieved from /opt/airflow/dags/airflow.py
[2025-10-12T19:38:46.502+0000] {processor.py:183} INFO - Processing /opt/airflow/dags/airflow.py took 0.048 seconds
[2025-10-12T19:39:16.806+0000] {processor.py:161} INFO - Started process (PID=150) to work on /opt/airflow/dags/airflow.py
[2025-10-12T19:39:16.809+0000] {processor.py:830} INFO - Processing file /opt/airflow/dags/airflow.py for tasks to queue
[2025-10-12T19:39:16.810+0000] {logging_mixin.py:188} INFO - [2025-10-12T19:39:16.809+0000] {dagbag.py:545} INFO - Filling up the DagBag from /opt/airflow/dags/airflow.py
[2025-10-12T19:39:16.817+0000] {logging_mixin.py:188} INFO - [2025-10-12T19:39:16.816+0000] {dagbag.py:355} ERROR - Failed to import: /opt/airflow/dags/airflow.py
Traceback (most recent call last):
  File "/home/airflow/.local/lib/python3.12/site-packages/airflow/models/dagbag.py", line 351, in parse
    loader.exec_module(new_module)
  File "<frozen importlib._bootstrap_external>", line 995, in exec_module
  File "<frozen importlib._bootstrap>", line 488, in _call_with_frames_removed
  File "/opt/airflow/dags/airflow.py", line 10, in <module>
    from lab import load_data, data_preprocessing, build_save_model, load_model_elbow
  File "<frozen importlib._bootstrap>", line 1360, in _find_and_load
  File "<frozen importlib._bootstrap>", line 1331, in _find_and_load_unlocked
  File "<frozen importlib._bootstrap>", line 935, in _load_unlocked
  File "<frozen importlib._bootstrap_external>", line 991, in exec_module
  File "<frozen importlib._bootstrap_external>", line 1128, in get_code
  File "<frozen importlib._bootstrap_external>", line 1187, in get_data
OSError: [Errno 35] Resource deadlock avoided
[2025-10-12T19:39:16.818+0000] {processor.py:842} WARNING - No viable dags retrieved from /opt/airflow/dags/airflow.py
[2025-10-12T19:39:16.848+0000] {processor.py:183} INFO - Processing /opt/airflow/dags/airflow.py took 0.053 seconds
[2025-10-12T19:39:47.222+0000] {processor.py:161} INFO - Started process (PID=157) to work on /opt/airflow/dags/airflow.py
[2025-10-12T19:39:47.224+0000] {processor.py:830} INFO - Processing file /opt/airflow/dags/airflow.py for tasks to queue
[2025-10-12T19:39:47.225+0000] {logging_mixin.py:188} INFO - [2025-10-12T19:39:47.224+0000] {dagbag.py:545} INFO - Filling up the DagBag from /opt/airflow/dags/airflow.py
[2025-10-12T19:39:47.232+0000] {logging_mixin.py:188} INFO - [2025-10-12T19:39:47.231+0000] {dagbag.py:355} ERROR - Failed to import: /opt/airflow/dags/airflow.py
Traceback (most recent call last):
  File "/home/airflow/.local/lib/python3.12/site-packages/airflow/models/dagbag.py", line 351, in parse
    loader.exec_module(new_module)
  File "<frozen importlib._bootstrap_external>", line 995, in exec_module
  File "<frozen importlib._bootstrap>", line 488, in _call_with_frames_removed
  File "/opt/airflow/dags/airflow.py", line 10, in <module>
    from lab import load_data, data_preprocessing, build_save_model, load_model_elbow
  File "<frozen importlib._bootstrap>", line 1360, in _find_and_load
  File "<frozen importlib._bootstrap>", line 1331, in _find_and_load_unlocked
  File "<frozen importlib._bootstrap>", line 935, in _load_unlocked
  File "<frozen importlib._bootstrap_external>", line 991, in exec_module
  File "<frozen importlib._bootstrap_external>", line 1128, in get_code
  File "<frozen importlib._bootstrap_external>", line 1187, in get_data
OSError: [Errno 35] Resource deadlock avoided
[2025-10-12T19:39:47.232+0000] {processor.py:842} WARNING - No viable dags retrieved from /opt/airflow/dags/airflow.py
[2025-10-12T19:39:47.260+0000] {processor.py:183} INFO - Processing /opt/airflow/dags/airflow.py took 0.049 seconds
[2025-10-12T19:40:17.635+0000] {processor.py:161} INFO - Started process (PID=164) to work on /opt/airflow/dags/airflow.py
[2025-10-12T19:40:17.637+0000] {processor.py:830} INFO - Processing file /opt/airflow/dags/airflow.py for tasks to queue
[2025-10-12T19:40:17.638+0000] {logging_mixin.py:188} INFO - [2025-10-12T19:40:17.637+0000] {dagbag.py:545} INFO - Filling up the DagBag from /opt/airflow/dags/airflow.py
[2025-10-12T19:40:17.646+0000] {logging_mixin.py:188} INFO - [2025-10-12T19:40:17.645+0000] {dagbag.py:355} ERROR - Failed to import: /opt/airflow/dags/airflow.py
Traceback (most recent call last):
  File "/home/airflow/.local/lib/python3.12/site-packages/airflow/models/dagbag.py", line 351, in parse
    loader.exec_module(new_module)
  File "<frozen importlib._bootstrap_external>", line 995, in exec_module
  File "<frozen importlib._bootstrap>", line 488, in _call_with_frames_removed
  File "/opt/airflow/dags/airflow.py", line 10, in <module>
    from lab import load_data, data_preprocessing, build_save_model, load_model_elbow
  File "<frozen importlib._bootstrap>", line 1360, in _find_and_load
  File "<frozen importlib._bootstrap>", line 1331, in _find_and_load_unlocked
  File "<frozen importlib._bootstrap>", line 935, in _load_unlocked
  File "<frozen importlib._bootstrap_external>", line 991, in exec_module
  File "<frozen importlib._bootstrap_external>", line 1128, in get_code
  File "<frozen importlib._bootstrap_external>", line 1187, in get_data
OSError: [Errno 35] Resource deadlock avoided
[2025-10-12T19:40:17.647+0000] {processor.py:842} WARNING - No viable dags retrieved from /opt/airflow/dags/airflow.py
[2025-10-12T19:40:17.676+0000] {processor.py:183} INFO - Processing /opt/airflow/dags/airflow.py took 0.054 seconds
[2025-10-12T19:40:48.043+0000] {processor.py:161} INFO - Started process (PID=184) to work on /opt/airflow/dags/airflow.py
[2025-10-12T19:40:48.046+0000] {processor.py:830} INFO - Processing file /opt/airflow/dags/airflow.py for tasks to queue
[2025-10-12T19:40:48.047+0000] {logging_mixin.py:188} INFO - [2025-10-12T19:40:48.047+0000] {dagbag.py:545} INFO - Filling up the DagBag from /opt/airflow/dags/airflow.py
[2025-10-12T19:40:48.056+0000] {logging_mixin.py:188} INFO - [2025-10-12T19:40:48.054+0000] {dagbag.py:355} ERROR - Failed to import: /opt/airflow/dags/airflow.py
Traceback (most recent call last):
  File "/home/airflow/.local/lib/python3.12/site-packages/airflow/models/dagbag.py", line 351, in parse
    loader.exec_module(new_module)
  File "<frozen importlib._bootstrap_external>", line 995, in exec_module
  File "<frozen importlib._bootstrap>", line 488, in _call_with_frames_removed
  File "/opt/airflow/dags/airflow.py", line 10, in <module>
    from lab import load_data, data_preprocessing, build_save_model, load_model_elbow
  File "<frozen importlib._bootstrap>", line 1360, in _find_and_load
  File "<frozen importlib._bootstrap>", line 1331, in _find_and_load_unlocked
  File "<frozen importlib._bootstrap>", line 935, in _load_unlocked
  File "<frozen importlib._bootstrap_external>", line 991, in exec_module
  File "<frozen importlib._bootstrap_external>", line 1128, in get_code
  File "<frozen importlib._bootstrap_external>", line 1187, in get_data
OSError: [Errno 35] Resource deadlock avoided
[2025-10-12T19:40:48.056+0000] {processor.py:842} WARNING - No viable dags retrieved from /opt/airflow/dags/airflow.py
[2025-10-12T19:40:48.084+0000] {processor.py:183} INFO - Processing /opt/airflow/dags/airflow.py took 0.050 seconds
[2025-10-12T19:41:18.396+0000] {processor.py:161} INFO - Started process (PID=191) to work on /opt/airflow/dags/airflow.py
[2025-10-12T19:41:18.400+0000] {processor.py:830} INFO - Processing file /opt/airflow/dags/airflow.py for tasks to queue
[2025-10-12T19:41:18.401+0000] {logging_mixin.py:188} INFO - [2025-10-12T19:41:18.400+0000] {dagbag.py:545} INFO - Filling up the DagBag from /opt/airflow/dags/airflow.py
[2025-10-12T19:41:18.409+0000] {logging_mixin.py:188} INFO - [2025-10-12T19:41:18.407+0000] {dagbag.py:355} ERROR - Failed to import: /opt/airflow/dags/airflow.py
Traceback (most recent call last):
  File "/home/airflow/.local/lib/python3.12/site-packages/airflow/models/dagbag.py", line 351, in parse
    loader.exec_module(new_module)
  File "<frozen importlib._bootstrap_external>", line 995, in exec_module
  File "<frozen importlib._bootstrap>", line 488, in _call_with_frames_removed
  File "/opt/airflow/dags/airflow.py", line 10, in <module>
    from lab import load_data, data_preprocessing, build_save_model, load_model_elbow
  File "<frozen importlib._bootstrap>", line 1360, in _find_and_load
  File "<frozen importlib._bootstrap>", line 1331, in _find_and_load_unlocked
  File "<frozen importlib._bootstrap>", line 935, in _load_unlocked
  File "<frozen importlib._bootstrap_external>", line 991, in exec_module
  File "<frozen importlib._bootstrap_external>", line 1128, in get_code
  File "<frozen importlib._bootstrap_external>", line 1187, in get_data
OSError: [Errno 35] Resource deadlock avoided
[2025-10-12T19:41:18.409+0000] {processor.py:842} WARNING - No viable dags retrieved from /opt/airflow/dags/airflow.py
[2025-10-12T19:41:18.433+0000] {processor.py:183} INFO - Processing /opt/airflow/dags/airflow.py took 0.045 seconds
[2025-10-12T19:41:48.715+0000] {processor.py:161} INFO - Started process (PID=198) to work on /opt/airflow/dags/airflow.py
[2025-10-12T19:41:48.718+0000] {processor.py:830} INFO - Processing file /opt/airflow/dags/airflow.py for tasks to queue
[2025-10-12T19:41:48.719+0000] {logging_mixin.py:188} INFO - [2025-10-12T19:41:48.719+0000] {dagbag.py:545} INFO - Filling up the DagBag from /opt/airflow/dags/airflow.py
[2025-10-12T19:41:48.727+0000] {logging_mixin.py:188} INFO - [2025-10-12T19:41:48.724+0000] {dagbag.py:355} ERROR - Failed to import: /opt/airflow/dags/airflow.py
Traceback (most recent call last):
  File "/home/airflow/.local/lib/python3.12/site-packages/airflow/models/dagbag.py", line 351, in parse
    loader.exec_module(new_module)
  File "<frozen importlib._bootstrap_external>", line 995, in exec_module
  File "<frozen importlib._bootstrap>", line 488, in _call_with_frames_removed
  File "/opt/airflow/dags/airflow.py", line 10, in <module>
    from lab import load_data, data_preprocessing, build_save_model, load_model_elbow
  File "<frozen importlib._bootstrap>", line 1360, in _find_and_load
  File "<frozen importlib._bootstrap>", line 1331, in _find_and_load_unlocked
  File "<frozen importlib._bootstrap>", line 935, in _load_unlocked
  File "<frozen importlib._bootstrap_external>", line 991, in exec_module
  File "<frozen importlib._bootstrap_external>", line 1128, in get_code
  File "<frozen importlib._bootstrap_external>", line 1187, in get_data
OSError: [Errno 35] Resource deadlock avoided
[2025-10-12T19:41:48.728+0000] {processor.py:842} WARNING - No viable dags retrieved from /opt/airflow/dags/airflow.py
[2025-10-12T19:41:48.747+0000] {processor.py:183} INFO - Processing /opt/airflow/dags/airflow.py took 0.043 seconds
[2025-10-12T19:42:19.018+0000] {processor.py:161} INFO - Started process (PID=205) to work on /opt/airflow/dags/airflow.py
[2025-10-12T19:42:19.021+0000] {processor.py:830} INFO - Processing file /opt/airflow/dags/airflow.py for tasks to queue
[2025-10-12T19:42:19.023+0000] {logging_mixin.py:188} INFO - [2025-10-12T19:42:19.021+0000] {dagbag.py:545} INFO - Filling up the DagBag from /opt/airflow/dags/airflow.py
[2025-10-12T19:42:19.032+0000] {logging_mixin.py:188} INFO - [2025-10-12T19:42:19.030+0000] {dagbag.py:355} ERROR - Failed to import: /opt/airflow/dags/airflow.py
Traceback (most recent call last):
  File "/home/airflow/.local/lib/python3.12/site-packages/airflow/models/dagbag.py", line 351, in parse
    loader.exec_module(new_module)
  File "<frozen importlib._bootstrap_external>", line 995, in exec_module
  File "<frozen importlib._bootstrap>", line 488, in _call_with_frames_removed
  File "/opt/airflow/dags/airflow.py", line 10, in <module>
    from lab import load_data, data_preprocessing, build_save_model, load_model_elbow
  File "<frozen importlib._bootstrap>", line 1360, in _find_and_load
  File "<frozen importlib._bootstrap>", line 1331, in _find_and_load_unlocked
  File "<frozen importlib._bootstrap>", line 935, in _load_unlocked
  File "<frozen importlib._bootstrap_external>", line 991, in exec_module
  File "<frozen importlib._bootstrap_external>", line 1128, in get_code
  File "<frozen importlib._bootstrap_external>", line 1187, in get_data
OSError: [Errno 35] Resource deadlock avoided
[2025-10-12T19:42:19.032+0000] {processor.py:842} WARNING - No viable dags retrieved from /opt/airflow/dags/airflow.py
[2025-10-12T19:42:19.057+0000] {processor.py:183} INFO - Processing /opt/airflow/dags/airflow.py took 0.049 seconds
[2025-10-12T19:42:49.347+0000] {processor.py:161} INFO - Started process (PID=212) to work on /opt/airflow/dags/airflow.py
[2025-10-12T19:42:49.348+0000] {processor.py:830} INFO - Processing file /opt/airflow/dags/airflow.py for tasks to queue
[2025-10-12T19:42:49.349+0000] {logging_mixin.py:188} INFO - [2025-10-12T19:42:49.349+0000] {dagbag.py:545} INFO - Filling up the DagBag from /opt/airflow/dags/airflow.py
[2025-10-12T19:42:49.357+0000] {logging_mixin.py:188} INFO - [2025-10-12T19:42:49.355+0000] {dagbag.py:355} ERROR - Failed to import: /opt/airflow/dags/airflow.py
Traceback (most recent call last):
  File "/home/airflow/.local/lib/python3.12/site-packages/airflow/models/dagbag.py", line 351, in parse
    loader.exec_module(new_module)
  File "<frozen importlib._bootstrap_external>", line 995, in exec_module
  File "<frozen importlib._bootstrap>", line 488, in _call_with_frames_removed
  File "/opt/airflow/dags/airflow.py", line 10, in <module>
    from lab import load_data, data_preprocessing, build_save_model, load_model_elbow
  File "<frozen importlib._bootstrap>", line 1360, in _find_and_load
  File "<frozen importlib._bootstrap>", line 1331, in _find_and_load_unlocked
  File "<frozen importlib._bootstrap>", line 935, in _load_unlocked
  File "<frozen importlib._bootstrap_external>", line 991, in exec_module
  File "<frozen importlib._bootstrap_external>", line 1128, in get_code
  File "<frozen importlib._bootstrap_external>", line 1187, in get_data
OSError: [Errno 35] Resource deadlock avoided
[2025-10-12T19:42:49.357+0000] {processor.py:842} WARNING - No viable dags retrieved from /opt/airflow/dags/airflow.py
[2025-10-12T19:42:49.378+0000] {processor.py:183} INFO - Processing /opt/airflow/dags/airflow.py took 0.040 seconds
[2025-10-12T19:43:19.692+0000] {processor.py:161} INFO - Started process (PID=219) to work on /opt/airflow/dags/airflow.py
[2025-10-12T19:43:19.694+0000] {processor.py:830} INFO - Processing file /opt/airflow/dags/airflow.py for tasks to queue
[2025-10-12T19:43:19.694+0000] {logging_mixin.py:188} INFO - [2025-10-12T19:43:19.694+0000] {dagbag.py:545} INFO - Filling up the DagBag from /opt/airflow/dags/airflow.py
[2025-10-12T19:43:19.710+0000] {logging_mixin.py:188} INFO - [2025-10-12T19:43:19.709+0000] {dagbag.py:355} ERROR - Failed to import: /opt/airflow/dags/airflow.py
Traceback (most recent call last):
  File "/home/airflow/.local/lib/python3.12/site-packages/airflow/models/dagbag.py", line 351, in parse
    loader.exec_module(new_module)
  File "<frozen importlib._bootstrap_external>", line 995, in exec_module
  File "<frozen importlib._bootstrap>", line 488, in _call_with_frames_removed
  File "/opt/airflow/dags/airflow.py", line 10, in <module>
    from lab import load_data, data_preprocessing, build_save_model, load_model_elbow
  File "<frozen importlib._bootstrap>", line 1360, in _find_and_load
  File "<frozen importlib._bootstrap>", line 1331, in _find_and_load_unlocked
  File "<frozen importlib._bootstrap>", line 935, in _load_unlocked
  File "<frozen importlib._bootstrap_external>", line 991, in exec_module
  File "<frozen importlib._bootstrap_external>", line 1128, in get_code
  File "<frozen importlib._bootstrap_external>", line 1187, in get_data
OSError: [Errno 35] Resource deadlock avoided
[2025-10-12T19:43:19.710+0000] {processor.py:842} WARNING - No viable dags retrieved from /opt/airflow/dags/airflow.py
[2025-10-12T19:43:19.744+0000] {processor.py:183} INFO - Processing /opt/airflow/dags/airflow.py took 0.062 seconds
[2025-10-12T19:43:49.998+0000] {processor.py:161} INFO - Started process (PID=226) to work on /opt/airflow/dags/airflow.py
[2025-10-12T19:43:50.002+0000] {processor.py:830} INFO - Processing file /opt/airflow/dags/airflow.py for tasks to queue
[2025-10-12T19:43:50.010+0000] {logging_mixin.py:188} INFO - [2025-10-12T19:43:50.007+0000] {dagbag.py:545} INFO - Filling up the DagBag from /opt/airflow/dags/airflow.py
[2025-10-12T19:43:50.026+0000] {logging_mixin.py:188} INFO - [2025-10-12T19:43:50.022+0000] {dagbag.py:355} ERROR - Failed to import: /opt/airflow/dags/airflow.py
Traceback (most recent call last):
  File "/home/airflow/.local/lib/python3.12/site-packages/airflow/models/dagbag.py", line 351, in parse
    loader.exec_module(new_module)
  File "<frozen importlib._bootstrap_external>", line 995, in exec_module
  File "<frozen importlib._bootstrap>", line 488, in _call_with_frames_removed
  File "/opt/airflow/dags/airflow.py", line 10, in <module>
    from lab import load_data, data_preprocessing, build_save_model, load_model_elbow
  File "<frozen importlib._bootstrap>", line 1360, in _find_and_load
  File "<frozen importlib._bootstrap>", line 1331, in _find_and_load_unlocked
  File "<frozen importlib._bootstrap>", line 935, in _load_unlocked
  File "<frozen importlib._bootstrap_external>", line 991, in exec_module
  File "<frozen importlib._bootstrap_external>", line 1128, in get_code
  File "<frozen importlib._bootstrap_external>", line 1187, in get_data
OSError: [Errno 35] Resource deadlock avoided
[2025-10-12T19:43:50.027+0000] {processor.py:842} WARNING - No viable dags retrieved from /opt/airflow/dags/airflow.py
[2025-10-12T19:43:50.129+0000] {processor.py:183} INFO - Processing /opt/airflow/dags/airflow.py took 0.148 seconds
[2025-10-12T19:44:20.304+0000] {processor.py:161} INFO - Started process (PID=233) to work on /opt/airflow/dags/airflow.py
[2025-10-12T19:44:20.312+0000] {processor.py:830} INFO - Processing file /opt/airflow/dags/airflow.py for tasks to queue
[2025-10-12T19:44:20.313+0000] {logging_mixin.py:188} INFO - [2025-10-12T19:44:20.313+0000] {dagbag.py:545} INFO - Filling up the DagBag from /opt/airflow/dags/airflow.py
[2025-10-12T19:44:20.332+0000] {logging_mixin.py:188} INFO - [2025-10-12T19:44:20.331+0000] {dagbag.py:355} ERROR - Failed to import: /opt/airflow/dags/airflow.py
Traceback (most recent call last):
  File "/home/airflow/.local/lib/python3.12/site-packages/airflow/models/dagbag.py", line 351, in parse
    loader.exec_module(new_module)
  File "<frozen importlib._bootstrap_external>", line 995, in exec_module
  File "<frozen importlib._bootstrap>", line 488, in _call_with_frames_removed
  File "/opt/airflow/dags/airflow.py", line 10, in <module>
    from lab import load_data, data_preprocessing, build_save_model, load_model_elbow
  File "<frozen importlib._bootstrap>", line 1360, in _find_and_load
  File "<frozen importlib._bootstrap>", line 1331, in _find_and_load_unlocked
  File "<frozen importlib._bootstrap>", line 935, in _load_unlocked
  File "<frozen importlib._bootstrap_external>", line 991, in exec_module
  File "<frozen importlib._bootstrap_external>", line 1128, in get_code
  File "<frozen importlib._bootstrap_external>", line 1187, in get_data
OSError: [Errno 35] Resource deadlock avoided
[2025-10-12T19:44:20.332+0000] {processor.py:842} WARNING - No viable dags retrieved from /opt/airflow/dags/airflow.py
[2025-10-12T19:44:20.370+0000] {processor.py:183} INFO - Processing /opt/airflow/dags/airflow.py took 0.080 seconds
[2025-10-12T19:44:50.713+0000] {processor.py:161} INFO - Started process (PID=240) to work on /opt/airflow/dags/airflow.py
[2025-10-12T19:44:50.715+0000] {processor.py:830} INFO - Processing file /opt/airflow/dags/airflow.py for tasks to queue
[2025-10-12T19:44:50.716+0000] {logging_mixin.py:188} INFO - [2025-10-12T19:44:50.716+0000] {dagbag.py:545} INFO - Filling up the DagBag from /opt/airflow/dags/airflow.py
[2025-10-12T19:44:50.723+0000] {logging_mixin.py:188} INFO - [2025-10-12T19:44:50.721+0000] {dagbag.py:355} ERROR - Failed to import: /opt/airflow/dags/airflow.py
Traceback (most recent call last):
  File "/home/airflow/.local/lib/python3.12/site-packages/airflow/models/dagbag.py", line 351, in parse
    loader.exec_module(new_module)
  File "<frozen importlib._bootstrap_external>", line 995, in exec_module
  File "<frozen importlib._bootstrap>", line 488, in _call_with_frames_removed
  File "/opt/airflow/dags/airflow.py", line 10, in <module>
    from lab import load_data, data_preprocessing, build_save_model, load_model_elbow
  File "<frozen importlib._bootstrap>", line 1360, in _find_and_load
  File "<frozen importlib._bootstrap>", line 1331, in _find_and_load_unlocked
  File "<frozen importlib._bootstrap>", line 935, in _load_unlocked
  File "<frozen importlib._bootstrap_external>", line 991, in exec_module
  File "<frozen importlib._bootstrap_external>", line 1128, in get_code
  File "<frozen importlib._bootstrap_external>", line 1187, in get_data
OSError: [Errno 35] Resource deadlock avoided
[2025-10-12T19:44:50.723+0000] {processor.py:842} WARNING - No viable dags retrieved from /opt/airflow/dags/airflow.py
[2025-10-12T19:44:50.741+0000] {processor.py:183} INFO - Processing /opt/airflow/dags/airflow.py took 0.039 seconds
[2025-10-12T19:45:20.974+0000] {processor.py:161} INFO - Started process (PID=247) to work on /opt/airflow/dags/airflow.py
[2025-10-12T19:45:20.976+0000] {processor.py:830} INFO - Processing file /opt/airflow/dags/airflow.py for tasks to queue
[2025-10-12T19:45:20.977+0000] {logging_mixin.py:188} INFO - [2025-10-12T19:45:20.977+0000] {dagbag.py:545} INFO - Filling up the DagBag from /opt/airflow/dags/airflow.py
[2025-10-12T19:45:20.984+0000] {logging_mixin.py:188} INFO - [2025-10-12T19:45:20.982+0000] {dagbag.py:355} ERROR - Failed to import: /opt/airflow/dags/airflow.py
Traceback (most recent call last):
  File "/home/airflow/.local/lib/python3.12/site-packages/airflow/models/dagbag.py", line 351, in parse
    loader.exec_module(new_module)
  File "<frozen importlib._bootstrap_external>", line 995, in exec_module
  File "<frozen importlib._bootstrap>", line 488, in _call_with_frames_removed
  File "/opt/airflow/dags/airflow.py", line 10, in <module>
    from lab import load_data, data_preprocessing, build_save_model, load_model_elbow
  File "<frozen importlib._bootstrap>", line 1360, in _find_and_load
  File "<frozen importlib._bootstrap>", line 1331, in _find_and_load_unlocked
  File "<frozen importlib._bootstrap>", line 935, in _load_unlocked
  File "<frozen importlib._bootstrap_external>", line 991, in exec_module
  File "<frozen importlib._bootstrap_external>", line 1128, in get_code
  File "<frozen importlib._bootstrap_external>", line 1187, in get_data
OSError: [Errno 35] Resource deadlock avoided
[2025-10-12T19:45:20.984+0000] {processor.py:842} WARNING - No viable dags retrieved from /opt/airflow/dags/airflow.py
[2025-10-12T19:45:21.002+0000] {processor.py:183} INFO - Processing /opt/airflow/dags/airflow.py took 0.036 seconds
[2025-10-12T19:45:51.263+0000] {processor.py:161} INFO - Started process (PID=254) to work on /opt/airflow/dags/airflow.py
[2025-10-12T19:45:51.265+0000] {processor.py:830} INFO - Processing file /opt/airflow/dags/airflow.py for tasks to queue
[2025-10-12T19:45:51.266+0000] {logging_mixin.py:188} INFO - [2025-10-12T19:45:51.266+0000] {dagbag.py:545} INFO - Filling up the DagBag from /opt/airflow/dags/airflow.py
[2025-10-12T19:45:51.272+0000] {logging_mixin.py:188} INFO - [2025-10-12T19:45:51.271+0000] {dagbag.py:355} ERROR - Failed to import: /opt/airflow/dags/airflow.py
Traceback (most recent call last):
  File "/home/airflow/.local/lib/python3.12/site-packages/airflow/models/dagbag.py", line 351, in parse
    loader.exec_module(new_module)
  File "<frozen importlib._bootstrap_external>", line 995, in exec_module
  File "<frozen importlib._bootstrap>", line 488, in _call_with_frames_removed
  File "/opt/airflow/dags/airflow.py", line 10, in <module>
    from lab import load_data, data_preprocessing, build_save_model, load_model_elbow
  File "<frozen importlib._bootstrap>", line 1360, in _find_and_load
  File "<frozen importlib._bootstrap>", line 1331, in _find_and_load_unlocked
  File "<frozen importlib._bootstrap>", line 935, in _load_unlocked
  File "<frozen importlib._bootstrap_external>", line 991, in exec_module
  File "<frozen importlib._bootstrap_external>", line 1128, in get_code
  File "<frozen importlib._bootstrap_external>", line 1187, in get_data
OSError: [Errno 35] Resource deadlock avoided
[2025-10-12T19:45:51.273+0000] {processor.py:842} WARNING - No viable dags retrieved from /opt/airflow/dags/airflow.py
[2025-10-12T19:45:51.287+0000] {processor.py:183} INFO - Processing /opt/airflow/dags/airflow.py took 0.031 seconds
[2025-10-12T19:46:21.512+0000] {processor.py:161} INFO - Started process (PID=261) to work on /opt/airflow/dags/airflow.py
[2025-10-12T19:46:21.514+0000] {processor.py:830} INFO - Processing file /opt/airflow/dags/airflow.py for tasks to queue
[2025-10-12T19:46:21.515+0000] {logging_mixin.py:188} INFO - [2025-10-12T19:46:21.514+0000] {dagbag.py:545} INFO - Filling up the DagBag from /opt/airflow/dags/airflow.py
[2025-10-12T19:46:24.519+0000] {processor.py:840} INFO - DAG(s) 'Airflow_Lab1' retrieved from /opt/airflow/dags/airflow.py
[2025-10-12T19:46:24.681+0000] {logging_mixin.py:188} INFO - [2025-10-12T19:46:24.680+0000] {override.py:1829} INFO - Created Permission View: can read on DAG:Airflow_Lab1
[2025-10-12T19:46:24.684+0000] {logging_mixin.py:188} INFO - [2025-10-12T19:46:24.684+0000] {override.py:1829} INFO - Created Permission View: can edit on DAG:Airflow_Lab1
[2025-10-12T19:46:24.686+0000] {logging_mixin.py:188} INFO - [2025-10-12T19:46:24.686+0000] {override.py:1829} INFO - Created Permission View: can delete on DAG:Airflow_Lab1
[2025-10-12T19:46:24.686+0000] {logging_mixin.py:188} INFO - [2025-10-12T19:46:24.686+0000] {dag.py:3096} INFO - Sync 1 DAGs
[2025-10-12T19:46:24.690+0000] {logging_mixin.py:188} INFO - [2025-10-12T19:46:24.690+0000] {dag.py:3118} INFO - Creating ORM DAG for Airflow_Lab1
[2025-10-12T19:46:24.690+0000] {logging_mixin.py:188} INFO - [2025-10-12T19:46:24.690+0000] {dag.py:3954} INFO - Setting next_dagrun for Airflow_Lab1 to None, run_after=None
[2025-10-12T19:46:24.696+0000] {processor.py:183} INFO - Processing /opt/airflow/dags/airflow.py took 3.192 seconds
[2025-10-12T19:46:54.877+0000] {processor.py:161} INFO - Started process (PID=276) to work on /opt/airflow/dags/airflow.py
[2025-10-12T19:46:54.879+0000] {processor.py:830} INFO - Processing file /opt/airflow/dags/airflow.py for tasks to queue
[2025-10-12T19:46:54.880+0000] {logging_mixin.py:188} INFO - [2025-10-12T19:46:54.879+0000] {dagbag.py:545} INFO - Filling up the DagBag from /opt/airflow/dags/airflow.py
[2025-10-12T19:46:55.582+0000] {processor.py:840} INFO - DAG(s) 'Airflow_Lab1' retrieved from /opt/airflow/dags/airflow.py
[2025-10-12T19:46:55.600+0000] {logging_mixin.py:188} INFO - [2025-10-12T19:46:55.600+0000] {dag.py:3096} INFO - Sync 1 DAGs
[2025-10-12T19:46:55.605+0000] {logging_mixin.py:188} INFO - [2025-10-12T19:46:55.605+0000] {dag.py:3954} INFO - Setting next_dagrun for Airflow_Lab1 to None, run_after=None
[2025-10-12T19:46:55.613+0000] {processor.py:183} INFO - Processing /opt/airflow/dags/airflow.py took 0.742 seconds
[2025-10-12T19:47:25.899+0000] {processor.py:161} INFO - Started process (PID=291) to work on /opt/airflow/dags/airflow.py
[2025-10-12T19:47:25.901+0000] {processor.py:830} INFO - Processing file /opt/airflow/dags/airflow.py for tasks to queue
[2025-10-12T19:47:25.903+0000] {logging_mixin.py:188} INFO - [2025-10-12T19:47:25.902+0000] {dagbag.py:545} INFO - Filling up the DagBag from /opt/airflow/dags/airflow.py
[2025-10-12T19:47:26.545+0000] {processor.py:840} INFO - DAG(s) 'Airflow_Lab1' retrieved from /opt/airflow/dags/airflow.py
[2025-10-12T19:47:26.557+0000] {logging_mixin.py:188} INFO - [2025-10-12T19:47:26.557+0000] {dag.py:3096} INFO - Sync 1 DAGs
[2025-10-12T19:47:26.563+0000] {logging_mixin.py:188} INFO - [2025-10-12T19:47:26.563+0000] {dag.py:3954} INFO - Setting next_dagrun for Airflow_Lab1 to None, run_after=None
[2025-10-12T19:47:26.569+0000] {processor.py:183} INFO - Processing /opt/airflow/dags/airflow.py took 0.676 seconds
[2025-10-12T19:47:56.801+0000] {processor.py:161} INFO - Started process (PID=306) to work on /opt/airflow/dags/airflow.py
[2025-10-12T19:47:56.804+0000] {processor.py:830} INFO - Processing file /opt/airflow/dags/airflow.py for tasks to queue
[2025-10-12T19:47:56.805+0000] {logging_mixin.py:188} INFO - [2025-10-12T19:47:56.805+0000] {dagbag.py:545} INFO - Filling up the DagBag from /opt/airflow/dags/airflow.py
[2025-10-12T19:47:57.435+0000] {processor.py:840} INFO - DAG(s) 'Airflow_Lab1' retrieved from /opt/airflow/dags/airflow.py
[2025-10-12T19:47:57.450+0000] {logging_mixin.py:188} INFO - [2025-10-12T19:47:57.450+0000] {dag.py:3096} INFO - Sync 1 DAGs
[2025-10-12T19:47:57.458+0000] {logging_mixin.py:188} INFO - [2025-10-12T19:47:57.458+0000] {dag.py:3954} INFO - Setting next_dagrun for Airflow_Lab1 to None, run_after=None
[2025-10-12T19:47:57.466+0000] {processor.py:183} INFO - Processing /opt/airflow/dags/airflow.py took 0.669 seconds
[2025-10-12T19:48:27.799+0000] {processor.py:161} INFO - Started process (PID=321) to work on /opt/airflow/dags/airflow.py
[2025-10-12T19:48:27.800+0000] {processor.py:830} INFO - Processing file /opt/airflow/dags/airflow.py for tasks to queue
[2025-10-12T19:48:27.801+0000] {logging_mixin.py:188} INFO - [2025-10-12T19:48:27.801+0000] {dagbag.py:545} INFO - Filling up the DagBag from /opt/airflow/dags/airflow.py
[2025-10-12T19:48:28.403+0000] {processor.py:840} INFO - DAG(s) 'Airflow_Lab1' retrieved from /opt/airflow/dags/airflow.py
[2025-10-12T19:48:28.413+0000] {logging_mixin.py:188} INFO - [2025-10-12T19:48:28.413+0000] {dag.py:3096} INFO - Sync 1 DAGs
[2025-10-12T19:48:28.417+0000] {logging_mixin.py:188} INFO - [2025-10-12T19:48:28.417+0000] {dag.py:3954} INFO - Setting next_dagrun for Airflow_Lab1 to None, run_after=None
[2025-10-12T19:48:28.424+0000] {processor.py:183} INFO - Processing /opt/airflow/dags/airflow.py took 0.635 seconds
[2025-10-12T19:48:58.759+0000] {processor.py:161} INFO - Started process (PID=336) to work on /opt/airflow/dags/airflow.py
[2025-10-12T19:48:58.760+0000] {processor.py:830} INFO - Processing file /opt/airflow/dags/airflow.py for tasks to queue
[2025-10-12T19:48:58.761+0000] {logging_mixin.py:188} INFO - [2025-10-12T19:48:58.760+0000] {dagbag.py:545} INFO - Filling up the DagBag from /opt/airflow/dags/airflow.py
[2025-10-12T19:48:59.578+0000] {processor.py:840} INFO - DAG(s) 'Airflow_Lab1' retrieved from /opt/airflow/dags/airflow.py
[2025-10-12T19:48:59.589+0000] {logging_mixin.py:188} INFO - [2025-10-12T19:48:59.588+0000] {dag.py:3096} INFO - Sync 1 DAGs
[2025-10-12T19:48:59.598+0000] {logging_mixin.py:188} INFO - [2025-10-12T19:48:59.598+0000] {dag.py:3954} INFO - Setting next_dagrun for Airflow_Lab1 to None, run_after=None
[2025-10-12T19:48:59.609+0000] {processor.py:183} INFO - Processing /opt/airflow/dags/airflow.py took 0.856 seconds
[2025-10-12T19:49:29.671+0000] {processor.py:161} INFO - Started process (PID=351) to work on /opt/airflow/dags/airflow.py
[2025-10-12T19:49:29.673+0000] {processor.py:830} INFO - Processing file /opt/airflow/dags/airflow.py for tasks to queue
[2025-10-12T19:49:29.674+0000] {logging_mixin.py:188} INFO - [2025-10-12T19:49:29.674+0000] {dagbag.py:545} INFO - Filling up the DagBag from /opt/airflow/dags/airflow.py
[2025-10-12T19:49:30.525+0000] {processor.py:840} INFO - DAG(s) 'Airflow_Lab1' retrieved from /opt/airflow/dags/airflow.py
[2025-10-12T19:49:30.559+0000] {logging_mixin.py:188} INFO - [2025-10-12T19:49:30.559+0000] {dag.py:3096} INFO - Sync 1 DAGs
[2025-10-12T19:49:30.570+0000] {logging_mixin.py:188} INFO - [2025-10-12T19:49:30.570+0000] {dag.py:3954} INFO - Setting next_dagrun for Airflow_Lab1 to None, run_after=None
[2025-10-12T19:49:30.591+0000] {processor.py:183} INFO - Processing /opt/airflow/dags/airflow.py took 0.928 seconds
[2025-10-12T19:50:00.931+0000] {processor.py:161} INFO - Started process (PID=366) to work on /opt/airflow/dags/airflow.py
[2025-10-12T19:50:00.933+0000] {processor.py:830} INFO - Processing file /opt/airflow/dags/airflow.py for tasks to queue
[2025-10-12T19:50:00.933+0000] {logging_mixin.py:188} INFO - [2025-10-12T19:50:00.933+0000] {dagbag.py:545} INFO - Filling up the DagBag from /opt/airflow/dags/airflow.py
[2025-10-12T19:50:01.703+0000] {processor.py:840} INFO - DAG(s) 'Airflow_Lab1' retrieved from /opt/airflow/dags/airflow.py
[2025-10-12T19:50:01.721+0000] {logging_mixin.py:188} INFO - [2025-10-12T19:50:01.721+0000] {dag.py:3096} INFO - Sync 1 DAGs
[2025-10-12T19:50:01.732+0000] {logging_mixin.py:188} INFO - [2025-10-12T19:50:01.732+0000] {dag.py:3954} INFO - Setting next_dagrun for Airflow_Lab1 to None, run_after=None
[2025-10-12T19:50:01.760+0000] {processor.py:183} INFO - Processing /opt/airflow/dags/airflow.py took 0.835 seconds
[2025-10-12T19:50:32.046+0000] {processor.py:161} INFO - Started process (PID=381) to work on /opt/airflow/dags/airflow.py
[2025-10-12T19:50:32.048+0000] {processor.py:830} INFO - Processing file /opt/airflow/dags/airflow.py for tasks to queue
[2025-10-12T19:50:32.049+0000] {logging_mixin.py:188} INFO - [2025-10-12T19:50:32.049+0000] {dagbag.py:545} INFO - Filling up the DagBag from /opt/airflow/dags/airflow.py
[2025-10-12T19:50:32.761+0000] {processor.py:840} INFO - DAG(s) 'Airflow_Lab1' retrieved from /opt/airflow/dags/airflow.py
[2025-10-12T19:50:32.781+0000] {logging_mixin.py:188} INFO - [2025-10-12T19:50:32.780+0000] {dag.py:3096} INFO - Sync 1 DAGs
[2025-10-12T19:50:32.787+0000] {logging_mixin.py:188} INFO - [2025-10-12T19:50:32.787+0000] {dag.py:3954} INFO - Setting next_dagrun for Airflow_Lab1 to None, run_after=None
[2025-10-12T19:50:32.794+0000] {processor.py:183} INFO - Processing /opt/airflow/dags/airflow.py took 0.758 seconds
[2025-10-12T20:00:12.970+0000] {processor.py:161} INFO - Started process (PID=59) to work on /opt/airflow/dags/airflow.py
[2025-10-12T20:00:12.972+0000] {processor.py:830} INFO - Processing file /opt/airflow/dags/airflow.py for tasks to queue
[2025-10-12T20:00:12.974+0000] {logging_mixin.py:188} INFO - [2025-10-12T20:00:12.974+0000] {dagbag.py:545} INFO - Filling up the DagBag from /opt/airflow/dags/airflow.py
[2025-10-12T20:00:15.198+0000] {processor.py:840} INFO - DAG(s) 'Airflow_Lab1' retrieved from /opt/airflow/dags/airflow.py
[2025-10-12T20:00:15.346+0000] {logging_mixin.py:188} INFO - [2025-10-12T20:00:15.345+0000] {dag.py:3096} INFO - Sync 1 DAGs
[2025-10-12T20:00:15.376+0000] {logging_mixin.py:188} INFO - [2025-10-12T20:00:15.376+0000] {dag.py:3954} INFO - Setting next_dagrun for Airflow_Lab1 to None, run_after=None
[2025-10-12T20:00:15.407+0000] {processor.py:183} INFO - Processing /opt/airflow/dags/airflow.py took 2.442 seconds
