#0 building with "desktop-linux" instance using docker driver

#1 [internal] load build definition from Dockerfile
#1 transferring dockerfile: 415B done
#1 DONE 0.0s

#2 [internal] load metadata for docker.io/library/python:3.9
#2 DONE 0.4s

#3 [internal] load .dockerignore
#3 transferring context: 2B done
#3 DONE 0.0s

#4 [internal] load build context
#4 transferring context: 64B done
#4 DONE 0.0s

#5 [1/5] FROM docker.io/library/python:3.9@sha256:10fd44b61d572db6b12c9f4753cf21b2d369147d6ea0c742fa26f571f4f9e293
#5 resolve docker.io/library/python:3.9@sha256:10fd44b61d572db6b12c9f4753cf21b2d369147d6ea0c742fa26f571f4f9e293 0.0s done
#5 DONE 0.0s

#6 [3/5] COPY requirements.txt .
#6 CACHED

#7 [4/5] RUN pip install --no-cache-dir -r requirements.txt
#7 CACHED

#8 [2/5] WORKDIR /app
#8 CACHED

#9 [5/5] COPY main.py .
#9 CACHED

#10 exporting to image
#10 exporting layers done
#10 exporting manifest sha256:8c85925073507da089045ddb76fa76dc9fc93756e73bc22c34764c2f3f8f8060 done
#10 exporting config sha256:e93af60991eb2d56e74b11750e9db33b6544577e034984249f59ecfa49a9994d done
#10 exporting attestation manifest sha256:f4412949e93dc8caf63cc5dc7e997c066040e014e8afc26661342f629418b751 done
#10 exporting manifest list sha256:37bf1fedc7d048dffd9185c5bd552f97074e1a773feed9c819011306a55c2f59 done
#10 naming to docker.io/library/wine-api:latest done
#10 unpacking to docker.io/library/wine-api:latest done
#10 DONE 0.1s

View build details: docker-desktop://dashboard/build/desktop-linux/desktop-linux/sn6ezm0ww2yn2rpatuz6002mv
