[2025-10-12T19:26:20.727+0000] {manager.py:470} INFO - Processing files using up to 2 processes at a time 
[2025-10-12T19:26:20.729+0000] {manager.py:471} INFO - Process each file at most once every 30 seconds
[2025-10-12T19:26:20.730+0000] {manager.py:472} INFO - Checking for new files in /opt/airflow/dags every 300 seconds
[2025-10-12T19:26:20.730+0000] {manager.py:737} INFO - Searching for files in /opt/airflow/dags
[2025-10-12T19:26:20.747+0000] {manager.py:740} INFO - There are 0 files in /opt/airflow/dags
[2025-10-12T19:31:21.284+0000] {manager.py:737} INFO - Searching for files in /opt/airflow/dags
[2025-10-12T19:31:21.429+0000] {manager.py:740} INFO - There are 1 files in /opt/airflow/dags
[2025-10-12T19:31:24.421+0000] {manager.py:878} INFO - 
================================================================================
DAG File Processing Stats

File Path                     PID    Runtime      # DAGs    # Errors  Last Runtime    Last Run
----------------------------  -----  ---------  --------  ----------  --------------  -------------------
/opt/airflow/dags/airflow.py                           0           1  0.65s           2025-10-12T19:31:22
================================================================================
[2025-10-12T19:31:55.090+0000] {manager.py:878} INFO - 
================================================================================
DAG File Processing Stats

File Path                     PID    Runtime      # DAGs    # Errors  Last Runtime    Last Run
----------------------------  -----  ---------  --------  ----------  --------------  -------------------
/opt/airflow/dags/airflow.py                           0           1  0.46s           2025-10-12T19:31:53
================================================================================
[2025-10-12T19:32:25.374+0000] {manager.py:878} INFO - 
================================================================================
DAG File Processing Stats

File Path                     PID    Runtime      # DAGs    # Errors  Last Runtime    Last Run
----------------------------  -----  ---------  --------  ----------  --------------  -------------------
/opt/airflow/dags/airflow.py                           0           1  0.09s           2025-10-12T19:32:23
================================================================================
[2025-10-12T19:32:47.544+0000] {manager.py:452} INFO - Exiting gracefully upon receiving signal 15
[2025-10-12T19:34:43.652+0000] {manager.py:470} INFO - Processing files using up to 2 processes at a time 
[2025-10-12T19:34:43.654+0000] {manager.py:471} INFO - Process each file at most once every 30 seconds
[2025-10-12T19:34:43.655+0000] {manager.py:472} INFO - Checking for new files in /opt/airflow/dags every 300 seconds
[2025-10-12T19:34:43.655+0000] {manager.py:737} INFO - Searching for files in /opt/airflow/dags
[2025-10-12T19:34:43.685+0000] {manager.py:740} INFO - There are 1 files in /opt/airflow/dags
[2025-10-12T19:34:43.880+0000] {manager.py:878} INFO - 
================================================================================
DAG File Processing Stats

File Path                       PID  Runtime      # DAGs    # Errors  Last Runtime    Last Run
----------------------------  -----  ---------  --------  ----------  --------------  ----------
/opt/airflow/dags/airflow.py     87  0.10s             0           0
================================================================================
[2025-10-12T19:35:14.228+0000] {manager.py:878} INFO - 
================================================================================
DAG File Processing Stats

File Path                       PID  Runtime      # DAGs    # Errors  Last Runtime    Last Run
----------------------------  -----  ---------  --------  ----------  --------------  -------------------
/opt/airflow/dags/airflow.py     94  0.02s             0           1  0.18s           2025-10-12T19:34:43
================================================================================
[2025-10-12T19:35:44.459+0000] {manager.py:878} INFO - 
================================================================================
DAG File Processing Stats

File Path                       PID  Runtime      # DAGs    # Errors  Last Runtime    Last Run
----------------------------  -----  ---------  --------  ----------  --------------  -------------------
/opt/airflow/dags/airflow.py    101  0.01s             0           1  0.13s           2025-10-12T19:35:14
================================================================================
[2025-10-12T19:36:14.785+0000] {manager.py:878} INFO - 
================================================================================
DAG File Processing Stats

File Path                       PID  Runtime      # DAGs    # Errors  Last Runtime    Last Run
----------------------------  -----  ---------  --------  ----------  --------------  -------------------
/opt/airflow/dags/airflow.py    108  0.02s             0           1  0.06s           2025-10-12T19:35:44
================================================================================
[2025-10-12T19:36:45.080+0000] {manager.py:878} INFO - 
================================================================================
DAG File Processing Stats

File Path                       PID  Runtime      # DAGs    # Errors  Last Runtime    Last Run
----------------------------  -----  ---------  --------  ----------  --------------  -------------------
/opt/airflow/dags/airflow.py    115  0.03s             0           1  0.08s           2025-10-12T19:36:14
================================================================================
[2025-10-12T19:37:15.487+0000] {manager.py:878} INFO - 
================================================================================
DAG File Processing Stats

File Path                       PID  Runtime      # DAGs    # Errors  Last Runtime    Last Run
----------------------------  -----  ---------  --------  ----------  --------------  -------------------
/opt/airflow/dags/airflow.py    122  0.03s             0           1  0.11s           2025-10-12T19:36:45
================================================================================
[2025-10-12T19:37:45.822+0000] {manager.py:878} INFO - 
================================================================================
DAG File Processing Stats

File Path                       PID  Runtime      # DAGs    # Errors  Last Runtime    Last Run
----------------------------  -----  ---------  --------  ----------  --------------  -------------------
/opt/airflow/dags/airflow.py    129  0.03s             0           1  0.18s           2025-10-12T19:37:15
================================================================================
[2025-10-12T19:38:16.149+0000] {manager.py:878} INFO - 
================================================================================
DAG File Processing Stats

File Path                       PID  Runtime      # DAGs    # Errors  Last Runtime    Last Run
----------------------------  -----  ---------  --------  ----------  --------------  -------------------
/opt/airflow/dags/airflow.py    136  0.02s             0           1  0.09s           2025-10-12T19:37:45
================================================================================
[2025-10-12T19:38:46.444+0000] {manager.py:878} INFO - 
================================================================================
DAG File Processing Stats

File Path                       PID  Runtime      # DAGs    # Errors  Last Runtime    Last Run
----------------------------  -----  ---------  --------  ----------  --------------  -------------------
/opt/airflow/dags/airflow.py    143  0.02s             0           1  0.10s           2025-10-12T19:38:16
================================================================================
[2025-10-12T19:39:16.781+0000] {manager.py:878} INFO - 
================================================================================
DAG File Processing Stats

File Path                       PID  Runtime      # DAGs    # Errors  Last Runtime    Last Run
----------------------------  -----  ---------  --------  ----------  --------------  -------------------
/opt/airflow/dags/airflow.py    150  0.02s             0           1  0.09s           2025-10-12T19:38:46
================================================================================
[2025-10-12T19:39:44.029+0000] {manager.py:737} INFO - Searching for files in /opt/airflow/dags
[2025-10-12T19:39:44.090+0000] {manager.py:740} INFO - There are 1 files in /opt/airflow/dags
[2025-10-12T19:39:47.207+0000] {manager.py:878} INFO - 
================================================================================
DAG File Processing Stats

File Path                       PID  Runtime      # DAGs    # Errors  Last Runtime    Last Run
----------------------------  -----  ---------  --------  ----------  --------------  -------------------
/opt/airflow/dags/airflow.py    157  0.02s             0           1  0.10s           2025-10-12T19:39:16
================================================================================
[2025-10-12T19:40:17.615+0000] {manager.py:878} INFO - 
================================================================================
DAG File Processing Stats

File Path                       PID  Runtime      # DAGs    # Errors  Last Runtime    Last Run
----------------------------  -----  ---------  --------  ----------  --------------  -------------------
/opt/airflow/dags/airflow.py    164  0.03s             0           1  0.08s           2025-10-12T19:39:47
================================================================================
[2025-10-12T19:40:48.023+0000] {manager.py:878} INFO - 
================================================================================
DAG File Processing Stats

File Path                       PID  Runtime      # DAGs    # Errors  Last Runtime    Last Run
----------------------------  -----  ---------  --------  ----------  --------------  -------------------
/opt/airflow/dags/airflow.py    184  0.02s             0           1  0.10s           2025-10-12T19:40:17
================================================================================
[2025-10-12T19:41:18.366+0000] {manager.py:878} INFO - 
================================================================================
DAG File Processing Stats

File Path                       PID  Runtime      # DAGs    # Errors  Last Runtime    Last Run
----------------------------  -----  ---------  --------  ----------  --------------  -------------------
/opt/airflow/dags/airflow.py    191  0.02s             0           1  0.09s           2025-10-12T19:40:48
================================================================================
[2025-10-12T19:41:48.697+0000] {manager.py:878} INFO - 
================================================================================
DAG File Processing Stats

File Path                       PID  Runtime      # DAGs    # Errors  Last Runtime    Last Run
----------------------------  -----  ---------  --------  ----------  --------------  -------------------
/opt/airflow/dags/airflow.py    198  0.02s             0           1  0.09s           2025-10-12T19:41:18
================================================================================
[2025-10-12T19:42:19.004+0000] {manager.py:878} INFO - 
================================================================================
DAG File Processing Stats

File Path                       PID  Runtime      # DAGs    # Errors  Last Runtime    Last Run
----------------------------  -----  ---------  --------  ----------  --------------  -------------------
/opt/airflow/dags/airflow.py    205  0.03s             0           1  0.07s           2025-10-12T19:41:48
================================================================================
[2025-10-12T19:42:49.330+0000] {manager.py:878} INFO - 
================================================================================
DAG File Processing Stats

File Path                       PID  Runtime      # DAGs    # Errors  Last Runtime    Last Run
----------------------------  -----  ---------  --------  ----------  --------------  -------------------
/opt/airflow/dags/airflow.py    212  0.02s             0           1  0.09s           2025-10-12T19:42:19
================================================================================
[2025-10-12T19:43:19.673+0000] {manager.py:878} INFO - 
================================================================================
DAG File Processing Stats

File Path                       PID  Runtime      # DAGs    # Errors  Last Runtime    Last Run
----------------------------  -----  ---------  --------  ----------  --------------  -------------------
/opt/airflow/dags/airflow.py    219  0.04s             0           1  0.07s           2025-10-12T19:42:49
================================================================================
[2025-10-12T19:43:49.969+0000] {manager.py:878} INFO - 
================================================================================
DAG File Processing Stats

File Path                       PID  Runtime      # DAGs    # Errors  Last Runtime    Last Run
----------------------------  -----  ---------  --------  ----------  --------------  -------------------
/opt/airflow/dags/airflow.py    226  0.03s             0           1  0.12s           2025-10-12T19:43:19
================================================================================
[2025-10-12T19:44:20.276+0000] {manager.py:878} INFO - 
================================================================================
DAG File Processing Stats

File Path                       PID  Runtime      # DAGs    # Errors  Last Runtime    Last Run
----------------------------  -----  ---------  --------  ----------  --------------  -------------------
/opt/airflow/dags/airflow.py    233  0.03s             0           1  0.21s           2025-10-12T19:43:50
================================================================================
[2025-10-12T19:44:44.579+0000] {manager.py:737} INFO - Searching for files in /opt/airflow/dags
[2025-10-12T19:44:44.596+0000] {manager.py:740} INFO - There are 1 files in /opt/airflow/dags
[2025-10-12T19:44:50.691+0000] {manager.py:878} INFO - 
================================================================================
DAG File Processing Stats

File Path                       PID  Runtime      # DAGs    # Errors  Last Runtime    Last Run
----------------------------  -----  ---------  --------  ----------  --------------  -------------------
/opt/airflow/dags/airflow.py    240  0.03s             0           1  0.14s           2025-10-12T19:44:20
================================================================================
[2025-10-12T19:45:20.959+0000] {manager.py:878} INFO - 
================================================================================
DAG File Processing Stats

File Path                       PID  Runtime      # DAGs    # Errors  Last Runtime    Last Run
----------------------------  -----  ---------  --------  ----------  --------------  -------------------
/opt/airflow/dags/airflow.py    247  0.01s             0           1  0.08s           2025-10-12T19:44:50
================================================================================
[2025-10-12T19:45:51.251+0000] {manager.py:878} INFO - 
================================================================================
DAG File Processing Stats

File Path                       PID  Runtime      # DAGs    # Errors  Last Runtime    Last Run
----------------------------  -----  ---------  --------  ----------  --------------  -------------------
/opt/airflow/dags/airflow.py    254  0.01s             0           1  0.06s           2025-10-12T19:45:21
================================================================================
[2025-10-12T19:46:21.496+0000] {manager.py:878} INFO - 
================================================================================
DAG File Processing Stats

File Path                       PID  Runtime      # DAGs    # Errors  Last Runtime    Last Run
----------------------------  -----  ---------  --------  ----------  --------------  -------------------
/opt/airflow/dags/airflow.py    261  0.01s             0           1  0.05s           2025-10-12T19:45:51
================================================================================
[2025-10-12T19:46:51.794+0000] {manager.py:878} INFO - 
================================================================================
DAG File Processing Stats

File Path                     PID    Runtime      # DAGs    # Errors  Last Runtime    Last Run
----------------------------  -----  ---------  --------  ----------  --------------  -------------------
/opt/airflow/dags/airflow.py                           1           0  3.23s           2025-10-12T19:46:24
================================================================================
[2025-10-12T19:47:21.842+0000] {manager.py:878} INFO - 
================================================================================
DAG File Processing Stats

File Path                     PID    Runtime      # DAGs    # Errors  Last Runtime    Last Run
----------------------------  -----  ---------  --------  ----------  --------------  -------------------
/opt/airflow/dags/airflow.py                           1           0  0.78s           2025-10-12T19:46:55
================================================================================
[2025-10-12T19:47:52.487+0000] {manager.py:878} INFO - 
================================================================================
DAG File Processing Stats

File Path                     PID    Runtime      # DAGs    # Errors  Last Runtime    Last Run
----------------------------  -----  ---------  --------  ----------  --------------  -------------------
/opt/airflow/dags/airflow.py                           1           0  0.70s           2025-10-12T19:47:26
================================================================================
[2025-10-12T19:48:22.720+0000] {manager.py:878} INFO - 
================================================================================
DAG File Processing Stats

File Path                     PID    Runtime      # DAGs    # Errors  Last Runtime    Last Run
----------------------------  -----  ---------  --------  ----------  --------------  -------------------
/opt/airflow/dags/airflow.py                           1           0  0.69s           2025-10-12T19:47:57
================================================================================
[2025-10-12T19:48:53.286+0000] {manager.py:878} INFO - 
================================================================================
DAG File Processing Stats

File Path                     PID    Runtime      # DAGs    # Errors  Last Runtime    Last Run
----------------------------  -----  ---------  --------  ----------  --------------  -------------------
/opt/airflow/dags/airflow.py                           1           0  0.65s           2025-10-12T19:48:28
================================================================================
[2025-10-12T19:49:23.582+0000] {manager.py:878} INFO - 
================================================================================
DAG File Processing Stats

File Path                     PID    Runtime      # DAGs    # Errors  Last Runtime    Last Run
----------------------------  -----  ---------  --------  ----------  --------------  -------------------
/opt/airflow/dags/airflow.py                           1           0  0.87s           2025-10-12T19:48:59
================================================================================
[2025-10-12T19:49:44.731+0000] {manager.py:737} INFO - Searching for files in /opt/airflow/dags
[2025-10-12T19:49:44.748+0000] {manager.py:740} INFO - There are 1 files in /opt/airflow/dags
[2025-10-12T19:49:53.853+0000] {manager.py:878} INFO - 
================================================================================
DAG File Processing Stats

File Path                     PID    Runtime      # DAGs    # Errors  Last Runtime    Last Run
----------------------------  -----  ---------  --------  ----------  --------------  -------------------
/opt/airflow/dags/airflow.py                           1           0  0.96s           2025-10-12T19:49:30
================================================================================
[2025-10-12T19:50:23.947+0000] {manager.py:878} INFO - 
================================================================================
DAG File Processing Stats

File Path                     PID    Runtime      # DAGs    # Errors  Last Runtime    Last Run
----------------------------  -----  ---------  --------  ----------  --------------  -------------------
/opt/airflow/dags/airflow.py                           1           0  0.86s           2025-10-12T19:50:01
================================================================================
[2025-10-12T19:50:54.035+0000] {manager.py:878} INFO - 
================================================================================
DAG File Processing Stats

File Path                     PID    Runtime      # DAGs    # Errors  Last Runtime    Last Run
----------------------------  -----  ---------  --------  ----------  --------------  -------------------
/opt/airflow/dags/airflow.py                           1           0  0.79s           2025-10-12T19:50:32
================================================================================
[2025-10-12T20:00:12.911+0000] {manager.py:470} INFO - Processing files using up to 2 processes at a time 
[2025-10-12T20:00:12.912+0000] {manager.py:471} INFO - Process each file at most once every 30 seconds
[2025-10-12T20:00:12.912+0000] {manager.py:472} INFO - Checking for new files in /opt/airflow/dags every 300 seconds
[2025-10-12T20:00:12.912+0000] {manager.py:737} INFO - Searching for files in /opt/airflow/dags
[2025-10-12T20:00:12.923+0000] {manager.py:740} INFO - There are 1 files in /opt/airflow/dags
[2025-10-12T20:00:19.717+0000] {manager.py:452} INFO - Exiting gracefully upon receiving signal 15
