[2025-10-20T15:27:53.145+0000] {manager.py:487} INFO - Processing files using up to 2 processes at a time 
[2025-10-20T15:27:53.147+0000] {manager.py:488} INFO - Process each file at most once every 30 seconds
[2025-10-20T15:27:53.147+0000] {manager.py:489} INFO - Checking for new files in /opt/airflow/dags every 300 seconds
[2025-10-20T15:27:53.148+0000] {manager.py:755} INFO - Searching for files in /opt/airflow/dags
[2025-10-20T15:27:53.150+0000] {manager.py:758} INFO - There are 1 files in /opt/airflow/dags
[2025-10-20T15:27:53.249+0000] {manager.py:887} INFO - 
================================================================================
DAG File Processing Stats

File Path                   PID  Runtime      # DAGs    # Errors  Last Runtime    Last Run
------------------------  -----  ---------  --------  ----------  --------------  ----------
/opt/airflow/dags/dag.py    170  0.05s             0           0
================================================================================
[2025-10-20T15:28:23.466+0000] {manager.py:887} INFO - 
================================================================================
DAG File Processing Stats

File Path                 PID    Runtime      # DAGs    # Errors  Last Runtime    Last Run
------------------------  -----  ---------  --------  ----------  --------------  -------------------
/opt/airflow/dags/dag.py                           1           0  3.36s           2025-10-20T15:27:56
================================================================================
[2025-10-20T15:28:54.077+0000] {manager.py:887} INFO - 
================================================================================
DAG File Processing Stats

File Path                 PID    Runtime      # DAGs    # Errors  Last Runtime    Last Run
------------------------  -----  ---------  --------  ----------  --------------  -------------------
/opt/airflow/dags/dag.py                           1           0  1.08s           2025-10-20T15:28:27
================================================================================
[2025-10-20T15:29:24.612+0000] {manager.py:887} INFO - 
================================================================================
DAG File Processing Stats

File Path                 PID    Runtime      # DAGs    # Errors  Last Runtime    Last Run
------------------------  -----  ---------  --------  ----------  --------------  -------------------
/opt/airflow/dags/dag.py                           1           0  1.28s           2025-10-20T15:28:59
================================================================================
[2025-10-20T15:29:55.225+0000] {manager.py:887} INFO - 
================================================================================
DAG File Processing Stats

File Path                 PID    Runtime      # DAGs    # Errors  Last Runtime    Last Run
------------------------  -----  ---------  --------  ----------  --------------  -------------------
/opt/airflow/dags/dag.py                           1           0  1.51s           2025-10-20T15:29:31
================================================================================
[2025-10-20T15:30:25.699+0000] {manager.py:887} INFO - 
================================================================================
DAG File Processing Stats

File Path                 PID    Runtime      # DAGs    # Errors  Last Runtime    Last Run
------------------------  -----  ---------  --------  ----------  --------------  -------------------
/opt/airflow/dags/dag.py                           1           0  1.22s           2025-10-20T15:30:02
================================================================================
[2025-10-20T15:30:56.444+0000] {manager.py:887} INFO - 
================================================================================
DAG File Processing Stats

File Path                   PID  Runtime      # DAGs    # Errors  Last Runtime    Last Run
------------------------  -----  ---------  --------  ----------  --------------  -------------------
/opt/airflow/dags/dag.py    248  1.24s             1           0  2.06s           2025-10-20T15:30:34
================================================================================
[2025-10-20T15:31:11.559+0000] {manager.py:469} INFO - Exiting gracefully upon receiving signal 15
[2025-10-20T15:31:24.058+0000] {manager.py:487} INFO - Processing files using up to 2 processes at a time 
[2025-10-20T15:31:24.059+0000] {manager.py:488} INFO - Process each file at most once every 30 seconds
[2025-10-20T15:31:24.059+0000] {manager.py:489} INFO - Checking for new files in /opt/airflow/dags every 300 seconds
[2025-10-20T15:31:24.059+0000] {manager.py:755} INFO - Searching for files in /opt/airflow/dags
[2025-10-20T15:31:24.062+0000] {manager.py:758} INFO - There are 1 files in /opt/airflow/dags
[2025-10-20T15:31:24.128+0000] {manager.py:887} INFO - 
================================================================================
DAG File Processing Stats

File Path                   PID  Runtime      # DAGs    # Errors  Last Runtime    Last Run
------------------------  -----  ---------  --------  ----------  --------------  ----------
/opt/airflow/dags/dag.py    166  0.04s             0           0
================================================================================
[2025-10-20T15:31:54.328+0000] {manager.py:887} INFO - 
================================================================================
DAG File Processing Stats

File Path                 PID    Runtime      # DAGs    # Errors  Last Runtime    Last Run
------------------------  -----  ---------  --------  ----------  --------------  -------------------
/opt/airflow/dags/dag.py                           1           0  0.93s           2025-10-20T15:31:25
================================================================================
[2025-10-20T15:32:24.839+0000] {manager.py:887} INFO - 
================================================================================
DAG File Processing Stats

File Path                 PID    Runtime      # DAGs    # Errors  Last Runtime    Last Run
------------------------  -----  ---------  --------  ----------  --------------  -------------------
/opt/airflow/dags/dag.py                           1           0  5.25s           2025-10-20T15:32:00
================================================================================
[2025-10-20T15:32:55.227+0000] {manager.py:887} INFO - 
================================================================================
DAG File Processing Stats

File Path                 PID    Runtime      # DAGs    # Errors  Last Runtime    Last Run
------------------------  -----  ---------  --------  ----------  --------------  -------------------
/opt/airflow/dags/dag.py                           1           0  1.10s           2025-10-20T15:32:32
================================================================================
[2025-10-20T15:33:25.541+0000] {manager.py:887} INFO - 
================================================================================
DAG File Processing Stats

File Path                 PID    Runtime      # DAGs    # Errors  Last Runtime    Last Run
------------------------  -----  ---------  --------  ----------  --------------  -------------------
/opt/airflow/dags/dag.py                           1           0  1.04s           2025-10-20T15:33:03
================================================================================
[2025-10-20T15:33:55.851+0000] {manager.py:887} INFO - 
================================================================================
DAG File Processing Stats

File Path                 PID    Runtime      # DAGs    # Errors  Last Runtime    Last Run
------------------------  -----  ---------  --------  ----------  --------------  -------------------
/opt/airflow/dags/dag.py                           1           0  1.11s           2025-10-20T15:33:34
================================================================================
[2025-10-20T15:34:26.191+0000] {manager.py:887} INFO - 
================================================================================
DAG File Processing Stats

File Path                 PID    Runtime      # DAGs    # Errors  Last Runtime    Last Run
------------------------  -----  ---------  --------  ----------  --------------  -------------------
/opt/airflow/dags/dag.py                           1           0  1.25s           2025-10-20T15:34:06
================================================================================
[2025-10-20T15:34:56.516+0000] {manager.py:887} INFO - 
================================================================================
DAG File Processing Stats

File Path                 PID    Runtime      # DAGs    # Errors  Last Runtime    Last Run
------------------------  -----  ---------  --------  ----------  --------------  -------------------
/opt/airflow/dags/dag.py                           1           0  1.12s           2025-10-20T15:34:37
================================================================================
[2025-10-20T15:35:26.848+0000] {manager.py:887} INFO - 
================================================================================
DAG File Processing Stats

File Path                 PID    Runtime      # DAGs    # Errors  Last Runtime    Last Run
------------------------  -----  ---------  --------  ----------  --------------  -------------------
/opt/airflow/dags/dag.py                           1           0  1.13s           2025-10-20T15:35:08
================================================================================
[2025-10-20T15:35:57.155+0000] {manager.py:887} INFO - 
================================================================================
DAG File Processing Stats

File Path                 PID    Runtime      # DAGs    # Errors  Last Runtime    Last Run
------------------------  -----  ---------  --------  ----------  --------------  -------------------
/opt/airflow/dags/dag.py                           1           0  1.13s           2025-10-20T15:35:40
================================================================================
[2025-10-20T15:36:24.456+0000] {manager.py:755} INFO - Searching for files in /opt/airflow/dags
[2025-10-20T15:36:24.471+0000] {manager.py:758} INFO - There are 1 files in /opt/airflow/dags
[2025-10-20T15:36:27.526+0000] {manager.py:887} INFO - 
================================================================================
DAG File Processing Stats

File Path                 PID    Runtime      # DAGs    # Errors  Last Runtime    Last Run
------------------------  -----  ---------  --------  ----------  --------------  -------------------
/opt/airflow/dags/dag.py                           1           0  1.12s           2025-10-20T15:36:11
================================================================================
[2025-10-20T15:36:57.906+0000] {manager.py:887} INFO - 
================================================================================
DAG File Processing Stats

File Path                 PID    Runtime      # DAGs    # Errors  Last Runtime    Last Run
------------------------  -----  ---------  --------  ----------  --------------  -------------------
/opt/airflow/dags/dag.py                           1           0  1.17s           2025-10-20T15:36:42
================================================================================
[2025-10-20T15:37:28.443+0000] {manager.py:887} INFO - 
================================================================================
DAG File Processing Stats

File Path                 PID    Runtime      # DAGs    # Errors  Last Runtime    Last Run
------------------------  -----  ---------  --------  ----------  --------------  -------------------
/opt/airflow/dags/dag.py                           1           0  1.09s           2025-10-20T15:37:14
================================================================================
[2025-10-20T15:37:58.891+0000] {manager.py:887} INFO - 
================================================================================
DAG File Processing Stats

File Path                 PID    Runtime      # DAGs    # Errors  Last Runtime    Last Run
------------------------  -----  ---------  --------  ----------  --------------  -------------------
/opt/airflow/dags/dag.py                           1           0  1.13s           2025-10-20T15:37:45
================================================================================
[2025-10-20T15:38:29.377+0000] {manager.py:887} INFO - 
================================================================================
DAG File Processing Stats

File Path                 PID    Runtime      # DAGs    # Errors  Last Runtime    Last Run
------------------------  -----  ---------  --------  ----------  --------------  -------------------
/opt/airflow/dags/dag.py                           1           0  1.21s           2025-10-20T15:38:17
================================================================================
[2025-10-20T15:38:59.794+0000] {manager.py:887} INFO - 
================================================================================
DAG File Processing Stats

File Path                 PID    Runtime      # DAGs    # Errors  Last Runtime    Last Run
------------------------  -----  ---------  --------  ----------  --------------  -------------------
/opt/airflow/dags/dag.py                           1           0  1.32s           2025-10-20T15:38:48
================================================================================
[2025-10-20T15:39:30.452+0000] {manager.py:887} INFO - 
================================================================================
DAG File Processing Stats

File Path                 PID    Runtime      # DAGs    # Errors  Last Runtime    Last Run
------------------------  -----  ---------  --------  ----------  --------------  -------------------
/opt/airflow/dags/dag.py                           1           0  1.46s           2025-10-20T15:39:20
================================================================================
[2025-10-20T15:40:00.892+0000] {manager.py:887} INFO - 
================================================================================
DAG File Processing Stats

File Path                   PID  Runtime      # DAGs    # Errors  Last Runtime    Last Run
------------------------  -----  ---------  --------  ----------  --------------  -------------------
/opt/airflow/dags/dag.py    408  1.04s             1           0  1.07s           2025-10-20T15:39:51
================================================================================
[2025-10-20T15:40:03.013+0000] {manager.py:469} INFO - Exiting gracefully upon receiving signal 15
[2025-10-20T15:40:15.261+0000] {manager.py:487} INFO - Processing files using up to 2 processes at a time 
[2025-10-20T15:40:15.261+0000] {manager.py:488} INFO - Process each file at most once every 30 seconds
[2025-10-20T15:40:15.262+0000] {manager.py:489} INFO - Checking for new files in /opt/airflow/dags every 300 seconds
[2025-10-20T15:40:15.262+0000] {manager.py:755} INFO - Searching for files in /opt/airflow/dags
[2025-10-20T15:40:15.265+0000] {manager.py:758} INFO - There are 1 files in /opt/airflow/dags
[2025-10-20T15:40:15.344+0000] {manager.py:887} INFO - 
================================================================================
DAG File Processing Stats

File Path                   PID  Runtime      # DAGs    # Errors  Last Runtime    Last Run
------------------------  -----  ---------  --------  ----------  --------------  ----------
/opt/airflow/dags/dag.py    166  0.04s             0           0
================================================================================
[2025-10-20T15:40:45.610+0000] {manager.py:887} INFO - 
================================================================================
DAG File Processing Stats

File Path                 PID    Runtime      # DAGs    # Errors  Last Runtime    Last Run
------------------------  -----  ---------  --------  ----------  --------------  -------------------
/opt/airflow/dags/dag.py                           1           0  1.43s           2025-10-20T15:40:16
================================================================================
[2025-10-20T15:41:15.870+0000] {manager.py:887} INFO - 
================================================================================
DAG File Processing Stats

File Path                 PID    Runtime      # DAGs    # Errors  Last Runtime    Last Run
------------------------  -----  ---------  --------  ----------  --------------  -------------------
/opt/airflow/dags/dag.py                           1           0  1.00s           2025-10-20T15:40:48
================================================================================
[2025-10-20T15:41:46.721+0000] {manager.py:887} INFO - 
================================================================================
DAG File Processing Stats

File Path                 PID    Runtime      # DAGs    # Errors  Last Runtime    Last Run
------------------------  -----  ---------  --------  ----------  --------------  -------------------
/opt/airflow/dags/dag.py                           1           0  1.06s           2025-10-20T15:41:19
================================================================================
[2025-10-20T15:42:17.077+0000] {manager.py:887} INFO - 
================================================================================
DAG File Processing Stats

File Path                 PID    Runtime      # DAGs    # Errors  Last Runtime    Last Run
------------------------  -----  ---------  --------  ----------  --------------  -------------------
/opt/airflow/dags/dag.py                           1           0  1.06s           2025-10-20T15:41:50
================================================================================
[2025-10-20T15:42:47.430+0000] {manager.py:887} INFO - 
================================================================================
DAG File Processing Stats

File Path                 PID    Runtime      # DAGs    # Errors  Last Runtime    Last Run
------------------------  -----  ---------  --------  ----------  --------------  -------------------
/opt/airflow/dags/dag.py                           1           0  0.99s           2025-10-20T15:42:22
================================================================================
[2025-10-20T15:43:17.812+0000] {manager.py:887} INFO - 
================================================================================
DAG File Processing Stats

File Path                 PID    Runtime      # DAGs    # Errors  Last Runtime    Last Run
------------------------  -----  ---------  --------  ----------  --------------  -------------------
/opt/airflow/dags/dag.py                           1           0  1.06s           2025-10-20T15:42:53
================================================================================
[2025-10-20T15:43:48.137+0000] {manager.py:887} INFO - 
================================================================================
DAG File Processing Stats

File Path                 PID    Runtime      # DAGs    # Errors  Last Runtime    Last Run
------------------------  -----  ---------  --------  ----------  --------------  -------------------
/opt/airflow/dags/dag.py                           1           0  0.98s           2025-10-20T15:43:24
================================================================================
[2025-10-20T15:44:18.517+0000] {manager.py:887} INFO - 
================================================================================
DAG File Processing Stats

File Path                 PID    Runtime      # DAGs    # Errors  Last Runtime    Last Run
------------------------  -----  ---------  --------  ----------  --------------  -------------------
/opt/airflow/dags/dag.py                           1           0  1.13s           2025-10-20T15:43:56
================================================================================
[2025-10-20T15:44:48.901+0000] {manager.py:887} INFO - 
================================================================================
DAG File Processing Stats

File Path                 PID    Runtime      # DAGs    # Errors  Last Runtime    Last Run
------------------------  -----  ---------  --------  ----------  --------------  -------------------
/opt/airflow/dags/dag.py                           1           0  1.10s           2025-10-20T15:44:27
================================================================================
[2025-10-20T15:45:15.333+0000] {manager.py:755} INFO - Searching for files in /opt/airflow/dags
[2025-10-20T15:45:15.342+0000] {manager.py:758} INFO - There are 1 files in /opt/airflow/dags
[2025-10-20T15:45:19.278+0000] {manager.py:887} INFO - 
================================================================================
DAG File Processing Stats

File Path                 PID    Runtime      # DAGs    # Errors  Last Runtime    Last Run
------------------------  -----  ---------  --------  ----------  --------------  -------------------
/opt/airflow/dags/dag.py                           1           0  1.15s           2025-10-20T15:44:59
================================================================================
[2025-10-20T15:45:49.718+0000] {manager.py:887} INFO - 
================================================================================
DAG File Processing Stats

File Path                 PID    Runtime      # DAGs    # Errors  Last Runtime    Last Run
------------------------  -----  ---------  --------  ----------  --------------  -------------------
/opt/airflow/dags/dag.py                           1           0  1.10s           2025-10-20T15:45:30
================================================================================
[2025-10-20T15:46:20.064+0000] {manager.py:887} INFO - 
================================================================================
DAG File Processing Stats

File Path                 PID    Runtime      # DAGs    # Errors  Last Runtime    Last Run
------------------------  -----  ---------  --------  ----------  --------------  -------------------
/opt/airflow/dags/dag.py                           1           0  0.98s           2025-10-20T15:46:01
================================================================================
[2025-10-20T15:46:50.410+0000] {manager.py:887} INFO - 
================================================================================
DAG File Processing Stats

File Path                 PID    Runtime      # DAGs    # Errors  Last Runtime    Last Run
------------------------  -----  ---------  --------  ----------  --------------  -------------------
/opt/airflow/dags/dag.py                           1           0  1.03s           2025-10-20T15:46:33
================================================================================
[2025-10-20T15:47:20.799+0000] {manager.py:887} INFO - 
================================================================================
DAG File Processing Stats

File Path                 PID    Runtime      # DAGs    # Errors  Last Runtime    Last Run
------------------------  -----  ---------  --------  ----------  --------------  -------------------
/opt/airflow/dags/dag.py                           1           0  1.31s           2025-10-20T15:47:04
================================================================================
[2025-10-20T15:47:51.182+0000] {manager.py:887} INFO - 
================================================================================
DAG File Processing Stats

File Path                 PID    Runtime      # DAGs    # Errors  Last Runtime    Last Run
------------------------  -----  ---------  --------  ----------  --------------  -------------------
/opt/airflow/dags/dag.py                           1           0  1.17s           2025-10-20T15:47:36
================================================================================
[2025-10-20T15:48:21.654+0000] {manager.py:887} INFO - 
================================================================================
DAG File Processing Stats

File Path                 PID    Runtime      # DAGs    # Errors  Last Runtime    Last Run
------------------------  -----  ---------  --------  ----------  --------------  -------------------
/opt/airflow/dags/dag.py                           1           0  1.14s           2025-10-20T15:48:07
================================================================================
[2025-10-20T15:48:52.068+0000] {manager.py:887} INFO - 
================================================================================
DAG File Processing Stats

File Path                 PID    Runtime      # DAGs    # Errors  Last Runtime    Last Run
------------------------  -----  ---------  --------  ----------  --------------  -------------------
/opt/airflow/dags/dag.py                           1           0  1.09s           2025-10-20T15:48:38
================================================================================
[2025-10-20T15:49:13.976+0000] {manager.py:469} INFO - Exiting gracefully upon receiving signal 15
