[2025-10-20T22:54:32.549+0000] {manager.py:487} INFO - Processing files using up to 2 processes at a time 
[2025-10-20T22:54:32.549+0000] {manager.py:488} INFO - Process each file at most once every 30 seconds
[2025-10-20T22:54:32.549+0000] {manager.py:489} INFO - Checking for new files in /opt/airflow/dags every 300 seconds
[2025-10-20T22:54:32.550+0000] {manager.py:755} INFO - Searching for files in /opt/airflow/dags
[2025-10-20T22:54:32.558+0000] {manager.py:758} INFO - There are 1 files in /opt/airflow/dags
[2025-10-20T22:54:32.807+0000] {manager.py:887} INFO - 
================================================================================
DAG File Processing Stats

File Path                      PID  Runtime      # DAGs    # Errors  Last Runtime    Last Run
---------------------------  -----  ---------  --------  ----------  --------------  ----------
/opt/airflow/dags/my_dag.py    170  0.12s             0           0
================================================================================
[2025-10-20T22:55:03.187+0000] {manager.py:887} INFO - 
================================================================================
DAG File Processing Stats

File Path                      PID  Runtime      # DAGs    # Errors  Last Runtime    Last Run
---------------------------  -----  ---------  --------  ----------  --------------  -------------------
/opt/airflow/dags/my_dag.py    175  0.03s             0           1  0.14s           2025-10-20T22:54:32
================================================================================
[2025-10-20T22:55:33.638+0000] {manager.py:887} INFO - 
================================================================================
DAG File Processing Stats

File Path                      PID  Runtime      # DAGs    # Errors  Last Runtime    Last Run
---------------------------  -----  ---------  --------  ----------  --------------  -------------------
/opt/airflow/dags/my_dag.py    180  0.04s             0           1  0.10s           2025-10-20T22:55:03
================================================================================
[2025-10-20T22:56:04.079+0000] {manager.py:887} INFO - 
================================================================================
DAG File Processing Stats

File Path                      PID  Runtime      # DAGs    # Errors  Last Runtime    Last Run
---------------------------  -----  ---------  --------  ----------  --------------  -------------------
/opt/airflow/dags/my_dag.py    185  0.03s             0           1  0.13s           2025-10-20T22:55:33
================================================================================
[2025-10-20T22:56:34.500+0000] {manager.py:887} INFO - 
================================================================================
DAG File Processing Stats

File Path                      PID  Runtime      # DAGs    # Errors  Last Runtime    Last Run
---------------------------  -----  ---------  --------  ----------  --------------  -------------------
/opt/airflow/dags/my_dag.py    190  0.03s             0           1  0.10s           2025-10-20T22:56:04
================================================================================
[2025-10-20T22:57:04.853+0000] {manager.py:887} INFO - 
================================================================================
DAG File Processing Stats

File Path                      PID  Runtime      # DAGs    # Errors  Last Runtime    Last Run
---------------------------  -----  ---------  --------  ----------  --------------  -------------------
/opt/airflow/dags/my_dag.py    195  0.02s             0           1  0.10s           2025-10-20T22:56:34
================================================================================
[2025-10-20T22:57:35.253+0000] {manager.py:887} INFO - 
================================================================================
DAG File Processing Stats

File Path                      PID  Runtime      # DAGs    # Errors  Last Runtime    Last Run
---------------------------  -----  ---------  --------  ----------  --------------  -------------------
/opt/airflow/dags/my_dag.py    200  0.03s             0           1  0.06s           2025-10-20T22:57:04
================================================================================
[2025-10-20T22:58:05.595+0000] {manager.py:887} INFO - 
================================================================================
DAG File Processing Stats

File Path                      PID  Runtime      # DAGs    # Errors  Last Runtime    Last Run
---------------------------  -----  ---------  --------  ----------  --------------  -------------------
/opt/airflow/dags/my_dag.py    205  0.03s             0           1  0.09s           2025-10-20T22:57:35
================================================================================
[2025-10-20T22:58:36.062+0000] {manager.py:887} INFO - 
================================================================================
DAG File Processing Stats

File Path                      PID  Runtime      # DAGs    # Errors  Last Runtime    Last Run
---------------------------  -----  ---------  --------  ----------  --------------  -------------------
/opt/airflow/dags/my_dag.py    210  0.03s             0           1  0.12s           2025-10-20T22:58:05
================================================================================
[2025-10-20T22:59:06.451+0000] {manager.py:887} INFO - 
================================================================================
DAG File Processing Stats

File Path                      PID  Runtime      # DAGs    # Errors  Last Runtime    Last Run
---------------------------  -----  ---------  --------  ----------  --------------  -------------------
/opt/airflow/dags/my_dag.py    215  0.01s             0           1  0.10s           2025-10-20T22:58:36
================================================================================
[2025-10-20T22:59:32.766+0000] {manager.py:755} INFO - Searching for files in /opt/airflow/dags
[2025-10-20T22:59:32.778+0000] {manager.py:758} INFO - There are 1 files in /opt/airflow/dags
[2025-10-20T22:59:36.891+0000] {manager.py:887} INFO - 
================================================================================
DAG File Processing Stats

File Path                      PID  Runtime      # DAGs    # Errors  Last Runtime    Last Run
---------------------------  -----  ---------  --------  ----------  --------------  -------------------
/opt/airflow/dags/my_dag.py    220  0.05s             0           1  0.07s           2025-10-20T22:59:06
================================================================================
[2025-10-20T23:00:07.253+0000] {manager.py:887} INFO - 
================================================================================
DAG File Processing Stats

File Path                      PID  Runtime      # DAGs    # Errors  Last Runtime    Last Run
---------------------------  -----  ---------  --------  ----------  --------------  -------------------
/opt/airflow/dags/my_dag.py    225  0.01s             0           1  0.10s           2025-10-20T22:59:36
================================================================================
[2025-10-20T23:00:37.623+0000] {manager.py:887} INFO - 
================================================================================
DAG File Processing Stats

File Path                      PID  Runtime      # DAGs    # Errors  Last Runtime    Last Run
---------------------------  -----  ---------  --------  ----------  --------------  -------------------
/opt/airflow/dags/my_dag.py    230  0.02s             0           1  0.07s           2025-10-20T23:00:07
================================================================================
[2025-10-20T23:01:08.003+0000] {manager.py:887} INFO - 
================================================================================
DAG File Processing Stats

File Path                      PID  Runtime      # DAGs    # Errors  Last Runtime    Last Run
---------------------------  -----  ---------  --------  ----------  --------------  -------------------
/opt/airflow/dags/my_dag.py    235  0.02s             0           1  0.08s           2025-10-20T23:00:37
================================================================================
[2025-10-20T23:01:38.343+0000] {manager.py:887} INFO - 
================================================================================
DAG File Processing Stats

File Path                      PID  Runtime      # DAGs    # Errors  Last Runtime    Last Run
---------------------------  -----  ---------  --------  ----------  --------------  -------------------
/opt/airflow/dags/my_dag.py    240  0.03s             0           1  0.06s           2025-10-20T23:01:08
================================================================================
[2025-10-20T23:02:08.775+0000] {manager.py:887} INFO - 
================================================================================
DAG File Processing Stats

File Path                      PID  Runtime      # DAGs    # Errors  Last Runtime    Last Run
---------------------------  -----  ---------  --------  ----------  --------------  -------------------
/opt/airflow/dags/my_dag.py    245  0.03s             0           1  0.09s           2025-10-20T23:01:38
================================================================================
[2025-10-20T23:02:39.139+0000] {manager.py:887} INFO - 
================================================================================
DAG File Processing Stats

File Path                      PID  Runtime      # DAGs    # Errors  Last Runtime    Last Run
---------------------------  -----  ---------  --------  ----------  --------------  -------------------
/opt/airflow/dags/my_dag.py    250  0.05s             0           1  0.11s           2025-10-20T23:02:08
================================================================================
[2025-10-20T23:03:09.724+0000] {manager.py:887} INFO - 
================================================================================
DAG File Processing Stats

File Path                      PID  Runtime      # DAGs    # Errors  Last Runtime    Last Run
---------------------------  -----  ---------  --------  ----------  --------------  -------------------
/opt/airflow/dags/my_dag.py    255  0.02s             0           1  0.11s           2025-10-20T23:02:39
================================================================================
[2025-10-20T23:03:40.178+0000] {manager.py:887} INFO - 
================================================================================
DAG File Processing Stats

File Path                      PID  Runtime      # DAGs    # Errors  Last Runtime    Last Run
---------------------------  -----  ---------  --------  ----------  --------------  -------------------
/opt/airflow/dags/my_dag.py    260  0.03s             0           1  0.07s           2025-10-20T23:03:09
================================================================================
[2025-10-20T23:04:10.668+0000] {manager.py:887} INFO - 
================================================================================
DAG File Processing Stats

File Path                      PID  Runtime      # DAGs    # Errors  Last Runtime    Last Run
---------------------------  -----  ---------  --------  ----------  --------------  -------------------
/opt/airflow/dags/my_dag.py    265  0.02s             0           1  0.09s           2025-10-20T23:03:40
================================================================================
[2025-10-20T23:04:32.903+0000] {manager.py:755} INFO - Searching for files in /opt/airflow/dags
[2025-10-20T23:04:32.914+0000] {manager.py:758} INFO - There are 1 files in /opt/airflow/dags
[2025-10-20T23:04:41.150+0000] {manager.py:887} INFO - 
================================================================================
DAG File Processing Stats

File Path                      PID  Runtime      # DAGs    # Errors  Last Runtime    Last Run
---------------------------  -----  ---------  --------  ----------  --------------  -------------------
/opt/airflow/dags/my_dag.py    270  0.04s             0           1  0.07s           2025-10-20T23:04:10
================================================================================
[2025-10-20T23:05:11.494+0000] {manager.py:887} INFO - 
================================================================================
DAG File Processing Stats

File Path                      PID  Runtime      # DAGs    # Errors  Last Runtime    Last Run
---------------------------  -----  ---------  --------  ----------  --------------  -------------------
/opt/airflow/dags/my_dag.py    275  0.02s             0           1  0.10s           2025-10-20T23:04:41
================================================================================
[2025-10-20T23:05:41.946+0000] {manager.py:887} INFO - 
================================================================================
DAG File Processing Stats

File Path                      PID  Runtime      # DAGs    # Errors  Last Runtime    Last Run
---------------------------  -----  ---------  --------  ----------  --------------  -------------------
/opt/airflow/dags/my_dag.py    280  0.04s             0           1  0.08s           2025-10-20T23:05:11
================================================================================
[2025-10-20T23:06:12.337+0000] {manager.py:887} INFO - 
================================================================================
DAG File Processing Stats

File Path                      PID  Runtime      # DAGs    # Errors  Last Runtime    Last Run
---------------------------  -----  ---------  --------  ----------  --------------  -------------------
/opt/airflow/dags/my_dag.py    285  0.02s             0           1  0.09s           2025-10-20T23:05:42
================================================================================
[2025-10-20T23:06:42.759+0000] {manager.py:887} INFO - 
================================================================================
DAG File Processing Stats

File Path                      PID  Runtime      # DAGs    # Errors  Last Runtime    Last Run
---------------------------  -----  ---------  --------  ----------  --------------  -------------------
/opt/airflow/dags/my_dag.py    290  0.04s             0           1  0.07s           2025-10-20T23:06:12
================================================================================
[2025-10-20T23:07:13.168+0000] {manager.py:887} INFO - 
================================================================================
DAG File Processing Stats

File Path                      PID  Runtime      # DAGs    # Errors  Last Runtime    Last Run
---------------------------  -----  ---------  --------  ----------  --------------  -------------------
/opt/airflow/dags/my_dag.py    295  0.02s             0           1  0.09s           2025-10-20T23:06:42
================================================================================
[2025-10-20T23:07:43.610+0000] {manager.py:887} INFO - 
================================================================================
DAG File Processing Stats

File Path                      PID  Runtime      # DAGs    # Errors  Last Runtime    Last Run
---------------------------  -----  ---------  --------  ----------  --------------  -------------------
/opt/airflow/dags/my_dag.py    300  0.03s             0           1  0.07s           2025-10-20T23:07:13
================================================================================
[2025-10-20T23:08:13.980+0000] {manager.py:887} INFO - 
================================================================================
DAG File Processing Stats

File Path                      PID  Runtime      # DAGs    # Errors  Last Runtime    Last Run
---------------------------  -----  ---------  --------  ----------  --------------  -------------------
/opt/airflow/dags/my_dag.py    305  0.02s             0           1  0.09s           2025-10-20T23:07:43
================================================================================
[2025-10-20T23:08:44.013+0000] {manager.py:469} INFO - Exiting gracefully upon receiving signal 15
