[2025-10-20T15:27:53.216+0000] {processor.py:157} INFO - Started process (PID=170) to work on /opt/airflow/dags/dag.py
[2025-10-20T15:27:53.217+0000] {processor.py:829} INFO - Processing file /opt/airflow/dags/dag.py for tasks to queue
[2025-10-20T15:27:53.221+0000] {logging_mixin.py:154} INFO - [2025-10-20T15:27:53.220+0000] {dagbag.py:536} INFO - Filling up the DagBag from /opt/airflow/dags/dag.py
[2025-10-20T15:27:56.296+0000] {processor.py:839} INFO - DAG(s) dict_keys(['ml_pipeline']) retrieved from /opt/airflow/dags/dag.py
[2025-10-20T15:27:56.491+0000] {logging_mixin.py:154} INFO - [2025-10-20T15:27:56.491+0000] {manager.py:499} INFO - Created Permission View: %s
[2025-10-20T15:27:56.498+0000] {logging_mixin.py:154} INFO - [2025-10-20T15:27:56.498+0000] {manager.py:499} INFO - Created Permission View: %s
[2025-10-20T15:27:56.503+0000] {logging_mixin.py:154} INFO - [2025-10-20T15:27:56.503+0000] {manager.py:499} INFO - Created Permission View: %s
[2025-10-20T15:27:56.504+0000] {logging_mixin.py:154} INFO - [2025-10-20T15:27:56.503+0000] {dag.py:2941} INFO - Sync 1 DAGs
[2025-10-20T15:27:56.513+0000] {logging_mixin.py:154} INFO - [2025-10-20T15:27:56.513+0000] {dag.py:2963} INFO - Creating ORM DAG for ml_pipeline
[2025-10-20T15:27:56.523+0000] {logging_mixin.py:154} INFO - [2025-10-20T15:27:56.523+0000] {dag.py:3722} INFO - Setting next_dagrun for ml_pipeline to 2025-10-19T02:00:00+00:00, run_after=2025-10-20T02:00:00+00:00
[2025-10-20T15:27:56.536+0000] {processor.py:179} INFO - Processing /opt/airflow/dags/dag.py took 3.324 seconds
[2025-10-20T15:28:26.824+0000] {processor.py:157} INFO - Started process (PID=183) to work on /opt/airflow/dags/dag.py
[2025-10-20T15:28:26.827+0000] {processor.py:829} INFO - Processing file /opt/airflow/dags/dag.py for tasks to queue
[2025-10-20T15:28:26.828+0000] {logging_mixin.py:154} INFO - [2025-10-20T15:28:26.827+0000] {dagbag.py:536} INFO - Filling up the DagBag from /opt/airflow/dags/dag.py
[2025-10-20T15:28:27.806+0000] {processor.py:839} INFO - DAG(s) dict_keys(['ml_pipeline']) retrieved from /opt/airflow/dags/dag.py
[2025-10-20T15:28:27.828+0000] {logging_mixin.py:154} INFO - [2025-10-20T15:28:27.828+0000] {dag.py:2941} INFO - Sync 1 DAGs
[2025-10-20T15:28:27.843+0000] {logging_mixin.py:154} INFO - [2025-10-20T15:28:27.843+0000] {dag.py:3722} INFO - Setting next_dagrun for ml_pipeline to 2025-10-19T02:00:00+00:00, run_after=2025-10-20T02:00:00+00:00
[2025-10-20T15:28:27.853+0000] {processor.py:179} INFO - Processing /opt/airflow/dags/dag.py took 1.036 seconds
[2025-10-20T15:28:58.211+0000] {processor.py:157} INFO - Started process (PID=196) to work on /opt/airflow/dags/dag.py
[2025-10-20T15:28:58.214+0000] {processor.py:829} INFO - Processing file /opt/airflow/dags/dag.py for tasks to queue
[2025-10-20T15:28:58.215+0000] {logging_mixin.py:154} INFO - [2025-10-20T15:28:58.215+0000] {dagbag.py:536} INFO - Filling up the DagBag from /opt/airflow/dags/dag.py
[2025-10-20T15:28:59.328+0000] {processor.py:839} INFO - DAG(s) dict_keys(['ml_pipeline']) retrieved from /opt/airflow/dags/dag.py
[2025-10-20T15:28:59.368+0000] {logging_mixin.py:154} INFO - [2025-10-20T15:28:59.367+0000] {dag.py:2941} INFO - Sync 1 DAGs
[2025-10-20T15:28:59.386+0000] {logging_mixin.py:154} INFO - [2025-10-20T15:28:59.386+0000] {dag.py:3722} INFO - Setting next_dagrun for ml_pipeline to 2025-10-19T02:00:00+00:00, run_after=2025-10-20T02:00:00+00:00
[2025-10-20T15:28:59.399+0000] {processor.py:179} INFO - Processing /opt/airflow/dags/dag.py took 1.199 seconds
[2025-10-20T15:29:29.755+0000] {processor.py:157} INFO - Started process (PID=209) to work on /opt/airflow/dags/dag.py
[2025-10-20T15:29:29.761+0000] {processor.py:829} INFO - Processing file /opt/airflow/dags/dag.py for tasks to queue
[2025-10-20T15:29:29.764+0000] {logging_mixin.py:154} INFO - [2025-10-20T15:29:29.763+0000] {dagbag.py:536} INFO - Filling up the DagBag from /opt/airflow/dags/dag.py
[2025-10-20T15:29:31.051+0000] {processor.py:839} INFO - DAG(s) dict_keys(['ml_pipeline']) retrieved from /opt/airflow/dags/dag.py
[2025-10-20T15:29:31.100+0000] {logging_mixin.py:154} INFO - [2025-10-20T15:29:31.098+0000] {dag.py:2941} INFO - Sync 1 DAGs
[2025-10-20T15:29:31.138+0000] {logging_mixin.py:154} INFO - [2025-10-20T15:29:31.138+0000] {dag.py:3722} INFO - Setting next_dagrun for ml_pipeline to 2025-10-19T02:00:00+00:00, run_after=2025-10-20T02:00:00+00:00
[2025-10-20T15:29:31.169+0000] {processor.py:179} INFO - Processing /opt/airflow/dags/dag.py took 1.423 seconds
[2025-10-20T15:30:01.398+0000] {processor.py:157} INFO - Started process (PID=222) to work on /opt/airflow/dags/dag.py
[2025-10-20T15:30:01.401+0000] {processor.py:829} INFO - Processing file /opt/airflow/dags/dag.py for tasks to queue
[2025-10-20T15:30:01.402+0000] {logging_mixin.py:154} INFO - [2025-10-20T15:30:01.401+0000] {dagbag.py:536} INFO - Filling up the DagBag from /opt/airflow/dags/dag.py
[2025-10-20T15:30:02.468+0000] {processor.py:839} INFO - DAG(s) dict_keys(['ml_pipeline']) retrieved from /opt/airflow/dags/dag.py
[2025-10-20T15:30:02.493+0000] {logging_mixin.py:154} INFO - [2025-10-20T15:30:02.493+0000] {dag.py:2941} INFO - Sync 1 DAGs
[2025-10-20T15:30:02.512+0000] {logging_mixin.py:154} INFO - [2025-10-20T15:30:02.512+0000] {dag.py:3722} INFO - Setting next_dagrun for ml_pipeline to 2025-10-19T02:00:00+00:00, run_after=2025-10-20T02:00:00+00:00
[2025-10-20T15:30:02.524+0000] {processor.py:179} INFO - Processing /opt/airflow/dags/dag.py took 1.141 seconds
[2025-10-20T15:30:32.880+0000] {processor.py:157} INFO - Started process (PID=235) to work on /opt/airflow/dags/dag.py
[2025-10-20T15:30:32.883+0000] {processor.py:829} INFO - Processing file /opt/airflow/dags/dag.py for tasks to queue
[2025-10-20T15:30:32.884+0000] {logging_mixin.py:154} INFO - [2025-10-20T15:30:32.884+0000] {dagbag.py:536} INFO - Filling up the DagBag from /opt/airflow/dags/dag.py
[2025-10-20T15:30:34.485+0000] {processor.py:839} INFO - DAG(s) dict_keys(['ml_pipeline']) retrieved from /opt/airflow/dags/dag.py
[2025-10-20T15:30:34.747+0000] {logging_mixin.py:154} INFO - [2025-10-20T15:30:34.746+0000] {dag.py:2941} INFO - Sync 1 DAGs
[2025-10-20T15:30:34.780+0000] {logging_mixin.py:154} INFO - [2025-10-20T15:30:34.779+0000] {dag.py:3722} INFO - Setting next_dagrun for ml_pipeline to 2025-10-19T11:35:00+00:00, run_after=2025-10-20T11:35:00+00:00
[2025-10-20T15:30:34.835+0000] {processor.py:179} INFO - Processing /opt/airflow/dags/dag.py took 1.962 seconds
[2025-10-20T15:30:55.257+0000] {processor.py:157} INFO - Started process (PID=248) to work on /opt/airflow/dags/dag.py
[2025-10-20T15:30:55.261+0000] {processor.py:829} INFO - Processing file /opt/airflow/dags/dag.py for tasks to queue
[2025-10-20T15:30:55.263+0000] {logging_mixin.py:154} INFO - [2025-10-20T15:30:55.262+0000] {dagbag.py:536} INFO - Filling up the DagBag from /opt/airflow/dags/dag.py
[2025-10-20T15:30:57.427+0000] {processor.py:839} INFO - DAG(s) dict_keys(['ml_pipeline']) retrieved from /opt/airflow/dags/dag.py
[2025-10-20T15:30:57.455+0000] {logging_mixin.py:154} INFO - [2025-10-20T15:30:57.454+0000] {dag.py:2941} INFO - Sync 1 DAGs
[2025-10-20T15:30:57.502+0000] {logging_mixin.py:154} INFO - [2025-10-20T15:30:57.502+0000] {dag.py:3722} INFO - Setting next_dagrun for ml_pipeline to 2025-10-19T11:35:00+00:00, run_after=2025-10-20T11:35:00+00:00
[2025-10-20T15:30:57.521+0000] {processor.py:179} INFO - Processing /opt/airflow/dags/dag.py took 2.276 seconds
[2025-10-20T15:31:24.108+0000] {processor.py:157} INFO - Started process (PID=166) to work on /opt/airflow/dags/dag.py
[2025-10-20T15:31:24.110+0000] {processor.py:829} INFO - Processing file /opt/airflow/dags/dag.py for tasks to queue
[2025-10-20T15:31:24.112+0000] {logging_mixin.py:154} INFO - [2025-10-20T15:31:24.112+0000] {dagbag.py:536} INFO - Filling up the DagBag from /opt/airflow/dags/dag.py
[2025-10-20T15:31:24.949+0000] {processor.py:839} INFO - DAG(s) dict_keys(['ml_pipeline']) retrieved from /opt/airflow/dags/dag.py
[2025-10-20T15:31:24.972+0000] {logging_mixin.py:154} INFO - [2025-10-20T15:31:24.972+0000] {dag.py:2941} INFO - Sync 1 DAGs
[2025-10-20T15:31:24.986+0000] {logging_mixin.py:154} INFO - [2025-10-20T15:31:24.986+0000] {dag.py:3722} INFO - Setting next_dagrun for ml_pipeline to 2025-10-19T11:35:00+00:00, run_after=2025-10-20T11:35:00+00:00
[2025-10-20T15:31:25.000+0000] {processor.py:179} INFO - Processing /opt/airflow/dags/dag.py took 0.894 seconds
[2025-10-20T15:31:55.479+0000] {processor.py:157} INFO - Started process (PID=190) to work on /opt/airflow/dags/dag.py
[2025-10-20T15:31:55.486+0000] {processor.py:829} INFO - Processing file /opt/airflow/dags/dag.py for tasks to queue
[2025-10-20T15:31:55.488+0000] {logging_mixin.py:154} INFO - [2025-10-20T15:31:55.487+0000] {dagbag.py:536} INFO - Filling up the DagBag from /opt/airflow/dags/dag.py
[2025-10-20T15:32:00.308+0000] {processor.py:839} INFO - DAG(s) dict_keys(['ml_pipeline']) retrieved from /opt/airflow/dags/dag.py
[2025-10-20T15:32:00.444+0000] {logging_mixin.py:154} INFO - [2025-10-20T15:32:00.443+0000] {dag.py:2941} INFO - Sync 1 DAGs
[2025-10-20T15:32:00.500+0000] {logging_mixin.py:154} INFO - [2025-10-20T15:32:00.499+0000] {dag.py:3722} INFO - Setting next_dagrun for ml_pipeline to 2025-10-20T11:35:00+00:00, run_after=2025-10-21T11:35:00+00:00
[2025-10-20T15:32:00.525+0000] {processor.py:179} INFO - Processing /opt/airflow/dags/dag.py took 5.064 seconds
[2025-10-20T15:32:30.994+0000] {processor.py:157} INFO - Started process (PID=203) to work on /opt/airflow/dags/dag.py
[2025-10-20T15:32:30.998+0000] {processor.py:829} INFO - Processing file /opt/airflow/dags/dag.py for tasks to queue
[2025-10-20T15:32:31.000+0000] {logging_mixin.py:154} INFO - [2025-10-20T15:32:30.999+0000] {dagbag.py:536} INFO - Filling up the DagBag from /opt/airflow/dags/dag.py
[2025-10-20T15:32:31.974+0000] {processor.py:839} INFO - DAG(s) dict_keys(['ml_pipeline']) retrieved from /opt/airflow/dags/dag.py
[2025-10-20T15:32:31.996+0000] {logging_mixin.py:154} INFO - [2025-10-20T15:32:31.996+0000] {dag.py:2941} INFO - Sync 1 DAGs
[2025-10-20T15:32:32.012+0000] {logging_mixin.py:154} INFO - [2025-10-20T15:32:32.011+0000] {dag.py:3722} INFO - Setting next_dagrun for ml_pipeline to 2025-10-20T11:35:00+00:00, run_after=2025-10-21T11:35:00+00:00
[2025-10-20T15:32:32.023+0000] {processor.py:179} INFO - Processing /opt/airflow/dags/dag.py took 1.045 seconds
[2025-10-20T15:33:02.348+0000] {processor.py:157} INFO - Started process (PID=216) to work on /opt/airflow/dags/dag.py
[2025-10-20T15:33:02.350+0000] {processor.py:829} INFO - Processing file /opt/airflow/dags/dag.py for tasks to queue
[2025-10-20T15:33:02.352+0000] {logging_mixin.py:154} INFO - [2025-10-20T15:33:02.351+0000] {dagbag.py:536} INFO - Filling up the DagBag from /opt/airflow/dags/dag.py
[2025-10-20T15:33:03.280+0000] {processor.py:839} INFO - DAG(s) dict_keys(['ml_pipeline']) retrieved from /opt/airflow/dags/dag.py
[2025-10-20T15:33:03.300+0000] {logging_mixin.py:154} INFO - [2025-10-20T15:33:03.299+0000] {dag.py:2941} INFO - Sync 1 DAGs
[2025-10-20T15:33:03.319+0000] {logging_mixin.py:154} INFO - [2025-10-20T15:33:03.319+0000] {dag.py:3722} INFO - Setting next_dagrun for ml_pipeline to 2025-10-20T11:35:00+00:00, run_after=2025-10-21T11:35:00+00:00
[2025-10-20T15:33:03.334+0000] {processor.py:179} INFO - Processing /opt/airflow/dags/dag.py took 0.994 seconds
[2025-10-20T15:33:33.686+0000] {processor.py:157} INFO - Started process (PID=229) to work on /opt/airflow/dags/dag.py
[2025-10-20T15:33:33.689+0000] {processor.py:829} INFO - Processing file /opt/airflow/dags/dag.py for tasks to queue
[2025-10-20T15:33:33.691+0000] {logging_mixin.py:154} INFO - [2025-10-20T15:33:33.690+0000] {dagbag.py:536} INFO - Filling up the DagBag from /opt/airflow/dags/dag.py
[2025-10-20T15:33:34.686+0000] {processor.py:839} INFO - DAG(s) dict_keys(['ml_pipeline']) retrieved from /opt/airflow/dags/dag.py
[2025-10-20T15:33:34.708+0000] {logging_mixin.py:154} INFO - [2025-10-20T15:33:34.707+0000] {dag.py:2941} INFO - Sync 1 DAGs
[2025-10-20T15:33:34.725+0000] {logging_mixin.py:154} INFO - [2025-10-20T15:33:34.724+0000] {dag.py:3722} INFO - Setting next_dagrun for ml_pipeline to 2025-10-20T11:35:00+00:00, run_after=2025-10-21T11:35:00+00:00
[2025-10-20T15:33:34.735+0000] {processor.py:179} INFO - Processing /opt/airflow/dags/dag.py took 1.060 seconds
[2025-10-20T15:34:05.014+0000] {processor.py:157} INFO - Started process (PID=242) to work on /opt/airflow/dags/dag.py
[2025-10-20T15:34:05.016+0000] {processor.py:829} INFO - Processing file /opt/airflow/dags/dag.py for tasks to queue
[2025-10-20T15:34:05.018+0000] {logging_mixin.py:154} INFO - [2025-10-20T15:34:05.017+0000] {dagbag.py:536} INFO - Filling up the DagBag from /opt/airflow/dags/dag.py
[2025-10-20T15:34:06.145+0000] {processor.py:839} INFO - DAG(s) dict_keys(['ml_pipeline']) retrieved from /opt/airflow/dags/dag.py
[2025-10-20T15:34:06.167+0000] {logging_mixin.py:154} INFO - [2025-10-20T15:34:06.166+0000] {dag.py:2941} INFO - Sync 1 DAGs
[2025-10-20T15:34:06.182+0000] {logging_mixin.py:154} INFO - [2025-10-20T15:34:06.182+0000] {dag.py:3722} INFO - Setting next_dagrun for ml_pipeline to 2025-10-20T11:35:00+00:00, run_after=2025-10-21T11:35:00+00:00
[2025-10-20T15:34:06.193+0000] {processor.py:179} INFO - Processing /opt/airflow/dags/dag.py took 1.189 seconds
[2025-10-20T15:34:36.339+0000] {processor.py:157} INFO - Started process (PID=255) to work on /opt/airflow/dags/dag.py
[2025-10-20T15:34:36.341+0000] {processor.py:829} INFO - Processing file /opt/airflow/dags/dag.py for tasks to queue
[2025-10-20T15:34:36.342+0000] {logging_mixin.py:154} INFO - [2025-10-20T15:34:36.341+0000] {dagbag.py:536} INFO - Filling up the DagBag from /opt/airflow/dags/dag.py
[2025-10-20T15:34:37.358+0000] {processor.py:839} INFO - DAG(s) dict_keys(['ml_pipeline']) retrieved from /opt/airflow/dags/dag.py
[2025-10-20T15:34:37.378+0000] {logging_mixin.py:154} INFO - [2025-10-20T15:34:37.378+0000] {dag.py:2941} INFO - Sync 1 DAGs
[2025-10-20T15:34:37.393+0000] {logging_mixin.py:154} INFO - [2025-10-20T15:34:37.393+0000] {dag.py:3722} INFO - Setting next_dagrun for ml_pipeline to 2025-10-20T11:35:00+00:00, run_after=2025-10-21T11:35:00+00:00
[2025-10-20T15:34:37.404+0000] {processor.py:179} INFO - Processing /opt/airflow/dags/dag.py took 1.076 seconds
[2025-10-20T15:35:07.693+0000] {processor.py:157} INFO - Started process (PID=268) to work on /opt/airflow/dags/dag.py
[2025-10-20T15:35:07.695+0000] {processor.py:829} INFO - Processing file /opt/airflow/dags/dag.py for tasks to queue
[2025-10-20T15:35:07.697+0000] {logging_mixin.py:154} INFO - [2025-10-20T15:35:07.696+0000] {dagbag.py:536} INFO - Filling up the DagBag from /opt/airflow/dags/dag.py
[2025-10-20T15:35:08.712+0000] {processor.py:839} INFO - DAG(s) dict_keys(['ml_pipeline']) retrieved from /opt/airflow/dags/dag.py
[2025-10-20T15:35:08.733+0000] {logging_mixin.py:154} INFO - [2025-10-20T15:35:08.732+0000] {dag.py:2941} INFO - Sync 1 DAGs
[2025-10-20T15:35:08.748+0000] {logging_mixin.py:154} INFO - [2025-10-20T15:35:08.748+0000] {dag.py:3722} INFO - Setting next_dagrun for ml_pipeline to 2025-10-20T11:35:00+00:00, run_after=2025-10-21T11:35:00+00:00
[2025-10-20T15:35:08.758+0000] {processor.py:179} INFO - Processing /opt/airflow/dags/dag.py took 1.070 seconds
[2025-10-20T15:35:39.041+0000] {processor.py:157} INFO - Started process (PID=281) to work on /opt/airflow/dags/dag.py
[2025-10-20T15:35:39.043+0000] {processor.py:829} INFO - Processing file /opt/airflow/dags/dag.py for tasks to queue
[2025-10-20T15:35:39.044+0000] {logging_mixin.py:154} INFO - [2025-10-20T15:35:39.044+0000] {dagbag.py:536} INFO - Filling up the DagBag from /opt/airflow/dags/dag.py
[2025-10-20T15:35:40.048+0000] {processor.py:839} INFO - DAG(s) dict_keys(['ml_pipeline']) retrieved from /opt/airflow/dags/dag.py
[2025-10-20T15:35:40.074+0000] {logging_mixin.py:154} INFO - [2025-10-20T15:35:40.074+0000] {dag.py:2941} INFO - Sync 1 DAGs
[2025-10-20T15:35:40.089+0000] {logging_mixin.py:154} INFO - [2025-10-20T15:35:40.089+0000] {dag.py:3722} INFO - Setting next_dagrun for ml_pipeline to 2025-10-20T11:35:00+00:00, run_after=2025-10-21T11:35:00+00:00
[2025-10-20T15:35:40.101+0000] {processor.py:179} INFO - Processing /opt/airflow/dags/dag.py took 1.066 seconds
[2025-10-20T15:36:10.350+0000] {processor.py:157} INFO - Started process (PID=294) to work on /opt/airflow/dags/dag.py
[2025-10-20T15:36:10.354+0000] {processor.py:829} INFO - Processing file /opt/airflow/dags/dag.py for tasks to queue
[2025-10-20T15:36:10.355+0000] {logging_mixin.py:154} INFO - [2025-10-20T15:36:10.355+0000] {dagbag.py:536} INFO - Filling up the DagBag from /opt/airflow/dags/dag.py
[2025-10-20T15:36:11.319+0000] {processor.py:839} INFO - DAG(s) dict_keys(['ml_pipeline']) retrieved from /opt/airflow/dags/dag.py
[2025-10-20T15:36:11.358+0000] {logging_mixin.py:154} INFO - [2025-10-20T15:36:11.357+0000] {dag.py:2941} INFO - Sync 1 DAGs
[2025-10-20T15:36:11.378+0000] {logging_mixin.py:154} INFO - [2025-10-20T15:36:11.378+0000] {dag.py:3722} INFO - Setting next_dagrun for ml_pipeline to 2025-10-20T11:35:00+00:00, run_after=2025-10-21T11:35:00+00:00
[2025-10-20T15:36:11.389+0000] {processor.py:179} INFO - Processing /opt/airflow/dags/dag.py took 1.045 seconds
[2025-10-20T15:36:41.706+0000] {processor.py:157} INFO - Started process (PID=317) to work on /opt/airflow/dags/dag.py
[2025-10-20T15:36:41.709+0000] {processor.py:829} INFO - Processing file /opt/airflow/dags/dag.py for tasks to queue
[2025-10-20T15:36:41.712+0000] {logging_mixin.py:154} INFO - [2025-10-20T15:36:41.712+0000] {dagbag.py:536} INFO - Filling up the DagBag from /opt/airflow/dags/dag.py
[2025-10-20T15:36:42.755+0000] {processor.py:839} INFO - DAG(s) dict_keys(['ml_pipeline']) retrieved from /opt/airflow/dags/dag.py
[2025-10-20T15:36:42.782+0000] {logging_mixin.py:154} INFO - [2025-10-20T15:36:42.782+0000] {dag.py:2941} INFO - Sync 1 DAGs
[2025-10-20T15:36:42.800+0000] {logging_mixin.py:154} INFO - [2025-10-20T15:36:42.800+0000] {dag.py:3722} INFO - Setting next_dagrun for ml_pipeline to 2025-10-20T11:35:00+00:00, run_after=2025-10-21T11:35:00+00:00
[2025-10-20T15:36:42.813+0000] {processor.py:179} INFO - Processing /opt/airflow/dags/dag.py took 1.112 seconds
[2025-10-20T15:37:13.210+0000] {processor.py:157} INFO - Started process (PID=330) to work on /opt/airflow/dags/dag.py
[2025-10-20T15:37:13.213+0000] {processor.py:829} INFO - Processing file /opt/airflow/dags/dag.py for tasks to queue
[2025-10-20T15:37:13.214+0000] {logging_mixin.py:154} INFO - [2025-10-20T15:37:13.213+0000] {dagbag.py:536} INFO - Filling up the DagBag from /opt/airflow/dags/dag.py
[2025-10-20T15:37:14.200+0000] {processor.py:839} INFO - DAG(s) dict_keys(['ml_pipeline']) retrieved from /opt/airflow/dags/dag.py
[2025-10-20T15:37:14.219+0000] {logging_mixin.py:154} INFO - [2025-10-20T15:37:14.218+0000] {dag.py:2941} INFO - Sync 1 DAGs
[2025-10-20T15:37:14.233+0000] {logging_mixin.py:154} INFO - [2025-10-20T15:37:14.233+0000] {dag.py:3722} INFO - Setting next_dagrun for ml_pipeline to 2025-10-20T11:35:00+00:00, run_after=2025-10-21T11:35:00+00:00
[2025-10-20T15:37:14.244+0000] {processor.py:179} INFO - Processing /opt/airflow/dags/dag.py took 1.040 seconds
[2025-10-20T15:37:44.724+0000] {processor.py:157} INFO - Started process (PID=343) to work on /opt/airflow/dags/dag.py
[2025-10-20T15:37:44.726+0000] {processor.py:829} INFO - Processing file /opt/airflow/dags/dag.py for tasks to queue
[2025-10-20T15:37:44.727+0000] {logging_mixin.py:154} INFO - [2025-10-20T15:37:44.727+0000] {dagbag.py:536} INFO - Filling up the DagBag from /opt/airflow/dags/dag.py
[2025-10-20T15:37:45.731+0000] {processor.py:839} INFO - DAG(s) dict_keys(['ml_pipeline']) retrieved from /opt/airflow/dags/dag.py
[2025-10-20T15:37:45.755+0000] {logging_mixin.py:154} INFO - [2025-10-20T15:37:45.755+0000] {dag.py:2941} INFO - Sync 1 DAGs
[2025-10-20T15:37:45.772+0000] {logging_mixin.py:154} INFO - [2025-10-20T15:37:45.772+0000] {dag.py:3722} INFO - Setting next_dagrun for ml_pipeline to 2025-10-20T11:35:00+00:00, run_after=2025-10-21T11:35:00+00:00
[2025-10-20T15:37:45.784+0000] {processor.py:179} INFO - Processing /opt/airflow/dags/dag.py took 1.066 seconds
[2025-10-20T15:38:16.252+0000] {processor.py:157} INFO - Started process (PID=356) to work on /opt/airflow/dags/dag.py
[2025-10-20T15:38:16.255+0000] {processor.py:829} INFO - Processing file /opt/airflow/dags/dag.py for tasks to queue
[2025-10-20T15:38:16.256+0000] {logging_mixin.py:154} INFO - [2025-10-20T15:38:16.255+0000] {dagbag.py:536} INFO - Filling up the DagBag from /opt/airflow/dags/dag.py
[2025-10-20T15:38:17.329+0000] {processor.py:839} INFO - DAG(s) dict_keys(['ml_pipeline']) retrieved from /opt/airflow/dags/dag.py
[2025-10-20T15:38:17.363+0000] {logging_mixin.py:154} INFO - [2025-10-20T15:38:17.362+0000] {dag.py:2941} INFO - Sync 1 DAGs
[2025-10-20T15:38:17.381+0000] {logging_mixin.py:154} INFO - [2025-10-20T15:38:17.381+0000] {dag.py:3722} INFO - Setting next_dagrun for ml_pipeline to 2025-10-20T11:35:00+00:00, run_after=2025-10-21T11:35:00+00:00
[2025-10-20T15:38:17.392+0000] {processor.py:179} INFO - Processing /opt/airflow/dags/dag.py took 1.146 seconds
[2025-10-20T15:38:47.643+0000] {processor.py:157} INFO - Started process (PID=369) to work on /opt/airflow/dags/dag.py
[2025-10-20T15:38:47.646+0000] {processor.py:829} INFO - Processing file /opt/airflow/dags/dag.py for tasks to queue
[2025-10-20T15:38:47.649+0000] {logging_mixin.py:154} INFO - [2025-10-20T15:38:47.648+0000] {dagbag.py:536} INFO - Filling up the DagBag from /opt/airflow/dags/dag.py
[2025-10-20T15:38:48.812+0000] {processor.py:839} INFO - DAG(s) dict_keys(['ml_pipeline']) retrieved from /opt/airflow/dags/dag.py
[2025-10-20T15:38:48.843+0000] {logging_mixin.py:154} INFO - [2025-10-20T15:38:48.842+0000] {dag.py:2941} INFO - Sync 1 DAGs
[2025-10-20T15:38:48.858+0000] {logging_mixin.py:154} INFO - [2025-10-20T15:38:48.858+0000] {dag.py:3722} INFO - Setting next_dagrun for ml_pipeline to 2025-10-20T11:35:00+00:00, run_after=2025-10-21T11:35:00+00:00
[2025-10-20T15:38:48.871+0000] {processor.py:179} INFO - Processing /opt/airflow/dags/dag.py took 1.240 seconds
[2025-10-20T15:39:19.117+0000] {processor.py:157} INFO - Started process (PID=382) to work on /opt/airflow/dags/dag.py
[2025-10-20T15:39:19.120+0000] {processor.py:829} INFO - Processing file /opt/airflow/dags/dag.py for tasks to queue
[2025-10-20T15:39:19.122+0000] {logging_mixin.py:154} INFO - [2025-10-20T15:39:19.121+0000] {dagbag.py:536} INFO - Filling up the DagBag from /opt/airflow/dags/dag.py
[2025-10-20T15:39:20.442+0000] {processor.py:839} INFO - DAG(s) dict_keys(['ml_pipeline']) retrieved from /opt/airflow/dags/dag.py
[2025-10-20T15:39:20.470+0000] {logging_mixin.py:154} INFO - [2025-10-20T15:39:20.469+0000] {dag.py:2941} INFO - Sync 1 DAGs
[2025-10-20T15:39:20.492+0000] {logging_mixin.py:154} INFO - [2025-10-20T15:39:20.492+0000] {dag.py:3722} INFO - Setting next_dagrun for ml_pipeline to 2025-10-20T11:35:00+00:00, run_after=2025-10-21T11:35:00+00:00
[2025-10-20T15:39:20.503+0000] {processor.py:179} INFO - Processing /opt/airflow/dags/dag.py took 1.397 seconds
[2025-10-20T15:39:50.753+0000] {processor.py:157} INFO - Started process (PID=395) to work on /opt/airflow/dags/dag.py
[2025-10-20T15:39:50.755+0000] {processor.py:829} INFO - Processing file /opt/airflow/dags/dag.py for tasks to queue
[2025-10-20T15:39:50.756+0000] {logging_mixin.py:154} INFO - [2025-10-20T15:39:50.756+0000] {dagbag.py:536} INFO - Filling up the DagBag from /opt/airflow/dags/dag.py
[2025-10-20T15:39:51.719+0000] {processor.py:839} INFO - DAG(s) dict_keys(['ml_pipeline']) retrieved from /opt/airflow/dags/dag.py
[2025-10-20T15:39:51.740+0000] {logging_mixin.py:154} INFO - [2025-10-20T15:39:51.740+0000] {dag.py:2941} INFO - Sync 1 DAGs
[2025-10-20T15:39:51.756+0000] {logging_mixin.py:154} INFO - [2025-10-20T15:39:51.756+0000] {dag.py:3722} INFO - Setting next_dagrun for ml_pipeline to 2025-10-20T11:35:00+00:00, run_after=2025-10-21T11:35:00+00:00
[2025-10-20T15:39:51.766+0000] {processor.py:179} INFO - Processing /opt/airflow/dags/dag.py took 1.021 seconds
[2025-10-20T15:39:59.917+0000] {processor.py:157} INFO - Started process (PID=408) to work on /opt/airflow/dags/dag.py
[2025-10-20T15:39:59.919+0000] {processor.py:829} INFO - Processing file /opt/airflow/dags/dag.py for tasks to queue
[2025-10-20T15:39:59.921+0000] {logging_mixin.py:154} INFO - [2025-10-20T15:39:59.920+0000] {dagbag.py:536} INFO - Filling up the DagBag from /opt/airflow/dags/dag.py
[2025-10-20T15:40:00.972+0000] {processor.py:839} INFO - DAG(s) dict_keys(['ml_pipeline']) retrieved from /opt/airflow/dags/dag.py
[2025-10-20T15:40:01.061+0000] {logging_mixin.py:154} INFO - [2025-10-20T15:40:01.061+0000] {dag.py:2941} INFO - Sync 1 DAGs
[2025-10-20T15:40:01.068+0000] {logging_mixin.py:154} INFO - [2025-10-20T15:40:01.068+0000] {dag.py:3722} INFO - Setting next_dagrun for ml_pipeline to None, run_after=None
[2025-10-20T15:40:01.081+0000] {processor.py:179} INFO - Processing /opt/airflow/dags/dag.py took 1.174 seconds
[2025-10-20T15:40:15.322+0000] {processor.py:157} INFO - Started process (PID=166) to work on /opt/airflow/dags/dag.py
[2025-10-20T15:40:15.323+0000] {processor.py:829} INFO - Processing file /opt/airflow/dags/dag.py for tasks to queue
[2025-10-20T15:40:15.325+0000] {logging_mixin.py:154} INFO - [2025-10-20T15:40:15.324+0000] {dagbag.py:536} INFO - Filling up the DagBag from /opt/airflow/dags/dag.py
[2025-10-20T15:40:16.652+0000] {processor.py:839} INFO - DAG(s) dict_keys(['ml_pipeline']) retrieved from /opt/airflow/dags/dag.py
[2025-10-20T15:40:16.677+0000] {logging_mixin.py:154} INFO - [2025-10-20T15:40:16.676+0000] {dag.py:2941} INFO - Sync 1 DAGs
[2025-10-20T15:40:16.688+0000] {logging_mixin.py:154} INFO - [2025-10-20T15:40:16.688+0000] {dag.py:3722} INFO - Setting next_dagrun for ml_pipeline to None, run_after=None
[2025-10-20T15:40:16.702+0000] {processor.py:179} INFO - Processing /opt/airflow/dags/dag.py took 1.383 seconds
[2025-10-20T15:40:47.087+0000] {processor.py:157} INFO - Started process (PID=207) to work on /opt/airflow/dags/dag.py
[2025-10-20T15:40:47.089+0000] {processor.py:829} INFO - Processing file /opt/airflow/dags/dag.py for tasks to queue
[2025-10-20T15:40:47.090+0000] {logging_mixin.py:154} INFO - [2025-10-20T15:40:47.090+0000] {dagbag.py:536} INFO - Filling up the DagBag from /opt/airflow/dags/dag.py
[2025-10-20T15:40:48.001+0000] {processor.py:839} INFO - DAG(s) dict_keys(['ml_pipeline']) retrieved from /opt/airflow/dags/dag.py
[2025-10-20T15:40:48.023+0000] {logging_mixin.py:154} INFO - [2025-10-20T15:40:48.022+0000] {dag.py:2941} INFO - Sync 1 DAGs
[2025-10-20T15:40:48.031+0000] {logging_mixin.py:154} INFO - [2025-10-20T15:40:48.031+0000] {dag.py:3722} INFO - Setting next_dagrun for ml_pipeline to None, run_after=None
[2025-10-20T15:40:48.042+0000] {processor.py:179} INFO - Processing /opt/airflow/dags/dag.py took 0.962 seconds
[2025-10-20T15:41:18.415+0000] {processor.py:157} INFO - Started process (PID=220) to work on /opt/airflow/dags/dag.py
[2025-10-20T15:41:18.417+0000] {processor.py:829} INFO - Processing file /opt/airflow/dags/dag.py for tasks to queue
[2025-10-20T15:41:18.423+0000] {logging_mixin.py:154} INFO - [2025-10-20T15:41:18.420+0000] {dagbag.py:536} INFO - Filling up the DagBag from /opt/airflow/dags/dag.py
[2025-10-20T15:41:19.366+0000] {processor.py:839} INFO - DAG(s) dict_keys(['ml_pipeline']) retrieved from /opt/airflow/dags/dag.py
[2025-10-20T15:41:19.388+0000] {logging_mixin.py:154} INFO - [2025-10-20T15:41:19.388+0000] {dag.py:2941} INFO - Sync 1 DAGs
[2025-10-20T15:41:19.396+0000] {logging_mixin.py:154} INFO - [2025-10-20T15:41:19.396+0000] {dag.py:3722} INFO - Setting next_dagrun for ml_pipeline to None, run_after=None
[2025-10-20T15:41:19.409+0000] {processor.py:179} INFO - Processing /opt/airflow/dags/dag.py took 1.002 seconds
[2025-10-20T15:41:49.815+0000] {processor.py:157} INFO - Started process (PID=233) to work on /opt/airflow/dags/dag.py
[2025-10-20T15:41:49.817+0000] {processor.py:829} INFO - Processing file /opt/airflow/dags/dag.py for tasks to queue
[2025-10-20T15:41:49.819+0000] {logging_mixin.py:154} INFO - [2025-10-20T15:41:49.818+0000] {dagbag.py:536} INFO - Filling up the DagBag from /opt/airflow/dags/dag.py
[2025-10-20T15:41:50.788+0000] {processor.py:839} INFO - DAG(s) dict_keys(['ml_pipeline']) retrieved from /opt/airflow/dags/dag.py
[2025-10-20T15:41:50.809+0000] {logging_mixin.py:154} INFO - [2025-10-20T15:41:50.808+0000] {dag.py:2941} INFO - Sync 1 DAGs
[2025-10-20T15:41:50.816+0000] {logging_mixin.py:154} INFO - [2025-10-20T15:41:50.816+0000] {dag.py:3722} INFO - Setting next_dagrun for ml_pipeline to None, run_after=None
[2025-10-20T15:41:50.827+0000] {processor.py:179} INFO - Processing /opt/airflow/dags/dag.py took 1.018 seconds
[2025-10-20T15:42:21.191+0000] {processor.py:157} INFO - Started process (PID=246) to work on /opt/airflow/dags/dag.py
[2025-10-20T15:42:21.192+0000] {processor.py:829} INFO - Processing file /opt/airflow/dags/dag.py for tasks to queue
[2025-10-20T15:42:21.194+0000] {logging_mixin.py:154} INFO - [2025-10-20T15:42:21.193+0000] {dagbag.py:536} INFO - Filling up the DagBag from /opt/airflow/dags/dag.py
[2025-10-20T15:42:22.082+0000] {processor.py:839} INFO - DAG(s) dict_keys(['ml_pipeline']) retrieved from /opt/airflow/dags/dag.py
[2025-10-20T15:42:22.101+0000] {logging_mixin.py:154} INFO - [2025-10-20T15:42:22.100+0000] {dag.py:2941} INFO - Sync 1 DAGs
[2025-10-20T15:42:22.109+0000] {logging_mixin.py:154} INFO - [2025-10-20T15:42:22.108+0000] {dag.py:3722} INFO - Setting next_dagrun for ml_pipeline to None, run_after=None
[2025-10-20T15:42:22.120+0000] {processor.py:179} INFO - Processing /opt/airflow/dags/dag.py took 0.937 seconds
[2025-10-20T15:42:52.579+0000] {processor.py:157} INFO - Started process (PID=259) to work on /opt/airflow/dags/dag.py
[2025-10-20T15:42:52.582+0000] {processor.py:829} INFO - Processing file /opt/airflow/dags/dag.py for tasks to queue
[2025-10-20T15:42:52.584+0000] {logging_mixin.py:154} INFO - [2025-10-20T15:42:52.583+0000] {dagbag.py:536} INFO - Filling up the DagBag from /opt/airflow/dags/dag.py
[2025-10-20T15:42:53.522+0000] {processor.py:839} INFO - DAG(s) dict_keys(['ml_pipeline']) retrieved from /opt/airflow/dags/dag.py
[2025-10-20T15:42:53.544+0000] {logging_mixin.py:154} INFO - [2025-10-20T15:42:53.544+0000] {dag.py:2941} INFO - Sync 1 DAGs
[2025-10-20T15:42:53.553+0000] {logging_mixin.py:154} INFO - [2025-10-20T15:42:53.553+0000] {dag.py:3722} INFO - Setting next_dagrun for ml_pipeline to None, run_after=None
[2025-10-20T15:42:53.565+0000] {processor.py:179} INFO - Processing /opt/airflow/dags/dag.py took 0.996 seconds
[2025-10-20T15:43:23.931+0000] {processor.py:157} INFO - Started process (PID=272) to work on /opt/airflow/dags/dag.py
[2025-10-20T15:43:23.933+0000] {processor.py:829} INFO - Processing file /opt/airflow/dags/dag.py for tasks to queue
[2025-10-20T15:43:23.934+0000] {logging_mixin.py:154} INFO - [2025-10-20T15:43:23.933+0000] {dagbag.py:536} INFO - Filling up the DagBag from /opt/airflow/dags/dag.py
[2025-10-20T15:43:24.828+0000] {processor.py:839} INFO - DAG(s) dict_keys(['ml_pipeline']) retrieved from /opt/airflow/dags/dag.py
[2025-10-20T15:43:24.849+0000] {logging_mixin.py:154} INFO - [2025-10-20T15:43:24.848+0000] {dag.py:2941} INFO - Sync 1 DAGs
[2025-10-20T15:43:24.857+0000] {logging_mixin.py:154} INFO - [2025-10-20T15:43:24.857+0000] {dag.py:3722} INFO - Setting next_dagrun for ml_pipeline to None, run_after=None
[2025-10-20T15:43:24.868+0000] {processor.py:179} INFO - Processing /opt/airflow/dags/dag.py took 0.943 seconds
[2025-10-20T15:43:55.271+0000] {processor.py:157} INFO - Started process (PID=285) to work on /opt/airflow/dags/dag.py
[2025-10-20T15:43:55.275+0000] {processor.py:829} INFO - Processing file /opt/airflow/dags/dag.py for tasks to queue
[2025-10-20T15:43:55.276+0000] {logging_mixin.py:154} INFO - [2025-10-20T15:43:55.275+0000] {dagbag.py:536} INFO - Filling up the DagBag from /opt/airflow/dags/dag.py
[2025-10-20T15:43:56.289+0000] {processor.py:839} INFO - DAG(s) dict_keys(['ml_pipeline']) retrieved from /opt/airflow/dags/dag.py
[2025-10-20T15:43:56.318+0000] {logging_mixin.py:154} INFO - [2025-10-20T15:43:56.317+0000] {dag.py:2941} INFO - Sync 1 DAGs
[2025-10-20T15:43:56.330+0000] {logging_mixin.py:154} INFO - [2025-10-20T15:43:56.330+0000] {dag.py:3722} INFO - Setting next_dagrun for ml_pipeline to None, run_after=None
[2025-10-20T15:43:56.345+0000] {processor.py:179} INFO - Processing /opt/airflow/dags/dag.py took 1.081 seconds
[2025-10-20T15:44:26.660+0000] {processor.py:157} INFO - Started process (PID=298) to work on /opt/airflow/dags/dag.py
[2025-10-20T15:44:26.662+0000] {processor.py:829} INFO - Processing file /opt/airflow/dags/dag.py for tasks to queue
[2025-10-20T15:44:26.664+0000] {logging_mixin.py:154} INFO - [2025-10-20T15:44:26.662+0000] {dagbag.py:536} INFO - Filling up the DagBag from /opt/airflow/dags/dag.py
[2025-10-20T15:44:27.665+0000] {processor.py:839} INFO - DAG(s) dict_keys(['ml_pipeline']) retrieved from /opt/airflow/dags/dag.py
[2025-10-20T15:44:27.692+0000] {logging_mixin.py:154} INFO - [2025-10-20T15:44:27.692+0000] {dag.py:2941} INFO - Sync 1 DAGs
[2025-10-20T15:44:27.700+0000] {logging_mixin.py:154} INFO - [2025-10-20T15:44:27.700+0000] {dag.py:3722} INFO - Setting next_dagrun for ml_pipeline to None, run_after=None
[2025-10-20T15:44:27.710+0000] {processor.py:179} INFO - Processing /opt/airflow/dags/dag.py took 1.058 seconds
[2025-10-20T15:44:58.070+0000] {processor.py:157} INFO - Started process (PID=311) to work on /opt/airflow/dags/dag.py
[2025-10-20T15:44:58.075+0000] {processor.py:829} INFO - Processing file /opt/airflow/dags/dag.py for tasks to queue
[2025-10-20T15:44:58.076+0000] {logging_mixin.py:154} INFO - [2025-10-20T15:44:58.076+0000] {dagbag.py:536} INFO - Filling up the DagBag from /opt/airflow/dags/dag.py
[2025-10-20T15:44:59.117+0000] {processor.py:839} INFO - DAG(s) dict_keys(['ml_pipeline']) retrieved from /opt/airflow/dags/dag.py
[2025-10-20T15:44:59.145+0000] {logging_mixin.py:154} INFO - [2025-10-20T15:44:59.144+0000] {dag.py:2941} INFO - Sync 1 DAGs
[2025-10-20T15:44:59.153+0000] {logging_mixin.py:154} INFO - [2025-10-20T15:44:59.153+0000] {dag.py:3722} INFO - Setting next_dagrun for ml_pipeline to None, run_after=None
[2025-10-20T15:44:59.166+0000] {processor.py:179} INFO - Processing /opt/airflow/dags/dag.py took 1.101 seconds
[2025-10-20T15:45:29.444+0000] {processor.py:157} INFO - Started process (PID=324) to work on /opt/airflow/dags/dag.py
[2025-10-20T15:45:29.448+0000] {processor.py:829} INFO - Processing file /opt/airflow/dags/dag.py for tasks to queue
[2025-10-20T15:45:29.452+0000] {logging_mixin.py:154} INFO - [2025-10-20T15:45:29.451+0000] {dagbag.py:536} INFO - Filling up the DagBag from /opt/airflow/dags/dag.py
[2025-10-20T15:45:30.429+0000] {processor.py:839} INFO - DAG(s) dict_keys(['ml_pipeline']) retrieved from /opt/airflow/dags/dag.py
[2025-10-20T15:45:30.450+0000] {logging_mixin.py:154} INFO - [2025-10-20T15:45:30.450+0000] {dag.py:2941} INFO - Sync 1 DAGs
[2025-10-20T15:45:30.466+0000] {logging_mixin.py:154} INFO - [2025-10-20T15:45:30.466+0000] {dag.py:3722} INFO - Setting next_dagrun for ml_pipeline to None, run_after=None
[2025-10-20T15:45:30.483+0000] {processor.py:179} INFO - Processing /opt/airflow/dags/dag.py took 1.049 seconds
[2025-10-20T15:46:00.913+0000] {processor.py:157} INFO - Started process (PID=347) to work on /opt/airflow/dags/dag.py
[2025-10-20T15:46:00.916+0000] {processor.py:829} INFO - Processing file /opt/airflow/dags/dag.py for tasks to queue
[2025-10-20T15:46:00.918+0000] {logging_mixin.py:154} INFO - [2025-10-20T15:46:00.917+0000] {dagbag.py:536} INFO - Filling up the DagBag from /opt/airflow/dags/dag.py
[2025-10-20T15:46:01.797+0000] {processor.py:839} INFO - DAG(s) dict_keys(['ml_pipeline']) retrieved from /opt/airflow/dags/dag.py
[2025-10-20T15:46:01.816+0000] {logging_mixin.py:154} INFO - [2025-10-20T15:46:01.815+0000] {dag.py:2941} INFO - Sync 1 DAGs
[2025-10-20T15:46:01.824+0000] {logging_mixin.py:154} INFO - [2025-10-20T15:46:01.824+0000] {dag.py:3722} INFO - Setting next_dagrun for ml_pipeline to None, run_after=None
[2025-10-20T15:46:01.835+0000] {processor.py:179} INFO - Processing /opt/airflow/dags/dag.py took 0.930 seconds
[2025-10-20T15:46:32.274+0000] {processor.py:157} INFO - Started process (PID=360) to work on /opt/airflow/dags/dag.py
[2025-10-20T15:46:32.277+0000] {processor.py:829} INFO - Processing file /opt/airflow/dags/dag.py for tasks to queue
[2025-10-20T15:46:32.279+0000] {logging_mixin.py:154} INFO - [2025-10-20T15:46:32.278+0000] {dagbag.py:536} INFO - Filling up the DagBag from /opt/airflow/dags/dag.py
[2025-10-20T15:46:33.186+0000] {processor.py:839} INFO - DAG(s) dict_keys(['ml_pipeline']) retrieved from /opt/airflow/dags/dag.py
[2025-10-20T15:46:33.209+0000] {logging_mixin.py:154} INFO - [2025-10-20T15:46:33.209+0000] {dag.py:2941} INFO - Sync 1 DAGs
[2025-10-20T15:46:33.217+0000] {logging_mixin.py:154} INFO - [2025-10-20T15:46:33.217+0000] {dag.py:3722} INFO - Setting next_dagrun for ml_pipeline to None, run_after=None
[2025-10-20T15:46:33.228+0000] {processor.py:179} INFO - Processing /opt/airflow/dags/dag.py took 0.962 seconds
[2025-10-20T15:47:03.621+0000] {processor.py:157} INFO - Started process (PID=373) to work on /opt/airflow/dags/dag.py
[2025-10-20T15:47:03.625+0000] {processor.py:829} INFO - Processing file /opt/airflow/dags/dag.py for tasks to queue
[2025-10-20T15:47:03.627+0000] {logging_mixin.py:154} INFO - [2025-10-20T15:47:03.626+0000] {dagbag.py:536} INFO - Filling up the DagBag from /opt/airflow/dags/dag.py
[2025-10-20T15:47:04.809+0000] {processor.py:839} INFO - DAG(s) dict_keys(['ml_pipeline']) retrieved from /opt/airflow/dags/dag.py
[2025-10-20T15:47:04.840+0000] {logging_mixin.py:154} INFO - [2025-10-20T15:47:04.840+0000] {dag.py:2941} INFO - Sync 1 DAGs
[2025-10-20T15:47:04.848+0000] {logging_mixin.py:154} INFO - [2025-10-20T15:47:04.848+0000] {dag.py:3722} INFO - Setting next_dagrun for ml_pipeline to None, run_after=None
[2025-10-20T15:47:04.859+0000] {processor.py:179} INFO - Processing /opt/airflow/dags/dag.py took 1.248 seconds
[2025-10-20T15:47:35.004+0000] {processor.py:157} INFO - Started process (PID=386) to work on /opt/airflow/dags/dag.py
[2025-10-20T15:47:35.009+0000] {processor.py:829} INFO - Processing file /opt/airflow/dags/dag.py for tasks to queue
[2025-10-20T15:47:35.012+0000] {logging_mixin.py:154} INFO - [2025-10-20T15:47:35.011+0000] {dagbag.py:536} INFO - Filling up the DagBag from /opt/airflow/dags/dag.py
[2025-10-20T15:47:36.043+0000] {processor.py:839} INFO - DAG(s) dict_keys(['ml_pipeline']) retrieved from /opt/airflow/dags/dag.py
[2025-10-20T15:47:36.067+0000] {logging_mixin.py:154} INFO - [2025-10-20T15:47:36.067+0000] {dag.py:2941} INFO - Sync 1 DAGs
[2025-10-20T15:47:36.077+0000] {logging_mixin.py:154} INFO - [2025-10-20T15:47:36.077+0000] {dag.py:3722} INFO - Setting next_dagrun for ml_pipeline to None, run_after=None
[2025-10-20T15:47:36.107+0000] {processor.py:179} INFO - Processing /opt/airflow/dags/dag.py took 1.115 seconds
[2025-10-20T15:48:06.484+0000] {processor.py:157} INFO - Started process (PID=399) to work on /opt/airflow/dags/dag.py
[2025-10-20T15:48:06.486+0000] {processor.py:829} INFO - Processing file /opt/airflow/dags/dag.py for tasks to queue
[2025-10-20T15:48:06.487+0000] {logging_mixin.py:154} INFO - [2025-10-20T15:48:06.486+0000] {dagbag.py:536} INFO - Filling up the DagBag from /opt/airflow/dags/dag.py
[2025-10-20T15:48:07.523+0000] {processor.py:839} INFO - DAG(s) dict_keys(['ml_pipeline']) retrieved from /opt/airflow/dags/dag.py
[2025-10-20T15:48:07.544+0000] {logging_mixin.py:154} INFO - [2025-10-20T15:48:07.544+0000] {dag.py:2941} INFO - Sync 1 DAGs
[2025-10-20T15:48:07.552+0000] {logging_mixin.py:154} INFO - [2025-10-20T15:48:07.552+0000] {dag.py:3722} INFO - Setting next_dagrun for ml_pipeline to None, run_after=None
[2025-10-20T15:48:07.563+0000] {processor.py:179} INFO - Processing /opt/airflow/dags/dag.py took 1.086 seconds
[2025-10-20T15:48:37.932+0000] {processor.py:157} INFO - Started process (PID=412) to work on /opt/airflow/dags/dag.py
[2025-10-20T15:48:37.935+0000] {processor.py:829} INFO - Processing file /opt/airflow/dags/dag.py for tasks to queue
[2025-10-20T15:48:37.936+0000] {logging_mixin.py:154} INFO - [2025-10-20T15:48:37.936+0000] {dagbag.py:536} INFO - Filling up the DagBag from /opt/airflow/dags/dag.py
[2025-10-20T15:48:38.908+0000] {processor.py:839} INFO - DAG(s) dict_keys(['ml_pipeline']) retrieved from /opt/airflow/dags/dag.py
[2025-10-20T15:48:38.937+0000] {logging_mixin.py:154} INFO - [2025-10-20T15:48:38.936+0000] {dag.py:2941} INFO - Sync 1 DAGs
[2025-10-20T15:48:38.946+0000] {logging_mixin.py:154} INFO - [2025-10-20T15:48:38.946+0000] {dag.py:3722} INFO - Setting next_dagrun for ml_pipeline to None, run_after=None
[2025-10-20T15:48:38.956+0000] {processor.py:179} INFO - Processing /opt/airflow/dags/dag.py took 1.034 seconds
[2025-10-20T15:49:09.334+0000] {processor.py:157} INFO - Started process (PID=425) to work on /opt/airflow/dags/dag.py
[2025-10-20T15:49:09.337+0000] {processor.py:829} INFO - Processing file /opt/airflow/dags/dag.py for tasks to queue
[2025-10-20T15:49:09.339+0000] {logging_mixin.py:154} INFO - [2025-10-20T15:49:09.338+0000] {dagbag.py:536} INFO - Filling up the DagBag from /opt/airflow/dags/dag.py
[2025-10-20T15:49:10.415+0000] {processor.py:839} INFO - DAG(s) dict_keys(['ml_pipeline']) retrieved from /opt/airflow/dags/dag.py
[2025-10-20T15:49:10.466+0000] {logging_mixin.py:154} INFO - [2025-10-20T15:49:10.460+0000] {dag.py:2941} INFO - Sync 1 DAGs
[2025-10-20T15:49:10.477+0000] {logging_mixin.py:154} INFO - [2025-10-20T15:49:10.477+0000] {dag.py:3722} INFO - Setting next_dagrun for ml_pipeline to None, run_after=None
[2025-10-20T15:49:10.493+0000] {processor.py:179} INFO - Processing /opt/airflow/dags/dag.py took 1.173 seconds
