[2025-10-20T22:54:32.726+0000] {processor.py:157} INFO - Started process (PID=170) to work on /opt/airflow/dags/my_dag.py
[2025-10-20T22:54:32.734+0000] {processor.py:829} INFO - Processing file /opt/airflow/dags/my_dag.py for tasks to queue
[2025-10-20T22:54:32.739+0000] {logging_mixin.py:154} INFO - [2025-10-20T22:54:32.739+0000] {dagbag.py:536} INFO - Filling up the DagBag from /opt/airflow/dags/my_dag.py
[2025-10-20T22:54:32.749+0000] {logging_mixin.py:154} INFO - [2025-10-20T22:54:32.746+0000] {dagbag.py:346} ERROR - Failed to import: /opt/airflow/dags/my_dag.py
Traceback (most recent call last):
  File "/home/airflow/.local/lib/python3.10/site-packages/airflow/models/dagbag.py", line 342, in parse
    loader.exec_module(new_module)
  File "<frozen importlib._bootstrap_external>", line 883, in exec_module
  File "<frozen importlib._bootstrap>", line 241, in _call_with_frames_removed
  File "/opt/airflow/dags/my_dag.py", line 4, in <module>
    from src.model_development import load_data, data_preprocessing, build_model
ModuleNotFoundError: No module named 'src'
[2025-10-20T22:54:32.749+0000] {processor.py:841} WARNING - No viable dags retrieved from /opt/airflow/dags/my_dag.py
[2025-10-20T22:54:32.802+0000] {processor.py:179} INFO - Processing /opt/airflow/dags/my_dag.py took 0.098 seconds
[2025-10-20T22:55:03.206+0000] {processor.py:157} INFO - Started process (PID=175) to work on /opt/airflow/dags/my_dag.py
[2025-10-20T22:55:03.207+0000] {processor.py:829} INFO - Processing file /opt/airflow/dags/my_dag.py for tasks to queue
[2025-10-20T22:55:03.209+0000] {logging_mixin.py:154} INFO - [2025-10-20T22:55:03.208+0000] {dagbag.py:536} INFO - Filling up the DagBag from /opt/airflow/dags/my_dag.py
[2025-10-20T22:55:03.218+0000] {logging_mixin.py:154} INFO - [2025-10-20T22:55:03.215+0000] {dagbag.py:346} ERROR - Failed to import: /opt/airflow/dags/my_dag.py
Traceback (most recent call last):
  File "/home/airflow/.local/lib/python3.10/site-packages/airflow/models/dagbag.py", line 342, in parse
    loader.exec_module(new_module)
  File "<frozen importlib._bootstrap_external>", line 883, in exec_module
  File "<frozen importlib._bootstrap>", line 241, in _call_with_frames_removed
  File "/opt/airflow/dags/my_dag.py", line 4, in <module>
    from src.model_development import load_data, data_preprocessing, build_model
ModuleNotFoundError: No module named 'src'
[2025-10-20T22:55:03.218+0000] {processor.py:841} WARNING - No viable dags retrieved from /opt/airflow/dags/my_dag.py
[2025-10-20T22:55:03.243+0000] {processor.py:179} INFO - Processing /opt/airflow/dags/my_dag.py took 0.045 seconds
[2025-10-20T22:55:33.655+0000] {processor.py:157} INFO - Started process (PID=180) to work on /opt/airflow/dags/my_dag.py
[2025-10-20T22:55:33.657+0000] {processor.py:829} INFO - Processing file /opt/airflow/dags/my_dag.py for tasks to queue
[2025-10-20T22:55:33.659+0000] {logging_mixin.py:154} INFO - [2025-10-20T22:55:33.658+0000] {dagbag.py:536} INFO - Filling up the DagBag from /opt/airflow/dags/my_dag.py
[2025-10-20T22:55:33.671+0000] {logging_mixin.py:154} INFO - [2025-10-20T22:55:33.670+0000] {dagbag.py:346} ERROR - Failed to import: /opt/airflow/dags/my_dag.py
Traceback (most recent call last):
  File "/home/airflow/.local/lib/python3.10/site-packages/airflow/models/dagbag.py", line 342, in parse
    loader.exec_module(new_module)
  File "<frozen importlib._bootstrap_external>", line 883, in exec_module
  File "<frozen importlib._bootstrap>", line 241, in _call_with_frames_removed
  File "/opt/airflow/dags/my_dag.py", line 4, in <module>
    from src.model_development import load_data, data_preprocessing, build_model
ModuleNotFoundError: No module named 'src'
[2025-10-20T22:55:33.672+0000] {processor.py:841} WARNING - No viable dags retrieved from /opt/airflow/dags/my_dag.py
[2025-10-20T22:55:33.716+0000] {processor.py:179} INFO - Processing /opt/airflow/dags/my_dag.py took 0.067 seconds
[2025-10-20T22:56:04.098+0000] {processor.py:157} INFO - Started process (PID=185) to work on /opt/airflow/dags/my_dag.py
[2025-10-20T22:56:04.099+0000] {processor.py:829} INFO - Processing file /opt/airflow/dags/my_dag.py for tasks to queue
[2025-10-20T22:56:04.100+0000] {logging_mixin.py:154} INFO - [2025-10-20T22:56:04.100+0000] {dagbag.py:536} INFO - Filling up the DagBag from /opt/airflow/dags/my_dag.py
[2025-10-20T22:56:04.107+0000] {logging_mixin.py:154} INFO - [2025-10-20T22:56:04.106+0000] {dagbag.py:346} ERROR - Failed to import: /opt/airflow/dags/my_dag.py
Traceback (most recent call last):
  File "/home/airflow/.local/lib/python3.10/site-packages/airflow/models/dagbag.py", line 342, in parse
    loader.exec_module(new_module)
  File "<frozen importlib._bootstrap_external>", line 883, in exec_module
  File "<frozen importlib._bootstrap>", line 241, in _call_with_frames_removed
  File "/opt/airflow/dags/my_dag.py", line 4, in <module>
    from src.model_development import load_data, data_preprocessing, build_model
ModuleNotFoundError: No module named 'src'
[2025-10-20T22:56:04.107+0000] {processor.py:841} WARNING - No viable dags retrieved from /opt/airflow/dags/my_dag.py
[2025-10-20T22:56:04.131+0000] {processor.py:179} INFO - Processing /opt/airflow/dags/my_dag.py took 0.041 seconds
[2025-10-20T22:56:34.520+0000] {processor.py:157} INFO - Started process (PID=190) to work on /opt/airflow/dags/my_dag.py
[2025-10-20T22:56:34.522+0000] {processor.py:829} INFO - Processing file /opt/airflow/dags/my_dag.py for tasks to queue
[2025-10-20T22:56:34.523+0000] {logging_mixin.py:154} INFO - [2025-10-20T22:56:34.523+0000] {dagbag.py:536} INFO - Filling up the DagBag from /opt/airflow/dags/my_dag.py
[2025-10-20T22:56:34.531+0000] {logging_mixin.py:154} INFO - [2025-10-20T22:56:34.529+0000] {dagbag.py:346} ERROR - Failed to import: /opt/airflow/dags/my_dag.py
Traceback (most recent call last):
  File "/home/airflow/.local/lib/python3.10/site-packages/airflow/models/dagbag.py", line 342, in parse
    loader.exec_module(new_module)
  File "<frozen importlib._bootstrap_external>", line 883, in exec_module
  File "<frozen importlib._bootstrap>", line 241, in _call_with_frames_removed
  File "/opt/airflow/dags/my_dag.py", line 4, in <module>
    from src.model_development import load_data, data_preprocessing, build_model
ModuleNotFoundError: No module named 'src'
[2025-10-20T22:56:34.531+0000] {processor.py:841} WARNING - No viable dags retrieved from /opt/airflow/dags/my_dag.py
[2025-10-20T22:56:34.559+0000] {processor.py:179} INFO - Processing /opt/airflow/dags/my_dag.py took 0.045 seconds
[2025-10-20T22:57:04.864+0000] {processor.py:157} INFO - Started process (PID=195) to work on /opt/airflow/dags/my_dag.py
[2025-10-20T22:57:04.865+0000] {processor.py:829} INFO - Processing file /opt/airflow/dags/my_dag.py for tasks to queue
[2025-10-20T22:57:04.866+0000] {logging_mixin.py:154} INFO - [2025-10-20T22:57:04.865+0000] {dagbag.py:536} INFO - Filling up the DagBag from /opt/airflow/dags/my_dag.py
[2025-10-20T22:57:04.871+0000] {logging_mixin.py:154} INFO - [2025-10-20T22:57:04.870+0000] {dagbag.py:346} ERROR - Failed to import: /opt/airflow/dags/my_dag.py
Traceback (most recent call last):
  File "/home/airflow/.local/lib/python3.10/site-packages/airflow/models/dagbag.py", line 342, in parse
    loader.exec_module(new_module)
  File "<frozen importlib._bootstrap_external>", line 883, in exec_module
  File "<frozen importlib._bootstrap>", line 241, in _call_with_frames_removed
  File "/opt/airflow/dags/my_dag.py", line 4, in <module>
    from src.model_development import load_data, data_preprocessing, build_model
ModuleNotFoundError: No module named 'src'
[2025-10-20T22:57:04.871+0000] {processor.py:841} WARNING - No viable dags retrieved from /opt/airflow/dags/my_dag.py
[2025-10-20T22:57:04.890+0000] {processor.py:179} INFO - Processing /opt/airflow/dags/my_dag.py took 0.030 seconds
[2025-10-20T22:57:35.265+0000] {processor.py:157} INFO - Started process (PID=200) to work on /opt/airflow/dags/my_dag.py
[2025-10-20T22:57:35.266+0000] {processor.py:829} INFO - Processing file /opt/airflow/dags/my_dag.py for tasks to queue
[2025-10-20T22:57:35.267+0000] {logging_mixin.py:154} INFO - [2025-10-20T22:57:35.267+0000] {dagbag.py:536} INFO - Filling up the DagBag from /opt/airflow/dags/my_dag.py
[2025-10-20T22:57:35.277+0000] {logging_mixin.py:154} INFO - [2025-10-20T22:57:35.276+0000] {dagbag.py:346} ERROR - Failed to import: /opt/airflow/dags/my_dag.py
Traceback (most recent call last):
  File "/home/airflow/.local/lib/python3.10/site-packages/airflow/models/dagbag.py", line 342, in parse
    loader.exec_module(new_module)
  File "<frozen importlib._bootstrap_external>", line 883, in exec_module
  File "<frozen importlib._bootstrap>", line 241, in _call_with_frames_removed
  File "/opt/airflow/dags/my_dag.py", line 4, in <module>
    from src.model_development import load_data, data_preprocessing, build_model
ModuleNotFoundError: No module named 'src'
[2025-10-20T22:57:35.278+0000] {processor.py:841} WARNING - No viable dags retrieved from /opt/airflow/dags/my_dag.py
[2025-10-20T22:57:35.300+0000] {processor.py:179} INFO - Processing /opt/airflow/dags/my_dag.py took 0.039 seconds
[2025-10-20T22:58:05.622+0000] {processor.py:157} INFO - Started process (PID=205) to work on /opt/airflow/dags/my_dag.py
[2025-10-20T22:58:05.625+0000] {processor.py:829} INFO - Processing file /opt/airflow/dags/my_dag.py for tasks to queue
[2025-10-20T22:58:05.628+0000] {logging_mixin.py:154} INFO - [2025-10-20T22:58:05.626+0000] {dagbag.py:536} INFO - Filling up the DagBag from /opt/airflow/dags/my_dag.py
[2025-10-20T22:58:05.636+0000] {logging_mixin.py:154} INFO - [2025-10-20T22:58:05.635+0000] {dagbag.py:346} ERROR - Failed to import: /opt/airflow/dags/my_dag.py
Traceback (most recent call last):
  File "/home/airflow/.local/lib/python3.10/site-packages/airflow/models/dagbag.py", line 342, in parse
    loader.exec_module(new_module)
  File "<frozen importlib._bootstrap_external>", line 883, in exec_module
  File "<frozen importlib._bootstrap>", line 241, in _call_with_frames_removed
  File "/opt/airflow/dags/my_dag.py", line 4, in <module>
    from src.model_development import load_data, data_preprocessing, build_model
ModuleNotFoundError: No module named 'src'
[2025-10-20T22:58:05.637+0000] {processor.py:841} WARNING - No viable dags retrieved from /opt/airflow/dags/my_dag.py
[2025-10-20T22:58:05.673+0000] {processor.py:179} INFO - Processing /opt/airflow/dags/my_dag.py took 0.065 seconds
[2025-10-20T22:58:36.077+0000] {processor.py:157} INFO - Started process (PID=210) to work on /opt/airflow/dags/my_dag.py
[2025-10-20T22:58:36.080+0000] {processor.py:829} INFO - Processing file /opt/airflow/dags/my_dag.py for tasks to queue
[2025-10-20T22:58:36.081+0000] {logging_mixin.py:154} INFO - [2025-10-20T22:58:36.080+0000] {dagbag.py:536} INFO - Filling up the DagBag from /opt/airflow/dags/my_dag.py
[2025-10-20T22:58:36.090+0000] {logging_mixin.py:154} INFO - [2025-10-20T22:58:36.088+0000] {dagbag.py:346} ERROR - Failed to import: /opt/airflow/dags/my_dag.py
Traceback (most recent call last):
  File "/home/airflow/.local/lib/python3.10/site-packages/airflow/models/dagbag.py", line 342, in parse
    loader.exec_module(new_module)
  File "<frozen importlib._bootstrap_external>", line 883, in exec_module
  File "<frozen importlib._bootstrap>", line 241, in _call_with_frames_removed
  File "/opt/airflow/dags/my_dag.py", line 4, in <module>
    from src.model_development import load_data, data_preprocessing, build_model
ModuleNotFoundError: No module named 'src'
[2025-10-20T22:58:36.091+0000] {processor.py:841} WARNING - No viable dags retrieved from /opt/airflow/dags/my_dag.py
[2025-10-20T22:58:36.117+0000] {processor.py:179} INFO - Processing /opt/airflow/dags/my_dag.py took 0.044 seconds
[2025-10-20T22:59:06.460+0000] {processor.py:157} INFO - Started process (PID=215) to work on /opt/airflow/dags/my_dag.py
[2025-10-20T22:59:06.462+0000] {processor.py:829} INFO - Processing file /opt/airflow/dags/my_dag.py for tasks to queue
[2025-10-20T22:59:06.463+0000] {logging_mixin.py:154} INFO - [2025-10-20T22:59:06.463+0000] {dagbag.py:536} INFO - Filling up the DagBag from /opt/airflow/dags/my_dag.py
[2025-10-20T22:59:06.468+0000] {logging_mixin.py:154} INFO - [2025-10-20T22:59:06.467+0000] {dagbag.py:346} ERROR - Failed to import: /opt/airflow/dags/my_dag.py
Traceback (most recent call last):
  File "/home/airflow/.local/lib/python3.10/site-packages/airflow/models/dagbag.py", line 342, in parse
    loader.exec_module(new_module)
  File "<frozen importlib._bootstrap_external>", line 883, in exec_module
  File "<frozen importlib._bootstrap>", line 241, in _call_with_frames_removed
  File "/opt/airflow/dags/my_dag.py", line 4, in <module>
    from src.model_development import load_data, data_preprocessing, build_model
ModuleNotFoundError: No module named 'src'
[2025-10-20T22:59:06.468+0000] {processor.py:841} WARNING - No viable dags retrieved from /opt/airflow/dags/my_dag.py
[2025-10-20T22:59:06.495+0000] {processor.py:179} INFO - Processing /opt/airflow/dags/my_dag.py took 0.038 seconds
[2025-10-20T22:59:36.905+0000] {processor.py:157} INFO - Started process (PID=220) to work on /opt/airflow/dags/my_dag.py
[2025-10-20T22:59:36.907+0000] {processor.py:829} INFO - Processing file /opt/airflow/dags/my_dag.py for tasks to queue
[2025-10-20T22:59:36.908+0000] {logging_mixin.py:154} INFO - [2025-10-20T22:59:36.907+0000] {dagbag.py:536} INFO - Filling up the DagBag from /opt/airflow/dags/my_dag.py
[2025-10-20T22:59:36.917+0000] {logging_mixin.py:154} INFO - [2025-10-20T22:59:36.916+0000] {dagbag.py:346} ERROR - Failed to import: /opt/airflow/dags/my_dag.py
Traceback (most recent call last):
  File "/home/airflow/.local/lib/python3.10/site-packages/airflow/models/dagbag.py", line 342, in parse
    loader.exec_module(new_module)
  File "<frozen importlib._bootstrap_external>", line 883, in exec_module
  File "<frozen importlib._bootstrap>", line 241, in _call_with_frames_removed
  File "/opt/airflow/dags/my_dag.py", line 4, in <module>
    from src.model_development import load_data, data_preprocessing, build_model
ModuleNotFoundError: No module named 'src'
[2025-10-20T22:59:36.918+0000] {processor.py:841} WARNING - No viable dags retrieved from /opt/airflow/dags/my_dag.py
[2025-10-20T22:59:36.938+0000] {processor.py:179} INFO - Processing /opt/airflow/dags/my_dag.py took 0.037 seconds
[2025-10-20T23:00:07.267+0000] {processor.py:157} INFO - Started process (PID=225) to work on /opt/airflow/dags/my_dag.py
[2025-10-20T23:00:07.269+0000] {processor.py:829} INFO - Processing file /opt/airflow/dags/my_dag.py for tasks to queue
[2025-10-20T23:00:07.270+0000] {logging_mixin.py:154} INFO - [2025-10-20T23:00:07.270+0000] {dagbag.py:536} INFO - Filling up the DagBag from /opt/airflow/dags/my_dag.py
[2025-10-20T23:00:07.279+0000] {logging_mixin.py:154} INFO - [2025-10-20T23:00:07.277+0000] {dagbag.py:346} ERROR - Failed to import: /opt/airflow/dags/my_dag.py
Traceback (most recent call last):
  File "/home/airflow/.local/lib/python3.10/site-packages/airflow/models/dagbag.py", line 342, in parse
    loader.exec_module(new_module)
  File "<frozen importlib._bootstrap_external>", line 883, in exec_module
  File "<frozen importlib._bootstrap>", line 241, in _call_with_frames_removed
  File "/opt/airflow/dags/my_dag.py", line 4, in <module>
    from src.model_development import load_data, data_preprocessing, build_model
ModuleNotFoundError: No module named 'src'
[2025-10-20T23:00:07.280+0000] {processor.py:841} WARNING - No viable dags retrieved from /opt/airflow/dags/my_dag.py
[2025-10-20T23:00:07.306+0000] {processor.py:179} INFO - Processing /opt/airflow/dags/my_dag.py took 0.044 seconds
[2025-10-20T23:00:37.640+0000] {processor.py:157} INFO - Started process (PID=230) to work on /opt/airflow/dags/my_dag.py
[2025-10-20T23:00:37.643+0000] {processor.py:829} INFO - Processing file /opt/airflow/dags/my_dag.py for tasks to queue
[2025-10-20T23:00:37.644+0000] {logging_mixin.py:154} INFO - [2025-10-20T23:00:37.644+0000] {dagbag.py:536} INFO - Filling up the DagBag from /opt/airflow/dags/my_dag.py
[2025-10-20T23:00:37.652+0000] {logging_mixin.py:154} INFO - [2025-10-20T23:00:37.651+0000] {dagbag.py:346} ERROR - Failed to import: /opt/airflow/dags/my_dag.py
Traceback (most recent call last):
  File "/home/airflow/.local/lib/python3.10/site-packages/airflow/models/dagbag.py", line 342, in parse
    loader.exec_module(new_module)
  File "<frozen importlib._bootstrap_external>", line 883, in exec_module
  File "<frozen importlib._bootstrap>", line 241, in _call_with_frames_removed
  File "/opt/airflow/dags/my_dag.py", line 4, in <module>
    from src.model_development import load_data, data_preprocessing, build_model
ModuleNotFoundError: No module named 'src'
[2025-10-20T23:00:37.652+0000] {processor.py:841} WARNING - No viable dags retrieved from /opt/airflow/dags/my_dag.py
[2025-10-20T23:00:37.673+0000] {processor.py:179} INFO - Processing /opt/airflow/dags/my_dag.py took 0.040 seconds
[2025-10-20T23:01:08.016+0000] {processor.py:157} INFO - Started process (PID=235) to work on /opt/airflow/dags/my_dag.py
[2025-10-20T23:01:08.017+0000] {processor.py:829} INFO - Processing file /opt/airflow/dags/my_dag.py for tasks to queue
[2025-10-20T23:01:08.018+0000] {logging_mixin.py:154} INFO - [2025-10-20T23:01:08.018+0000] {dagbag.py:536} INFO - Filling up the DagBag from /opt/airflow/dags/my_dag.py
[2025-10-20T23:01:08.023+0000] {logging_mixin.py:154} INFO - [2025-10-20T23:01:08.022+0000] {dagbag.py:346} ERROR - Failed to import: /opt/airflow/dags/my_dag.py
Traceback (most recent call last):
  File "/home/airflow/.local/lib/python3.10/site-packages/airflow/models/dagbag.py", line 342, in parse
    loader.exec_module(new_module)
  File "<frozen importlib._bootstrap_external>", line 883, in exec_module
  File "<frozen importlib._bootstrap>", line 241, in _call_with_frames_removed
  File "/opt/airflow/dags/my_dag.py", line 4, in <module>
    from src.model_development import load_data, data_preprocessing, build_model
ModuleNotFoundError: No module named 'src'
[2025-10-20T23:01:08.024+0000] {processor.py:841} WARNING - No viable dags retrieved from /opt/airflow/dags/my_dag.py
[2025-10-20T23:01:08.045+0000] {processor.py:179} INFO - Processing /opt/airflow/dags/my_dag.py took 0.032 seconds
[2025-10-20T23:01:38.361+0000] {processor.py:157} INFO - Started process (PID=240) to work on /opt/airflow/dags/my_dag.py
[2025-10-20T23:01:38.362+0000] {processor.py:829} INFO - Processing file /opt/airflow/dags/my_dag.py for tasks to queue
[2025-10-20T23:01:38.363+0000] {logging_mixin.py:154} INFO - [2025-10-20T23:01:38.363+0000] {dagbag.py:536} INFO - Filling up the DagBag from /opt/airflow/dags/my_dag.py
[2025-10-20T23:01:38.374+0000] {logging_mixin.py:154} INFO - [2025-10-20T23:01:38.372+0000] {dagbag.py:346} ERROR - Failed to import: /opt/airflow/dags/my_dag.py
Traceback (most recent call last):
  File "/home/airflow/.local/lib/python3.10/site-packages/airflow/models/dagbag.py", line 342, in parse
    loader.exec_module(new_module)
  File "<frozen importlib._bootstrap_external>", line 883, in exec_module
  File "<frozen importlib._bootstrap>", line 241, in _call_with_frames_removed
  File "/opt/airflow/dags/my_dag.py", line 4, in <module>
    from src.model_development import load_data, data_preprocessing, build_model
ModuleNotFoundError: No module named 'src'
[2025-10-20T23:01:38.374+0000] {processor.py:841} WARNING - No viable dags retrieved from /opt/airflow/dags/my_dag.py
[2025-10-20T23:01:38.400+0000] {processor.py:179} INFO - Processing /opt/airflow/dags/my_dag.py took 0.045 seconds
[2025-10-20T23:02:08.792+0000] {processor.py:157} INFO - Started process (PID=245) to work on /opt/airflow/dags/my_dag.py
[2025-10-20T23:02:08.794+0000] {processor.py:829} INFO - Processing file /opt/airflow/dags/my_dag.py for tasks to queue
[2025-10-20T23:02:08.799+0000] {logging_mixin.py:154} INFO - [2025-10-20T23:02:08.796+0000] {dagbag.py:536} INFO - Filling up the DagBag from /opt/airflow/dags/my_dag.py
[2025-10-20T23:02:08.807+0000] {logging_mixin.py:154} INFO - [2025-10-20T23:02:08.806+0000] {dagbag.py:346} ERROR - Failed to import: /opt/airflow/dags/my_dag.py
Traceback (most recent call last):
  File "/home/airflow/.local/lib/python3.10/site-packages/airflow/models/dagbag.py", line 342, in parse
    loader.exec_module(new_module)
  File "<frozen importlib._bootstrap_external>", line 883, in exec_module
  File "<frozen importlib._bootstrap>", line 241, in _call_with_frames_removed
  File "/opt/airflow/dags/my_dag.py", line 4, in <module>
    from src.model_development import load_data, data_preprocessing, build_model
ModuleNotFoundError: No module named 'src'
[2025-10-20T23:02:08.807+0000] {processor.py:841} WARNING - No viable dags retrieved from /opt/airflow/dags/my_dag.py
[2025-10-20T23:02:08.848+0000] {processor.py:179} INFO - Processing /opt/airflow/dags/my_dag.py took 0.062 seconds
[2025-10-20T23:02:39.156+0000] {processor.py:157} INFO - Started process (PID=250) to work on /opt/airflow/dags/my_dag.py
[2025-10-20T23:02:39.157+0000] {processor.py:829} INFO - Processing file /opt/airflow/dags/my_dag.py for tasks to queue
[2025-10-20T23:02:39.158+0000] {logging_mixin.py:154} INFO - [2025-10-20T23:02:39.158+0000] {dagbag.py:536} INFO - Filling up the DagBag from /opt/airflow/dags/my_dag.py
[2025-10-20T23:02:39.165+0000] {logging_mixin.py:154} INFO - [2025-10-20T23:02:39.164+0000] {dagbag.py:346} ERROR - Failed to import: /opt/airflow/dags/my_dag.py
Traceback (most recent call last):
  File "/home/airflow/.local/lib/python3.10/site-packages/airflow/models/dagbag.py", line 342, in parse
    loader.exec_module(new_module)
  File "<frozen importlib._bootstrap_external>", line 883, in exec_module
  File "<frozen importlib._bootstrap>", line 241, in _call_with_frames_removed
  File "/opt/airflow/dags/my_dag.py", line 4, in <module>
    from src.model_development import load_data, data_preprocessing, build_model
ModuleNotFoundError: No module named 'src'
[2025-10-20T23:02:39.165+0000] {processor.py:841} WARNING - No viable dags retrieved from /opt/airflow/dags/my_dag.py
[2025-10-20T23:02:39.194+0000] {processor.py:179} INFO - Processing /opt/airflow/dags/my_dag.py took 0.043 seconds
[2025-10-20T23:03:09.734+0000] {processor.py:157} INFO - Started process (PID=255) to work on /opt/airflow/dags/my_dag.py
[2025-10-20T23:03:09.735+0000] {processor.py:829} INFO - Processing file /opt/airflow/dags/my_dag.py for tasks to queue
[2025-10-20T23:03:09.736+0000] {logging_mixin.py:154} INFO - [2025-10-20T23:03:09.736+0000] {dagbag.py:536} INFO - Filling up the DagBag from /opt/airflow/dags/my_dag.py
[2025-10-20T23:03:09.744+0000] {logging_mixin.py:154} INFO - [2025-10-20T23:03:09.741+0000] {dagbag.py:346} ERROR - Failed to import: /opt/airflow/dags/my_dag.py
Traceback (most recent call last):
  File "/home/airflow/.local/lib/python3.10/site-packages/airflow/models/dagbag.py", line 342, in parse
    loader.exec_module(new_module)
  File "<frozen importlib._bootstrap_external>", line 883, in exec_module
  File "<frozen importlib._bootstrap>", line 241, in _call_with_frames_removed
  File "/opt/airflow/dags/my_dag.py", line 4, in <module>
    from src.model_development import load_data, data_preprocessing, build_model
ModuleNotFoundError: No module named 'src'
[2025-10-20T23:03:09.744+0000] {processor.py:841} WARNING - No viable dags retrieved from /opt/airflow/dags/my_dag.py
[2025-10-20T23:03:09.762+0000] {processor.py:179} INFO - Processing /opt/airflow/dags/my_dag.py took 0.032 seconds
[2025-10-20T23:03:40.198+0000] {processor.py:157} INFO - Started process (PID=260) to work on /opt/airflow/dags/my_dag.py
[2025-10-20T23:03:40.200+0000] {processor.py:829} INFO - Processing file /opt/airflow/dags/my_dag.py for tasks to queue
[2025-10-20T23:03:40.201+0000] {logging_mixin.py:154} INFO - [2025-10-20T23:03:40.200+0000] {dagbag.py:536} INFO - Filling up the DagBag from /opt/airflow/dags/my_dag.py
[2025-10-20T23:03:40.209+0000] {logging_mixin.py:154} INFO - [2025-10-20T23:03:40.207+0000] {dagbag.py:346} ERROR - Failed to import: /opt/airflow/dags/my_dag.py
Traceback (most recent call last):
  File "/home/airflow/.local/lib/python3.10/site-packages/airflow/models/dagbag.py", line 342, in parse
    loader.exec_module(new_module)
  File "<frozen importlib._bootstrap_external>", line 883, in exec_module
  File "<frozen importlib._bootstrap>", line 241, in _call_with_frames_removed
  File "/opt/airflow/dags/my_dag.py", line 4, in <module>
    from src.model_development import load_data, data_preprocessing, build_model
ModuleNotFoundError: No module named 'src'
[2025-10-20T23:03:40.209+0000] {processor.py:841} WARNING - No viable dags retrieved from /opt/airflow/dags/my_dag.py
[2025-10-20T23:03:40.233+0000] {processor.py:179} INFO - Processing /opt/airflow/dags/my_dag.py took 0.042 seconds
[2025-10-20T23:04:10.684+0000] {processor.py:157} INFO - Started process (PID=265) to work on /opt/airflow/dags/my_dag.py
[2025-10-20T23:04:10.686+0000] {processor.py:829} INFO - Processing file /opt/airflow/dags/my_dag.py for tasks to queue
[2025-10-20T23:04:10.687+0000] {logging_mixin.py:154} INFO - [2025-10-20T23:04:10.686+0000] {dagbag.py:536} INFO - Filling up the DagBag from /opt/airflow/dags/my_dag.py
[2025-10-20T23:04:10.693+0000] {logging_mixin.py:154} INFO - [2025-10-20T23:04:10.692+0000] {dagbag.py:346} ERROR - Failed to import: /opt/airflow/dags/my_dag.py
Traceback (most recent call last):
  File "/home/airflow/.local/lib/python3.10/site-packages/airflow/models/dagbag.py", line 342, in parse
    loader.exec_module(new_module)
  File "<frozen importlib._bootstrap_external>", line 883, in exec_module
  File "<frozen importlib._bootstrap>", line 241, in _call_with_frames_removed
  File "/opt/airflow/dags/my_dag.py", line 4, in <module>
    from src.model_development import load_data, data_preprocessing, build_model
ModuleNotFoundError: No module named 'src'
[2025-10-20T23:04:10.693+0000] {processor.py:841} WARNING - No viable dags retrieved from /opt/airflow/dags/my_dag.py
[2025-10-20T23:04:10.713+0000] {processor.py:179} INFO - Processing /opt/airflow/dags/my_dag.py took 0.036 seconds
[2025-10-20T23:04:41.165+0000] {processor.py:157} INFO - Started process (PID=270) to work on /opt/airflow/dags/my_dag.py
[2025-10-20T23:04:41.167+0000] {processor.py:829} INFO - Processing file /opt/airflow/dags/my_dag.py for tasks to queue
[2025-10-20T23:04:41.168+0000] {logging_mixin.py:154} INFO - [2025-10-20T23:04:41.167+0000] {dagbag.py:536} INFO - Filling up the DagBag from /opt/airflow/dags/my_dag.py
[2025-10-20T23:04:41.175+0000] {logging_mixin.py:154} INFO - [2025-10-20T23:04:41.173+0000] {dagbag.py:346} ERROR - Failed to import: /opt/airflow/dags/my_dag.py
Traceback (most recent call last):
  File "/home/airflow/.local/lib/python3.10/site-packages/airflow/models/dagbag.py", line 342, in parse
    loader.exec_module(new_module)
  File "<frozen importlib._bootstrap_external>", line 883, in exec_module
  File "<frozen importlib._bootstrap>", line 241, in _call_with_frames_removed
  File "/opt/airflow/dags/my_dag.py", line 4, in <module>
    from src.model_development import load_data, data_preprocessing, build_model
ModuleNotFoundError: No module named 'src'
[2025-10-20T23:04:41.175+0000] {processor.py:841} WARNING - No viable dags retrieved from /opt/airflow/dags/my_dag.py
[2025-10-20T23:04:41.203+0000] {processor.py:179} INFO - Processing /opt/airflow/dags/my_dag.py took 0.045 seconds
[2025-10-20T23:05:11.510+0000] {processor.py:157} INFO - Started process (PID=275) to work on /opt/airflow/dags/my_dag.py
[2025-10-20T23:05:11.512+0000] {processor.py:829} INFO - Processing file /opt/airflow/dags/my_dag.py for tasks to queue
[2025-10-20T23:05:11.514+0000] {logging_mixin.py:154} INFO - [2025-10-20T23:05:11.513+0000] {dagbag.py:536} INFO - Filling up the DagBag from /opt/airflow/dags/my_dag.py
[2025-10-20T23:05:11.527+0000] {logging_mixin.py:154} INFO - [2025-10-20T23:05:11.521+0000] {dagbag.py:346} ERROR - Failed to import: /opt/airflow/dags/my_dag.py
Traceback (most recent call last):
  File "/home/airflow/.local/lib/python3.10/site-packages/airflow/models/dagbag.py", line 342, in parse
    loader.exec_module(new_module)
  File "<frozen importlib._bootstrap_external>", line 883, in exec_module
  File "<frozen importlib._bootstrap>", line 241, in _call_with_frames_removed
  File "/opt/airflow/dags/my_dag.py", line 4, in <module>
    from src.model_development import load_data, data_preprocessing, build_model
ModuleNotFoundError: No module named 'src'
[2025-10-20T23:05:11.528+0000] {processor.py:841} WARNING - No viable dags retrieved from /opt/airflow/dags/my_dag.py
[2025-10-20T23:05:11.548+0000] {processor.py:179} INFO - Processing /opt/airflow/dags/my_dag.py took 0.044 seconds
[2025-10-20T23:05:41.965+0000] {processor.py:157} INFO - Started process (PID=280) to work on /opt/airflow/dags/my_dag.py
[2025-10-20T23:05:41.967+0000] {processor.py:829} INFO - Processing file /opt/airflow/dags/my_dag.py for tasks to queue
[2025-10-20T23:05:41.968+0000] {logging_mixin.py:154} INFO - [2025-10-20T23:05:41.968+0000] {dagbag.py:536} INFO - Filling up the DagBag from /opt/airflow/dags/my_dag.py
[2025-10-20T23:05:41.974+0000] {logging_mixin.py:154} INFO - [2025-10-20T23:05:41.973+0000] {dagbag.py:346} ERROR - Failed to import: /opt/airflow/dags/my_dag.py
Traceback (most recent call last):
  File "/home/airflow/.local/lib/python3.10/site-packages/airflow/models/dagbag.py", line 342, in parse
    loader.exec_module(new_module)
  File "<frozen importlib._bootstrap_external>", line 883, in exec_module
  File "<frozen importlib._bootstrap>", line 241, in _call_with_frames_removed
  File "/opt/airflow/dags/my_dag.py", line 4, in <module>
    from src.model_development import load_data, data_preprocessing, build_model
ModuleNotFoundError: No module named 'src'
[2025-10-20T23:05:41.975+0000] {processor.py:841} WARNING - No viable dags retrieved from /opt/airflow/dags/my_dag.py
[2025-10-20T23:05:41.996+0000] {processor.py:179} INFO - Processing /opt/airflow/dags/my_dag.py took 0.036 seconds
[2025-10-20T23:06:12.350+0000] {processor.py:157} INFO - Started process (PID=285) to work on /opt/airflow/dags/my_dag.py
[2025-10-20T23:06:12.353+0000] {processor.py:829} INFO - Processing file /opt/airflow/dags/my_dag.py for tasks to queue
[2025-10-20T23:06:12.354+0000] {logging_mixin.py:154} INFO - [2025-10-20T23:06:12.353+0000] {dagbag.py:536} INFO - Filling up the DagBag from /opt/airflow/dags/my_dag.py
[2025-10-20T23:06:12.360+0000] {logging_mixin.py:154} INFO - [2025-10-20T23:06:12.359+0000] {dagbag.py:346} ERROR - Failed to import: /opt/airflow/dags/my_dag.py
Traceback (most recent call last):
  File "/home/airflow/.local/lib/python3.10/site-packages/airflow/models/dagbag.py", line 342, in parse
    loader.exec_module(new_module)
  File "<frozen importlib._bootstrap_external>", line 883, in exec_module
  File "<frozen importlib._bootstrap>", line 241, in _call_with_frames_removed
  File "/opt/airflow/dags/my_dag.py", line 4, in <module>
    from src.model_development import load_data, data_preprocessing, build_model
ModuleNotFoundError: No module named 'src'
[2025-10-20T23:06:12.360+0000] {processor.py:841} WARNING - No viable dags retrieved from /opt/airflow/dags/my_dag.py
[2025-10-20T23:06:12.380+0000] {processor.py:179} INFO - Processing /opt/airflow/dags/my_dag.py took 0.034 seconds
[2025-10-20T23:06:42.773+0000] {processor.py:157} INFO - Started process (PID=290) to work on /opt/airflow/dags/my_dag.py
[2025-10-20T23:06:42.775+0000] {processor.py:829} INFO - Processing file /opt/airflow/dags/my_dag.py for tasks to queue
[2025-10-20T23:06:42.776+0000] {logging_mixin.py:154} INFO - [2025-10-20T23:06:42.776+0000] {dagbag.py:536} INFO - Filling up the DagBag from /opt/airflow/dags/my_dag.py
[2025-10-20T23:06:42.782+0000] {logging_mixin.py:154} INFO - [2025-10-20T23:06:42.781+0000] {dagbag.py:346} ERROR - Failed to import: /opt/airflow/dags/my_dag.py
Traceback (most recent call last):
  File "/home/airflow/.local/lib/python3.10/site-packages/airflow/models/dagbag.py", line 342, in parse
    loader.exec_module(new_module)
  File "<frozen importlib._bootstrap_external>", line 883, in exec_module
  File "<frozen importlib._bootstrap>", line 241, in _call_with_frames_removed
  File "/opt/airflow/dags/my_dag.py", line 4, in <module>
    from src.model_development import load_data, data_preprocessing, build_model
ModuleNotFoundError: No module named 'src'
[2025-10-20T23:06:42.782+0000] {processor.py:841} WARNING - No viable dags retrieved from /opt/airflow/dags/my_dag.py
[2025-10-20T23:06:42.804+0000] {processor.py:179} INFO - Processing /opt/airflow/dags/my_dag.py took 0.035 seconds
[2025-10-20T23:07:13.180+0000] {processor.py:157} INFO - Started process (PID=295) to work on /opt/airflow/dags/my_dag.py
[2025-10-20T23:07:13.181+0000] {processor.py:829} INFO - Processing file /opt/airflow/dags/my_dag.py for tasks to queue
[2025-10-20T23:07:13.182+0000] {logging_mixin.py:154} INFO - [2025-10-20T23:07:13.182+0000] {dagbag.py:536} INFO - Filling up the DagBag from /opt/airflow/dags/my_dag.py
[2025-10-20T23:07:13.193+0000] {logging_mixin.py:154} INFO - [2025-10-20T23:07:13.191+0000] {dagbag.py:346} ERROR - Failed to import: /opt/airflow/dags/my_dag.py
Traceback (most recent call last):
  File "/home/airflow/.local/lib/python3.10/site-packages/airflow/models/dagbag.py", line 342, in parse
    loader.exec_module(new_module)
  File "<frozen importlib._bootstrap_external>", line 883, in exec_module
  File "<frozen importlib._bootstrap>", line 241, in _call_with_frames_removed
  File "/opt/airflow/dags/my_dag.py", line 4, in <module>
    from src.model_development import load_data, data_preprocessing, build_model
ModuleNotFoundError: No module named 'src'
[2025-10-20T23:07:13.194+0000] {processor.py:841} WARNING - No viable dags retrieved from /opt/airflow/dags/my_dag.py
[2025-10-20T23:07:13.213+0000] {processor.py:179} INFO - Processing /opt/airflow/dags/my_dag.py took 0.038 seconds
[2025-10-20T23:07:43.625+0000] {processor.py:157} INFO - Started process (PID=300) to work on /opt/airflow/dags/my_dag.py
[2025-10-20T23:07:43.626+0000] {processor.py:829} INFO - Processing file /opt/airflow/dags/my_dag.py for tasks to queue
[2025-10-20T23:07:43.628+0000] {logging_mixin.py:154} INFO - [2025-10-20T23:07:43.627+0000] {dagbag.py:536} INFO - Filling up the DagBag from /opt/airflow/dags/my_dag.py
[2025-10-20T23:07:43.635+0000] {logging_mixin.py:154} INFO - [2025-10-20T23:07:43.633+0000] {dagbag.py:346} ERROR - Failed to import: /opt/airflow/dags/my_dag.py
Traceback (most recent call last):
  File "/home/airflow/.local/lib/python3.10/site-packages/airflow/models/dagbag.py", line 342, in parse
    loader.exec_module(new_module)
  File "<frozen importlib._bootstrap_external>", line 883, in exec_module
  File "<frozen importlib._bootstrap>", line 241, in _call_with_frames_removed
  File "/opt/airflow/dags/my_dag.py", line 4, in <module>
    from src.model_development import load_data, data_preprocessing, build_model
ModuleNotFoundError: No module named 'src'
[2025-10-20T23:07:43.635+0000] {processor.py:841} WARNING - No viable dags retrieved from /opt/airflow/dags/my_dag.py
[2025-10-20T23:07:43.658+0000] {processor.py:179} INFO - Processing /opt/airflow/dags/my_dag.py took 0.041 seconds
[2025-10-20T23:08:13.991+0000] {processor.py:157} INFO - Started process (PID=305) to work on /opt/airflow/dags/my_dag.py
[2025-10-20T23:08:13.992+0000] {processor.py:829} INFO - Processing file /opt/airflow/dags/my_dag.py for tasks to queue
[2025-10-20T23:08:13.993+0000] {logging_mixin.py:154} INFO - [2025-10-20T23:08:13.993+0000] {dagbag.py:536} INFO - Filling up the DagBag from /opt/airflow/dags/my_dag.py
[2025-10-20T23:08:13.998+0000] {logging_mixin.py:154} INFO - [2025-10-20T23:08:13.997+0000] {dagbag.py:346} ERROR - Failed to import: /opt/airflow/dags/my_dag.py
Traceback (most recent call last):
  File "/home/airflow/.local/lib/python3.10/site-packages/airflow/models/dagbag.py", line 342, in parse
    loader.exec_module(new_module)
  File "<frozen importlib._bootstrap_external>", line 883, in exec_module
  File "<frozen importlib._bootstrap>", line 241, in _call_with_frames_removed
  File "/opt/airflow/dags/my_dag.py", line 4, in <module>
    from src.model_development import load_data, data_preprocessing, build_model
ModuleNotFoundError: No module named 'src'
[2025-10-20T23:08:13.998+0000] {processor.py:841} WARNING - No viable dags retrieved from /opt/airflow/dags/my_dag.py
[2025-10-20T23:08:14.012+0000] {processor.py:179} INFO - Processing /opt/airflow/dags/my_dag.py took 0.027 seconds
